Component: ARM Compiler 5.06 update 4 (build 422) Tool: armlink [4d35d2]

==============================================================================

Section Cross References

    analogin_api.o(i.analogin_init) refers to mbed_pinmap_common.o(i.pinmap_peripheral) for pinmap_peripheral
    analogin_api.o(i.analogin_init) refers to mbed_assert.o(i.mbed_assert_internal) for mbed_assert_internal
    analogin_api.o(i.analogin_init) refers to mbed_pinmap_common.o(i.pinmap_pinout) for pinmap_pinout
    analogin_api.o(i.analogin_init) refers to analogin_api.o(.constdata) for .constdata
    analogin_api.o(i.analogin_init) refers to analogin_api.o(.conststring) for .conststring
    analogin_api.o(i.analogin_init) refers to system_LPC17xx.o(.data) for SystemCoreClock
    analogin_api.o(i.analogin_read) refers to fflt_clz.o(x$fpl$ffltu) for __aeabi_ui2f
    analogin_api.o(i.analogin_read) refers to fmul.o(x$fpl$fmul) for __aeabi_fmul
    analogout_api.o(i.analogout_init) refers to mbed_pinmap_common.o(i.pinmap_peripheral) for pinmap_peripheral
    analogout_api.o(i.analogout_init) refers to mbed_assert.o(i.mbed_assert_internal) for mbed_assert_internal
    analogout_api.o(i.analogout_init) refers to mbed_pinmap_common.o(i.pinmap_pinout) for pinmap_pinout
    analogout_api.o(i.analogout_init) refers to analogout_api.o(.constdata) for .constdata
    analogout_api.o(i.analogout_init) refers to analogout_api.o(.conststring) for .conststring
    analogout_api.o(i.analogout_read) refers to fflt_clz.o(x$fpl$ffltu) for __aeabi_ui2f
    analogout_api.o(i.analogout_read) refers to fmul.o(x$fpl$fmul) for __aeabi_fmul
    analogout_api.o(i.analogout_write) refers to fmul.o(x$fpl$fmul) for __aeabi_fmul
    analogout_api.o(i.analogout_write) refers to ffix.o(x$fpl$ffix) for __aeabi_f2iz
    can_api.o(i.can_frequency) refers to system_LPC17xx.o(.data) for SystemCoreClock
    can_api.o(i.can_frequency) refers to can_api.o(.constdata) for .constdata
    can_api.o(i.can_init) refers to mbed_pinmap_common.o(i.pinmap_peripheral) for pinmap_peripheral
    can_api.o(i.can_init) refers to mbed_pinmap_common.o(i.pinmap_merge) for pinmap_merge
    can_api.o(i.can_init) refers to mbed_assert.o(i.mbed_assert_internal) for mbed_assert_internal
    can_api.o(i.can_init) refers to mbed_pinmap_common.o(i.pinmap_pinout) for pinmap_pinout
    can_api.o(i.can_init) refers to can_api.o(i.can_frequency) for can_frequency
    can_api.o(i.can_init) refers to can_api.o(.constdata) for .constdata
    can_api.o(i.can_init) refers to can_api.o(.conststring) for .conststring
    can_api.o(i.can_irq) refers to can_api.o(.data) for .data
    can_api.o(i.can_irq_free) refers to can_api.o(.data) for .data
    can_api.o(i.can_irq_init) refers to can_api.o(.data) for .data
    can_api.o(i.can_irq_n) refers to can_api.o(i.can_irq) for can_irq
    can_api.o(i.can_irq_set) refers to cmsis_nvic.o(i.__NVIC_SetVector) for __NVIC_SetVector
    can_api.o(i.can_irq_set) refers to can_api.o(i.can_irq_n) for can_irq_n
    can_api.o(i.can_read) refers to rt_memcpy_w.o(.text) for __aeabi_memcpy4
    can_api.o(i.can_write) refers to rt_memcpy_w.o(.text) for __aeabi_memcpy4
    cmsis_nvic.o(i.__NVIC_SetVector) refers to rt_memcpy_w.o(.text) for __aeabi_memcpy4
    ethernet_api.o(i.ethernet_address) refers to mbed_interface.o(i.mbed_mac_address) for mbed_mac_address
    ethernet_api.o(i.ethernet_init) refers to ethernet_api.o(i.phy_read) for phy_read
    ethernet_api.o(i.ethernet_init) refers to mbed_error.o(i.error) for error
    ethernet_api.o(i.ethernet_init) refers to ethernet_api.o(i.ethernet_set_link) for ethernet_set_link
    ethernet_api.o(i.ethernet_init) refers to mbed_interface.o(i.mbed_mac_address) for mbed_mac_address
    ethernet_api.o(i.ethernet_init) refers to system_LPC17xx.o(.data) for SystemCoreClock
    ethernet_api.o(i.ethernet_init) refers to ethernet_api.o(.data) for .data
    ethernet_api.o(i.ethernet_init) refers to ethernet_api.o(AHBSRAM1) for AHBSRAM1
    ethernet_api.o(i.ethernet_link) refers to ethernet_api.o(i.phy_read) for phy_read
    ethernet_api.o(i.ethernet_link) refers to ethernet_api.o(.data) for .data
    ethernet_api.o(i.ethernet_read) refers to rt_memcpy_v6.o(.text) for __aeabi_memcpy
    ethernet_api.o(i.ethernet_read) refers to ethernet_api.o(.data) for .data
    ethernet_api.o(i.ethernet_read) refers to ethernet_api.o(AHBSRAM1) for AHBSRAM1
    ethernet_api.o(i.ethernet_receive) refers to ethernet_api.o(.data) for .data
    ethernet_api.o(i.ethernet_receive) refers to ethernet_api.o(AHBSRAM1) for AHBSRAM1
    ethernet_api.o(i.ethernet_send) refers to ethernet_api.o(.data) for .data
    ethernet_api.o(i.ethernet_send) refers to ethernet_api.o(AHBSRAM1) for AHBSRAM1
    ethernet_api.o(i.ethernet_set_link) refers to ethernet_api.o(i.phy_read) for phy_read
    ethernet_api.o(i.ethernet_set_link) refers to ethernet_api.o(.data) for .data
    ethernet_api.o(i.ethernet_write) refers to rt_memcpy_v6.o(.text) for __aeabi_memcpy
[...]
    mbed::DigitalOut::DigitalOut__sub_object(PinName) 0x00004749   Thumb Code     0  main.o(i._ZN4mbed10DigitalOutC1E7PinName)
    mbed::DigitalOut::operator =(int)        0x00004763   Thumb Code    18  arm.o(i._ZN4mbed10DigitalOutaSEi)
    mbed::DigitalOut::operator int()         0x00004775   Thumb Code    50  radio.o(i._ZN4mbed10DigitalOutcviEv)
    mbed::FileHandle::flen()                 0x000047fd   Thumb Code    82  retarget.o(i._ZN4mbed10FileHandle4flenEv)
    mbed::FileHandle::lock()                 0x0000484f   Thumb Code     2  retarget.o(i._ZN4mbed10FileHandle4lockEv)
    mbed::FileHandle::unlock()               0x00004851   Thumb Code     2  retarget.o(i._ZN4mbed10FileHandle6unlockEv)
    mbed::FileHandle::~FileHandle()          0x00004855   Thumb Code     0  retarget.o(i._ZN4mbed10FileHandleD2Ev)
    mbed::FileHandle::~FileHandle__sub_object() 0x00004855   Thumb Code    96  retarget.o(i._ZN4mbed10FileHandleD2Ev)
    mbed::SerialBase::_base_getc()           0x000048c9   Thumb Code     6  SerialBase.o(i._ZN4mbed10SerialBase10_base_getcEv)
    mbed::SerialBase::_base_putc(int)        0x000048cf   Thumb Code    14  SerialBase.o(i._ZN4mbed10SerialBase10_base_putcEi)
    mbed::SerialBase::_irq_handler(unsigned, SerialIrq) 0x000048dd   Thumb Code    38  SerialBase.o(i._ZN4mbed10SerialBase12_irq_handlerEj9SerialIrq)
    mbed::SerialBase::lock()                 0x0000490d   Thumb Code     2  SerialBase.o(i._ZN4mbed10SerialBase4lockEv)
    mbed::SerialBase::unlock()               0x0000490f   Thumb Code     2  SerialBase.o(i._ZN4mbed10SerialBase6unlockEv)
    mbed::SerialBase::readable()             0x00004911   Thumb Code    32  SerialBase.o(i._ZN4mbed10SerialBase8readableEv)
    mbed::SerialBase::writeable()            0x00004931   Thumb Code    32  SerialBase.o(i._ZN4mbed10SerialBase9writeableEv)
    mbed::SerialBase::SerialBase(PinName, PinName, int) 0x00004951   Thumb Code   116  SerialBase.o(i._ZN4mbed10SerialBaseC1E7PinNameS1_i)
    mbed::SerialBase::SerialBase__sub_object(PinName, PinName, int) 0x00004951   Thumb Code     0  SerialBase.o(i._ZN4mbed10SerialBaseC1E7PinNameS1_i)
    mbed::InterruptIn::enable_irq()          0x000049d9   Thumb Code    24  InterruptIn.o(i._ZN4mbed11InterruptIn10enable_irqEv)
    mbed::InterruptIn::disable_irq()         0x000049f1   Thumb Code    24  InterruptIn.o(i._ZN4mbed11InterruptIn11disable_irqEv)
    mbed::InterruptIn::_irq_handler(unsigned, gpio_irq_event) 0x00004a09   Thumb Code    62  InterruptIn.o(i._ZN4mbed11InterruptIn12_irq_handlerEj14gpio_irq_event)
    mbed::InterruptIn::rise(mbed::Callback<void()>) 0x00004a51   Thumb Code   104  InterruptIn.o(i._ZN4mbed11InterruptIn4riseENS_8CallbackIFvvEEE)
    mbed::InterruptIn::InterruptIn(PinName)  0x00004ac1   Thumb Code    86  InterruptIn.o(i._ZN4mbed11InterruptInC1E7PinName)
    mbed::InterruptIn::InterruptIn__sub_object(PinName) 0x00004ac1   Thumb Code     0  InterruptIn.o(i._ZN4mbed11InterruptInC1E7PinName)
    mbed::InterruptIn::~InterruptIn()        0x00004b29   Thumb Code    48  InterruptIn.o(i._ZN4mbed11InterruptInD1Ev)
    mbed::InterruptIn::~InterruptIn__sub_object() 0x00004b29   Thumb Code     0  InterruptIn.o(i._ZN4mbed11InterruptInD1Ev)
    mbed::mbed_set_unbuffered_stream(std::__FILE*) 0x00004b5d   Thumb Code     6  retarget.o(i._ZN4mbed26mbed_set_unbuffered_streamEPSt6__FILE)
    mbed::BusOut::lock()                     0x00004b63   Thumb Code     2  BusOut.o(i._ZN4mbed6BusOut4lockEv)
    mbed::BusOut::write(int)                 0x00004b65   Thumb Code    84  BusOut.o(i._ZN4mbed6BusOut5writeEi)
    mbed::BusOut::unlock()                   0x00004bd5   Thumb Code     2  BusOut.o(i._ZN4mbed6BusOut6unlockEv)
    mbed::BusOut::BusOut(PinName, PinName, PinName, PinName, PinName, PinName, PinName, PinName, PinName, PinName, PinName, PinName, PinName, PinName, PinName, PinName) 0x00004bd9   Thumb Code   182  BusOut.o(i._ZN4mbed6BusOutC1E7PinNameS1_S1_S1_S1_S1_S1_S1_S1_S1_S1_S1_S1_S1_S1_S1_)
    mbed::BusOut::BusOut__sub_object(PinName, PinName, PinName, PinName, PinName, PinName, PinName, PinName, PinName, PinName, PinName, PinName, PinName, PinName, PinName, PinName) 0x00004bd9   Thumb Code     0  BusOut.o(i._ZN4mbed6BusOutC1E7PinNameS1_S1_S1_S1_S1_S1_S1_S1_S1_S1_S1_S1_S1_S1_S1_)
    mbed::BusOut::~BusOut()                  0x00004c95   Thumb Code    36  BusOut.o(i._ZN4mbed6BusOutD1Ev)
    mbed::BusOut::~BusOut__sub_object()      0x00004c95   Thumb Code     0  BusOut.o(i._ZN4mbed6BusOutD1Ev)
    mbed::BusOut::operator =(int)            0x00004cbd   Thumb Code    88  BusOut.o(i._ZN4mbed6BusOutaSEi)
    mbed::PwmOut::period(float)              0x00004d1d   Thumb Code    24  arm.o(i._ZN4mbed6PwmOut6periodEf)
    mbed::PwmOut::PwmOut(PinName)            0x00004d35   Thumb Code    26  arm.o(i._ZN4mbed6PwmOutC1E7PinName)
    mbed::PwmOut::PwmOut__sub_object(PinName) 0x00004d35   Thumb Code     0  arm.o(i._ZN4mbed6PwmOutC1E7PinName)
    mbed::PwmOut::operator =(float)          0x00004d4f   Thumb Code    30  arm.o(i._ZN4mbed6PwmOutaSEf)
    mbed::Serial::lock()                     0x00004d6d   Thumb Code     2  Serial.o(i._ZN4mbed6Serial4lockEv)
    mbed::Serial::unlock()                   0x00004d6f   Thumb Code     2  Serial.o(i._ZN4mbed6Serial6unlockEv)
    mbed::Serial::Serial(PinName, PinName, int) 0x00004d71   Thumb Code    30  Serial.o(i._ZN4mbed6SerialC1E7PinNameS1_i)
    mbed::Serial::Serial__sub_object(PinName, PinName, int) 0x00004d71   Thumb Code     0  Serial.o(i._ZN4mbed6SerialC1E7PinNameS1_i)
    mbed::Serial::~Serial()                  0x00004d95   Thumb Code    46  Serial.o(i._ZN4mbed6SerialD1Ev)
    mbed::Serial::~Serial__sub_object()      0x00004d95   Thumb Code     0  Serial.o(i._ZN4mbed6SerialD1Ev)
    mbed::Stream::flen()                     0x00004dd1   Thumb Code     4  Stream.o(i._ZN4mbed6Stream4flenEv)
    mbed::Stream::read(void*, unsigned)      0x00004dd5   Thumb Code    60  Stream.o(i._ZN4mbed6Stream4readEPvj)
    mbed::Stream::close()                    0x00004e11   Thumb Code     4  Stream.o(i._ZN4mbed6Stream5closeEv)
    mbed::Stream::lseek(long, int)           0x00004e15   Thumb Code     4  Stream.o(i._ZN4mbed6Stream5lseekEli)
    mbed::Stream::scanf(const char*, ...)    0x00004e19   Thumb Code    50  Stream.o(i._ZN4mbed6Stream5scanfEPKcz)
    mbed::Stream::write(const void*, unsigned) 0x00004e4b   Thumb Code    60  Stream.o(i._ZN4mbed6Stream5writeEPKvj)
    mbed::Stream::isatty()                   0x00004e87   Thumb Code     4  Stream.o(i._ZN4mbed6Stream6isattyEv)
    mbed::Stream::printf(const char*, ...)   0x00004e8b   Thumb Code    50  Stream.o(i._ZN4mbed6Stream6printfEPKcz)
    mbed::Stream::Stream__sub_object(const char*) 0x00004ebd   Thumb Code    52  Stream.o(i._ZN4mbed6StreamC2EPKc)
    mbed::Stream::~Stream()                  0x00004efd   Thumb Code     0  Stream.o(i._ZN4mbed6StreamD2Ev)
    mbed::Stream::~Stream__sub_object()      0x00004efd   Thumb Code    28  Stream.o(i._ZN4mbed6StreamD2Ev)
    mbed::FileBase::getPathType()            0x00004f1d   Thumb Code     4  FileBase.o(i._ZN4mbed8FileBase11getPathTypeEv)
    mbed::FileBase::lookup(const char*, unsigned) 0x00004f21   Thumb Code    90  FileBase.o(i._ZN4mbed8FileBase6lookupEPKcj)
    mbed::FileBase::FileBase(const char*, mbed::PathType) 0x00004f8d   Thumb Code    50  FileBase.o(i._ZN4mbed8FileBaseC1EPKcNS_8PathTypeE)
    mbed::FileBase::FileBase__sub_object(const char*, mbed::PathType) 0x00004f8d   Thumb Code     0  FileBase.o(i._ZN4mbed8FileBaseC1EPKcNS_8PathTypeE)
    mbed::FileBase::~FileBase()              0x00004fcd   Thumb Code    60  FileBase.o(i._ZN4mbed8FileBaseD1Ev)
    mbed::FileBase::~FileBase__sub_object()  0x00004fcd   Thumb Code     0  FileBase.o(i._ZN4mbed8FileBaseD1Ev)
    mbed::FileLike::FileLike__sub_object(const char*) 0x00005015   Thumb Code    26  FileLike.o(i._ZN4mbed8FileLikeC2EPKc)
    mbed::FileLike::~FileLike()              0x00005039   Thumb Code     0  FileLike.o(i._ZN4mbed8FileLikeD2Ev)
    mbed::FileLike::~FileLike__sub_object()  0x00005039   Thumb Code    18  FileLike.o(i._ZN4mbed8FileLikeD2Ev)
    mbed::FilePath::fileSystem()             0x0000504b   Thumb Code    24  FilePath.o(i._ZN4mbed8FilePath10fileSystemEv)
    mbed::FilePath::file()                   0x00005063   Thumb Code    28  FilePath.o(i._ZN4mbed8FilePath4fileEv)
    mbed::FilePath::exists()                 0x0000507f   Thumb Code    10  FilePath.o(i._ZN4mbed8FilePath6existsEv)
    mbed::FilePath::isFile()                 0x00005089   Thumb Code    24  FilePath.o(i._ZN4mbed8FilePath6isFileEv)
    mbed::FilePath::fileName()               0x000050a1   Thumb Code     4  FilePath.o(i._ZN4mbed8FilePath8fileNameEv)
    mbed::FilePath::FilePath(const char*)    0x000050a5   Thumb Code    64  FilePath.o(i._ZN4mbed8FilePathC1EPKc)
    mbed::FilePath::FilePath__sub_object(const char*) 0x000050a5   Thumb Code     0  FilePath.o(i._ZN4mbed8FilePathC1EPKc)
    thunk{-48} to mbed::Serial::lock()       0x000050e9   Thumb Code     2  Serial.o(i._ZThn48_N4mbed6Serial4lockEv)
    thunk{-48} to mbed::Serial::_getc()      0x000050eb   Thumb Code     6  Serial.o(i._ZThn48_N4mbed6Serial5_getcEv)
    thunk{-48} to mbed::Serial::_putc(int)   0x000050f1   Thumb Code     6  Serial.o(i._ZThn48_N4mbed6Serial5_putcEi)
    thunk{-48} to mbed::Serial::unlock()     0x000050f7   Thumb Code     2  Serial.o(i._ZThn48_N4mbed6Serial6unlockEv)
    operator delete (void*)                  0x000050f9   Thumb Code    10  retarget.o(i._ZdlPv)
    operator new(unsigned)                   0x00005105   Thumb Code    20  retarget.o(i._Znwj)
    __ARM_fpclassify                         0x00005139   Thumb Code    40  fpclassify.o(i.__ARM_fpclassify)
    __NVIC_SetVector                         0x00005161   Thumb Code    46  cmsis_nvic.o(i.__NVIC_SetVector)
    __aeabi_atexit                           0x00005195   Thumb Code     4  retarget.o(i.__aeabi_atexit)
    __aeabi_vec_ctor_nocookie_nodtor         0x00005199   Thumb Code    36  aeabi_vec_ctor_nocookie_nodtor.o(i.__aeabi_vec_ctor_nocookie_nodtor)
    __cxa_pure_virtual                       0x000051bd   Thumb Code     6  pure_virt.o(i.__cxa_pure_virtual)
    __mathlib_dbl_overflow                   0x000051c3   Thumb Code    14  dunder.o(i.__mathlib_dbl_overflow)
    __mathlib_dbl_underflow                  0x000051d1   Thumb Code    10  dunder.o(i.__mathlib_dbl_underflow)
    __mathlib_narrow                         0x000051e1   Thumb Code    16  narrow.o(i.__mathlib_narrow)
    __mathlib_tofloat                        0x000051f1   Thumb Code   132  narrow.o(i.__mathlib_tofloat)
    __support_ldexp                          0x000053dd   Thumb Code    22  ldexp.o(i.__support_ldexp)
    __user_setup_stackheap                   0x000053f5   Thumb Code    10  sys.o(i.__user_setup_stackheap)
    _is_digit                                0x00005405   Thumb Code    14  __printf_wp.o(i._is_digit)
    _platform_post_stackheap_init            0x00005413   Thumb Code     8  retarget.o(i._platform_post_stackheap_init)
    _sys_close                               0x0000541d   Thumb Code    40  retarget.o(i._sys_close)
    _sys_flen                                0x00005449   Thumb Code    34  retarget.o(i._sys_flen)
    _sys_istty                               0x00005471   Thumb Code    34  retarget.o(i._sys_istty)
    _sys_open                                0x00005499   Thumb Code   440  retarget.o(i._sys_open)
    _sys_read                                0x0000567d   Thumb Code    80  retarget.o(i._sys_read)
    _sys_seek                                0x000056dd   Thumb Code    36  retarget.o(i._sys_seek)
    _sys_write                               0x00005705   Thumb Code    92  retarget.o(i._sys_write)
    core_util_critical_section_enter         0x00005771   Thumb Code    70  mbed_critical.o(i.core_util_critical_section_enter)
    core_util_critical_section_exit          0x000057fd   Thumb Code    60  mbed_critical.o(i.core_util_critical_section_exit)
    error                                    0x00005855   Thumb Code    18  mbed_error.o(i.error)
    exit                                     0x00005869   Thumb Code    36  retarget.o(i.exit)
    fgetc                                    0x00005895   Thumb Code    24  fgetc.o(i.fgetc)
    fputc                                    0x000058ad   Thumb Code    26  fputc.o(i.fputc)
    frexp                                    0x000058c9   Thumb Code    80  frexp.o(i.frexp)
    gpio_dir                                 0x00005921   Thumb Code    54  gpio_api.o(i.gpio_dir)
    gpio_init                                0x00005975   Thumb Code    58  gpio_api.o(i.gpio_init)
    gpio_init_in                             0x000059af   Thumb Code    40  mbed_gpio.o(i.gpio_init_in)
    gpio_init_out                            0x000059d9   Thumb Code    64  mbed_gpio.o(i.gpio_init_out)
    gpio_init_out_ex                         0x00005a21   Thumb Code    76  mbed_gpio.o(i.gpio_init_out_ex)
    gpio_irq_disable                         0x00005a89   Thumb Code    22  gpio_irq_api.o(i.gpio_irq_disable)
    gpio_irq_enable                          0x00005a9f   Thumb Code    14  gpio_irq_api.o(i.gpio_irq_enable)
    gpio_irq_free                            0x00005aad   Thumb Code    12  gpio_irq_api.o(i.gpio_irq_free)
    gpio_irq_init                            0x00005abd   Thumb Code    92  gpio_irq_api.o(i.gpio_irq_init)
    gpio_irq_set                             0x00005b5d   Thumb Code   196  gpio_irq_api.o(i.gpio_irq_set)
    gpio_mode                                0x00005c25   Thumb Code     6  gpio_api.o(i.gpio_mode)
    ldexp                                    0x00005d1d   Thumb Code   116  ldexp.o(i.ldexp)
    $Super$$main                             0x00005d91   Thumb Code    94  main.o(i.main)
    mbed_assert_internal                     0x00005e11   Thumb Code    32  mbed_assert.o(i.mbed_assert_internal)
    mbed_die                                 0x00005e65   Thumb Code   244  mbed_board.o(i.mbed_die)
    mbed_error_printf                        0x00005f85   Thumb Code    74  mbed_board.o(i.mbed_error_printf)
    mbed_error_vfprintf                      0x00005fdd   Thumb Code    68  mbed_board.o(i.mbed_error_vfprintf)
    mbed_interface_connected                 0x0000602d   Thumb Code     4  mbed_interface.o(i.mbed_interface_connected)
    mbed_main                                0x00006031   Thumb Code     2  retarget.o(i.mbed_main)
    mbed_sdk_init                            0x00006033   Thumb Code     2  retarget.o(i.mbed_sdk_init)
    pin_function                             0x00006035   Thumb Code    68  pinmap.o(i.pin_function)
    pin_mode                                 0x00006091   Thumb Code   120  pinmap.o(i.pin_mode)
    pinmap_find_peripheral                   0x00006121   Thumb Code    34  mbed_pinmap_common.o(i.pinmap_find_peripheral)
    pinmap_merge                             0x00006145   Thumb Code    38  mbed_pinmap_common.o(i.pinmap_merge)
    pinmap_peripheral                        0x00006181   Thumb Code    58  mbed_pinmap_common.o(i.pinmap_peripheral)
    pinmap_pinout                            0x000061dd   Thumb Code    66  mbed_pinmap_common.o(i.pinmap_pinout)
    pwmout_init                              0x00006235   Thumb Code   202  pwmout_api.o(i.pwmout_init)
    pwmout_period                            0x00006335   Thumb Code    64  pwmout_api.o(i.pwmout_period)
    pwmout_write                             0x00006381   Thumb Code    74  pwmout_api.o(i.pwmout_write)
    semihost_connected                       0x000063d1   Thumb Code    10  mbed_semihost_api.o(i.semihost_connected)
    semihost_exit                            0x000063e1   Thumb Code    12  mbed_semihost_api.o(i.semihost_exit)
    serial_baud                              0x000063ed   Thumb Code   408  serial_api.o(i.serial_baud)
    serial_getc                              0x000065b1   Thumb Code    52  serial_api.o(i.serial_getc)
    serial_init                              0x000065e9   Thumb Code   344  serial_api.o(i.serial_init)
    serial_irq_handler                       0x00006769   Thumb Code    18  serial_api.o(i.serial_irq_handler)
    serial_putc                              0x00006859   Thumb Code   100  serial_api.o(i.serial_putc)
    serial_readable                          0x000068c1   Thumb Code    10  serial_api.o(i.serial_readable)
    serial_set_flow_control                  0x000068cd   Thumb Code   252  serial_api.o(i.serial_set_flow_control)
    serial_writable                          0x000069d9   Thumb Code    82  serial_api.o(i.serial_writable)
    ticker_irq_handler                       0x00006a31   Thumb Code    78  mbed_ticker_api.o(i.ticker_irq_handler)
    uart0_irq                                0x00006a81   Thumb Code    14  serial_api.o(i.uart0_irq)
    uart1_irq                                0x00006a95   Thumb Code    14  serial_api.o(i.uart1_irq)
    uart2_irq                                0x00006aa9   Thumb Code    14  serial_api.o(i.uart2_irq)
    uart3_irq                                0x00006abd   Thumb Code    14  serial_api.o(i.uart3_irq)
    us_ticker_clear_interrupt                0x00006b39   Thumb Code     8  us_ticker.o(i.us_ticker_clear_interrupt)
    us_ticker_disable_interrupt              0x00006b45   Thumb Code    12  us_ticker.o(i.us_ticker_disable_interrupt)
    us_ticker_init                           0x00006b55   Thumb Code    76  us_ticker.o(i.us_ticker_init)
    us_ticker_irq_handler                    0x00006bb9   Thumb Code     6  mbed_us_ticker_api.o(i.us_ticker_irq_handler)
    us_ticker_read                           0x00006bc5   Thumb Code    74  us_ticker.o(i.us_ticker_read)
    us_ticker_set_interrupt                  0x00006c29   Thumb Code    14  us_ticker.o(i.us_ticker_set_interrupt)
    wait                                     0x00006c3d   Thumb Code    32  mbed_wait_api_no_rtos.o(i.wait)
    wait_ms                                  0x00006c61   Thumb Code    28  mbed_wait_api_no_rtos.o(i.wait_ms)
    _get_lc_numeric                          0x00006c7d   Thumb Code    44  lc_numeric_c.o(locale$$code)
    _get_lc_ctype                            0x00006ca9   Thumb Code    44  lc_ctype_c.o(locale$$code)
    SingletonPtr<PlatformMutex>::operator ->() 0x00006cd5   Thumb Code    36  FileBase.o(t._ZN12SingletonPtrI13PlatformMutexEptEv)
    void mbed::Callback<void()>::function_call<void(*)()>(const void*) 0x00006d01   Thumb Code     4  InterruptIn.o(t._ZN4mbed8CallbackIFvvEE13function_callIPS1_EEvPKv)
    void mbed::Callback<void()>::function_dtor<void(*)()>(void*) 0x00006d05   Thumb Code     2  InterruptIn.o(t._ZN4mbed8CallbackIFvvEE13function_dtorIPS1_EEvPv)
    void mbed::Callback<void()>::function_move<void(*)()>(void*, const void*) 0x00006d07   Thumb Code    10  InterruptIn.o(t._ZN4mbed8CallbackIFvvEE13function_moveIPS1_EEvPvPKv)
    mbed::Callback<void()>::~Callback()      0x00006d11   Thumb Code    18  Serial.o(t._ZN4mbed8CallbackIFvvEED1Ev)
    mbed::Callback<void()>::~Callback__sub_object() 0x00006d11   Thumb Code     0  Serial.o(t._ZN4mbed8CallbackIFvvEED1Ev)
    __aeabi_d2f                              0x00006d25   Thumb Code     0  d2f.o(x$fpl$d2f)
    _d2f                                     0x00006d25   Thumb Code    98  d2f.o(x$fpl$d2f)
    __aeabi_dadd                             0x00006d89   Thumb Code     0  daddsub_clz.o(x$fpl$dadd)
    _dadd                                    0x00006d89   Thumb Code   332  daddsub_clz.o(x$fpl$dadd)
    __fpl_dcheck_NaN1                        0x00006ed9   Thumb Code    10  dcheck1.o(x$fpl$dcheck1)
    __fpl_dcmp_Inf                           0x00006ee9   Thumb Code    24  dcmpi.o(x$fpl$dcmpinf)
    __aeabi_ddiv                             0x00006f01   Thumb Code     0  ddiv.o(x$fpl$ddiv)
    _ddiv                                    0x00006f01   Thumb Code   552  ddiv.o(x$fpl$ddiv)
    __aeabi_cdcmpeq                          0x000071b1   Thumb Code     0  deqf.o(x$fpl$deqf)
    _dcmpeq                                  0x000071b1   Thumb Code   120  deqf.o(x$fpl$deqf)
    __aeabi_i2d                              0x00007229   Thumb Code     0  dflt_clz.o(x$fpl$dflt)
    _dflt                                    0x00007229   Thumb Code    46  dflt_clz.o(x$fpl$dflt)
    __aeabi_cdcmple                          0x00007259   Thumb Code     0  dleqf.o(x$fpl$dleqf)
    _dcmple                                  0x00007259   Thumb Code   120  dleqf.o(x$fpl$dleqf)
    __fpl_dcmple_InfNaN                      0x000072bb   Thumb Code     0  dleqf.o(x$fpl$dleqf)
    __aeabi_dmul                             0x000072d1   Thumb Code     0  dmul.o(x$fpl$dmul)
    _dmul                                    0x000072d1   Thumb Code   332  dmul.o(x$fpl$dmul)
    __fpl_dnaninf                            0x00007425   Thumb Code   156  dnaninf.o(x$fpl$dnaninf)
    __fpl_dretinf                            0x000074c1   Thumb Code    12  dretinf.o(x$fpl$dretinf)
    __aeabi_cdrcmple                         0x000074cd   Thumb Code     0  drleqf.o(x$fpl$drleqf)
    _drcmple                                 0x000074cd   Thumb Code   108  drleqf.o(x$fpl$drleqf)
    __aeabi_dsub                             0x00007539   Thumb Code     0  daddsub_clz.o(x$fpl$dsub)
    _dsub                                    0x00007539   Thumb Code   464  daddsub_clz.o(x$fpl$dsub)
    __aeabi_f2d                              0x0000770d   Thumb Code     0  f2d.o(x$fpl$f2d)
    _f2d                                     0x0000770d   Thumb Code    86  f2d.o(x$fpl$f2d)
    __aeabi_f2iz                             0x00007765   Thumb Code     0  ffix.o(x$fpl$ffix)
    _ffix                                    0x00007765   Thumb Code    54  ffix.o(x$fpl$ffix)
    __aeabi_f2uiz                            0x0000779d   Thumb Code     0  ffixu.o(x$fpl$ffixu)
    _ffixu                                   0x0000779d   Thumb Code    62  ffixu.o(x$fpl$ffixu)
    __aeabi_ui2f                             0x000077dd   Thumb Code     0  fflt_clz.o(x$fpl$ffltu)
    _ffltu                                   0x000077dd   Thumb Code    38  fflt_clz.o(x$fpl$ffltu)
    __aeabi_fmul                             0x00007805   Thumb Code     0  fmul.o(x$fpl$fmul)
    _fmul                                    0x00007805   Thumb Code   258  fmul.o(x$fpl$fmul)
    __fpl_fnaninf                            0x00007907   Thumb Code   140  fnaninf.o(x$fpl$fnaninf)
    __fpl_fretinf                            0x00007993   Thumb Code    10  fretinf.o(x$fpl$fretinf)
    _printf_fp_dec                           0x0000799d   Thumb Code     4  printf1.o(x$fpl$printf1)
    _printf_fp_hex                           0x000079a1   Thumb Code     4  printf2.o(x$fpl$printf2)
    __fpl_return_NaN                         0x000079a5   Thumb Code   100  retnan.o(x$fpl$retnan)
    __ARM_scalbn                             0x00007a09   Thumb Code    92  scalbn.o(x$fpl$scalbn)
    _scanf_real                              0x00007a65   Thumb Code     4  scanf1.o(x$fpl$scanf1)
    _scanf_hex_real                          0x00007a69   Thumb Code     4  scanf2.o(x$fpl$scanf2)
    _scanf_infnan                            0x00007a6d   Thumb Code     4  scanf2.o(x$fpl$scanf2)
    __fpl_cmpreturn                          0x00007a71   Thumb Code    48  trapv.o(x$fpl$trapveneer)
    __I$use$fp                               0x00007aa0   Number         0  usenofp.o(x$fpl$usenofp)
    __stdin_name                             0x00007b54   Data           7  retarget.o(.constdata)
    __stdout_name                            0x00007b5b   Data           8  retarget.o(.constdata)
    __stderr_name                            0x00007b63   Data           8  retarget.o(.constdata)
    vtable for mbed::FileHandle              0x00007da8   Data          52  retarget.o(.constdata__ZTVN4mbed10FileHandleE)
    vtable for mbed::SerialBase              0x00007ddc   Data          24  SerialBase.o(.constdata__ZTVN4mbed10SerialBaseE)
    vtable for mbed::InterruptIn             0x00007df4   Data          16  InterruptIn.o(.constdata__ZTVN4mbed11InterruptInE)
    vtable for mbed::BusOut                  0x00007e04   Data          24  BusOut.o(.constdata__ZTVN4mbed6BusOutE)
    vtable for mbed::Serial                  0x00007e1c   Data         108  Serial.o(.constdata__ZTVN4mbed6SerialE)
    vtable for mbed::Stream                  0x00007e88   Data          76  Stream.o(.constdata__ZTVN4mbed6StreamE)
    vtable for mbed::FileBase                0x00007ed4   Data          16  FileBase.o(.constdata__ZTVN4mbed8FileBaseE)
    vtable for mbed::FileLike                0x00007ee4   Data          68  FileLike.o(.constdata__ZTVN4mbed8FileLikeE)
    SingletonPtr<PlatformMutex>::get()::string 0x00007f28   Data          20  retarget.o(.constdata__ZZN12SingletonPtrI13PlatformMutexE3getEvEs)
    SingletonPtr<PlatformMutex>::get()::string (instance 2) 0x00007f3c   Data          77  retarget.o(.constdata__ZZN12SingletonPtrI13PlatformMutexE3getEvEs_0)
    void mbed::Callback<void()>::generate<void(*)()>(const T1&)::ops 0x00007f8c   Data          12  InterruptIn.o(.constdata__ZZN4mbed8CallbackIFvvEE8generateIPS1_EEvRKT_E3ops)
    mbed::Callback<void()>::call() const::string 0x00007f98   Data           5  InterruptIn.o(.constdata__ZZNK4mbed8CallbackIFvvEE4callEvEs)
    mbed::Callback<void()>::call() const::string (instance 2) 0x00007f9d   Data          73  InterruptIn.o(.constdata__ZZNK4mbed8CallbackIFvvEE4callEvEs_0)
    Region$$Table$$Base                      0x00009770   Number         0  anon$$obj.o(Region$$Table)
    Region$$Table$$Limit                     0x00009790   Number         0  anon$$obj.o(Region$$Table)
    __aeabi_HUGE_VAL                         0x00009790   Data           0  fpconst.o(c$$dinf)
    __aeabi_HUGE_VALL                        0x00009790   Data           0  fpconst.o(c$$dinf)
    __aeabi_INFINITY                         0x00009790   Data           0  fpconst.o(c$$dinf)
    __dInf                                   0x00009790   Data           0  fpconst.o(c$$dinf)
    __huge_val                               0x00009790   Data           0  fpconst.o(c$$dinf)
    __ctype                                  0x000097c1   Data           0  lc_ctype_c.o(locale$$data)
    SHT$$INIT_ARRAY$$Base                    0x000098c4   Number         0  arm.o(.init_array)
    SHT$$INIT_ARRAY$$Limit                   0x000098d4   Number         0  init_aeabi.o(.init_array)
    PWM_MATCH                                0x100000d0   Data          28  pwmout_api.o(.data)
    stdio_uart_inited                        0x100000f4   Data           4  serial_api.o(.data)
    stdio_uart                               0x100000fc   Data           8  serial_api.o(.data)
    SystemCoreClock                          0x10000104   Data           4  system_LPC17xx.o(.data)
    us_ticker_inited                         0x10000108   Data           4  us_ticker.o(.data)
    pwm1                                     0x1000010c   Data           8  arm.o(.data)
    pwm2                                     0x10000114   Data           8  arm.o(.data)
    pwm3                                     0x1000011c   Data           8  arm.o(.data)
    pwm4                                     0x10000124   Data           8  arm.o(.data)
    error_code                               0x1000012c   Data           1  main.o(.data)
    mode_code                                0x1000012d   Data           1  main.o(.data)
    mbed_result                              0x1000012e   Data           1  main.o(.data)
    done_white_banlance                      0x10000130   Data           1  rgb.o(.data)
    counter                                  0x10000134   Data           4  rgb.o(.data)
    mbed::FileBase::_head                    0x10000148   Data           4  FileBase.o(.data)
    mbed::FileBase::_mutex                   0x1000014c   Data           8  FileBase.o(.data)
    __aeabi_stdin                            0x10000154   Data           4  stdio_streams.o(.data)
    __aeabi_stdout                           0x10000158   Data           4  stdio_streams.o(.data)
    __aeabi_stderr                           0x1000015c   Data           4  stdio_streams.o(.data)
    pc                                       0x10000344   Data          76  main.o(.bss)
    led1                                     0x10000390   Data          24  main.o(.bss)
    led2                                     0x100003a8   Data          24  main.o(.bss)
    led3                                     0x100003c0   Data          24  main.o(.bss)
    led4                                     0x100003d8   Data          24  main.o(.bss)
    radio_pin                                0x100003f0   Data          76  radio.o(.bss)
    S0                                       0x10000440   Data          24  rgb.o(.bss)
    S1                                       0x10000458   Data          24  rgb.o(.bss)
    rgb_LED                                  0x10000470   Data          24  rgb.o(.bss)
    set_color                                0x10000488   Data          76  rgb.o(.bss)
    pwm_read                                 0x100004d4   Data          72  rgb.o(.bss)
    factor                                   0x10000520   Data          24  rgb.o(.bss)
    rgb_read                                 0x10000538   Data          16  rgb.o(.bss)
    __stdin                                  0x10000548   Data          84  stdio_streams.o(.bss)
    __stdout                                 0x1000059c   Data          84  stdio_streams.o(.bss)
    __stderr                                 0x100005f0   Data          84  stdio_streams.o(.bss)
    Image$$RW_IRAM1$$ZI$$Limit               0x10000660   Number         0  anon$$obj.o ABSOLUTE



==============================================================================

Memory Map of the image

  Image Entry point : 0x000000c5

  Load Region LR_IROM1 (Base: 0x00000000, Size: 0x00009970, Max: 0x00080000, ABSOLUTE)

    Execution Region ER_IROM1 (Base: 0x00000000, Size: 0x000098d4, Max: 0x00080000, ABSOLUTE)

    Base Addr    Size         Type   Attr      Idx    E Section Name        Object

    0x00000000   0x000000c4   Data   RO          307    RESET               startup_LPC17xx.o
    0x000000c4   0x00000008   Code   RO          951  * !!!main             c_w.l(__main.o)
    0x000000cc   0x00000034   Code   RO         1418    !!!scatter          c_w.l(__scatter.o)
    0x00000100   0x0000001a   Code   RO         1419    !!handler_copy      c_w.l(__scatter_copy.o)
    0x0000011a   0x00000002   PAD
    0x0000011c   0x0000001c   Code   RO         1420    !!handler_zi        c_w.l(__scatter_zi.o)
    0x00000138   0x00000000   Code   RO          915    .ARM.Collect$$_printf_percent$$00000000  c_w.l(_printf_percent.o)
    0x00000138   0x00000006   Code   RO         1111    .ARM.Collect$$_printf_percent$$00000001  c_w.l(_printf_n.o)
    0x0000013e   0x00000006   Code   RO          914    .ARM.Collect$$_printf_percent$$00000002  c_w.l(_printf_p.o)
    0x00000144   0x00000006   Code   RO         1117    .ARM.Collect$$_printf_percent$$00000003  c_w.l(_printf_f.o)
    0x0000014a   0x00000006   Code   RO         1118    .ARM.Collect$$_printf_percent$$00000004  c_w.l(_printf_e.o)
    0x00000150   0x00000006   Code   RO         1119    .ARM.Collect$$_printf_percent$$00000005  c_w.l(_printf_g.o)
    0x00000156   0x00000006   Code   RO         1120    .ARM.Collect$$_printf_percent$$00000006  c_w.l(_printf_a.o)
    0x0000015c   0x0000000a   Code   RO         1125    .ARM.Collect$$_printf_percent$$00000007  c_w.l(_printf_ll.o)
    0x00000166   0x00000006   Code   RO         1114    .ARM.Collect$$_printf_percent$$00000008  c_w.l(_printf_i.o)
    0x0000016c   0x00000006   Code   RO         1115    .ARM.Collect$$_printf_percent$$00000009  c_w.l(_printf_d.o)
    0x00000172   0x00000006   Code   RO         1116    .ARM.Collect$$_printf_percent$$0000000A  c_w.l(_printf_u.o)
    0x00000178   0x00000006   Code   RO         1113    .ARM.Collect$$_printf_percent$$0000000B  c_w.l(_printf_o.o)
    0x0000017e   0x00000006   Code   RO         1112    .ARM.Collect$$_printf_percent$$0000000C  c_w.l(_printf_x.o)
    0x00000184   0x00000006   Code   RO         1122    .ARM.Collect$$_printf_percent$$0000000D  c_w.l(_printf_lli.o)
    0x0000018a   0x00000006   Code   RO         1123    .ARM.Collect$$_printf_percent$$0000000E  c_w.l(_printf_lld.o)
    0x00000190   0x00000006   Code   RO         1124    .ARM.Collect$$_printf_percent$$0000000F  c_w.l(_printf_llu.o)
    0x00000196   0x00000006   Code   RO         1129    .ARM.Collect$$_printf_percent$$00000010  c_w.l(_printf_llo.o)
    0x0000019c   0x00000006   Code   RO         1130    .ARM.Collect$$_printf_percent$$00000011  c_w.l(_printf_llx.o)
    0x000001a2   0x0000000a   Code   RO         1126    .ARM.Collect$$_printf_percent$$00000012  c_w.l(_printf_l.o)
    0x000001ac   0x00000006   Code   RO         1109    .ARM.Collect$$_printf_percent$$00000013  c_w.l(_printf_c.o)
    0x000001b2   0x00000006   Code   RO         1110    .ARM.Collect$$_printf_percent$$00000014  c_w.l(_printf_s.o)
    0x000001b8   0x00000006   Code   RO         1127    .ARM.Collect$$_printf_percent$$00000015  c_w.l(_printf_lc.o)
    0x000001be   0x00000006   Code   RO         1128    .ARM.Collect$$_printf_percent$$00000016  c_w.l(_printf_ls.o)
    0x000001c4   0x00000004   Code   RO         1121    .ARM.Collect$$_printf_percent$$00000017  c_w.l(_printf_percent_end.o)
    0x000001c8   0x00000002   Code   RO         1357    .ARM.Collect$$libinit$$00000000  c_w.l(libinit.o)
    0x000001ca   0x00000000   Code   RO         1157    .ARM.Collect$$libinit$$00000002  c_w.l(libinit2.o)
    0x000001ca   0x00000000   Code   RO         1159    .ARM.Collect$$libinit$$00000004  c_w.l(libinit2.o)
    0x000001ca   0x00000008   Code   RO         1160    .ARM.Collect$$libinit$$00000005  c_w.l(libinit2.o)
    0x000001d2   0x00000000   Code   RO         1162    .ARM.Collect$$libinit$$0000000A  c_w.l(libinit2.o)
    0x000001d2   0x00000000   Code   RO         1164    .ARM.Collect$$libinit$$0000000C  c_w.l(libinit2.o)
    0x000001d2   0x00000000   Code   RO         1166    .ARM.Collect$$libinit$$0000000E  c_w.l(libinit2.o)
    0x000001d2   0x00000006   Code   RO         1167    .ARM.Collect$$libinit$$0000000F  c_w.l(libinit2.o)
    0x000001d8   0x00000000   Code   RO         1169    .ARM.Collect$$libinit$$00000011  c_w.l(libinit2.o)
    0x000001d8   0x0000000c   Code   RO         1170    .ARM.Collect$$libinit$$00000012  c_w.l(libinit2.o)
    0x000001e4   0x00000000   Code   RO         1171    .ARM.Collect$$libinit$$00000013  c_w.l(libinit2.o)
    0x000001e4   0x00000000   Code   RO         1173    .ARM.Collect$$libinit$$00000015  c_w.l(libinit2.o)
    0x000001e4   0x0000000a   Code   RO         1174    .ARM.Collect$$libinit$$00000016  c_w.l(libinit2.o)
    0x000001ee   0x00000000   Code   RO         1175    .ARM.Collect$$libinit$$00000017  c_w.l(libinit2.o)
    0x000001ee   0x00000000   Code   RO         1177    .ARM.Collect$$libinit$$00000019  c_w.l(libinit2.o)
    0x000001ee   0x00000000   Code   RO         1179    .ARM.Collect$$libinit$$0000001B  c_w.l(libinit2.o)
    0x000001ee   0x00000000   Code   RO         1181    .ARM.Collect$$libinit$$0000001D  c_w.l(libinit2.o)
    0x000001ee   0x00000000   Code   RO         1183    .ARM.Collect$$libinit$$0000001F  c_w.l(libinit2.o)
    0x000001ee   0x00000000   Code   RO         1185    .ARM.Collect$$libinit$$00000021  c_w.l(libinit2.o)
    0x000001ee   0x00000000   Code   RO         1187    .ARM.Collect$$libinit$$00000023  c_w.l(libinit2.o)
    0x000001ee   0x00000004   Code   RO         1188    .ARM.Collect$$libinit$$00000024  c_w.l(libinit2.o)
    0x000001f2   0x00000000   Code   RO         1189    .ARM.Collect$$libinit$$00000025  c_w.l(libinit2.o)
    0x000001f2   0x00000000   Code   RO         1193    .ARM.Collect$$libinit$$0000002C  c_w.l(libinit2.o)
    0x000001f2   0x00000000   Code   RO         1195    .ARM.Collect$$libinit$$0000002E  c_w.l(libinit2.o)
    0x000001f2   0x00000000   Code   RO         1197    .ARM.Collect$$libinit$$00000030  c_w.l(libinit2.o)
    0x000001f2   0x00000004   Code   RO         1198    .ARM.Collect$$libinit$$00000031  c_w.l(libinit2.o)
    0x000001f6   0x00000000   Code   RO         1199    .ARM.Collect$$libinit$$00000032  c_w.l(libinit2.o)
    0x000001f6   0x00000002   Code   RO         1200    .ARM.Collect$$libinit$$00000033  c_w.l(libinit2.o)
    0x000001f8   0x00000000   Code   RO         1292    .ARM.Collect$$libshutdown$$00000004  c_w.l(libshutdown2.o)
    0x000001f8   0x00000000   Code   RO         1078    .ARM.Collect$$rtentry$$00000000  c_w.l(__rtentry.o)
    0x000001f8   0x00000000   Code   RO         1229    .ARM.Collect$$rtentry$$00000002  c_w.l(__rtentry2.o)
    0x000001f8   0x00000006   Code   RO         1241    .ARM.Collect$$rtentry$$00000004  c_w.l(__rtentry4.o)
    0x000001fe   0x00000008   Code   RO         1230    .ARM.Collect$$rtentry$$00000008  c_w.l(__rtentry2.o)
    0x00000206   0x00000004   Code   RO         1232    .ARM.Collect$$rtentry$$0000000A  c_w.l(__rtentry2.o)
    0x0000020a   0x00000000   Code   RO         1234    .ARM.Collect$$rtentry$$0000000C  c_w.l(__rtentry2.o)
    0x0000020a   0x00000008   Code   RO         1235    .ARM.Collect$$rtentry$$0000000D  c_w.l(__rtentry2.o)
    0x00000212   0x00000002   PAD
    0x00000214   0x00000000   Code   RO         1246    .emb_text           c_w.l(maybetermalloc1.o)
    0x00000214   0x00000024   Code   RO          309    .text               startup_LPC17xx.o
    0x00000238   0x0000005e   Code   RO          852    .text               c_w.l(h1_alloc.o)
    0x00000296   0x0000004e   Code   RO          853    .text               c_w.l(h1_free.o)
    0x000002e4   0x0000000a   Code   RO          884    .text               c_w.l(c89vfprintf.o)
    0x000002ee   0x00000002   PAD
    0x000002f0   0x00000008   Code   RO         1081    .text               c_w.l(rt_heap_descriptor.o)
    0x000002f8   0x00000004   Code   RO         1084    .text               c_w.l(hguard.o)
    0x000002fc   0x00000004   Code   RO          308    .ARM.__at_0x02FC    startup_LPC17xx.o
    0x00000300   0x00000024   Code   RO          883    .text               c_w.l(vsprintf.o)
    0x00000324   0x0000002c   Code   RO          885    .text               c_w.l(__2sprintf.o)
    0x00000350   0x00000094   Code   RO          900    .text               c_w.l(_printf_hex_int_ll_ptr.o)
    0x000003e4   0x00000188   Code   RO          912    .text               c_w.l(__printf_flags_ss_wp.o)
    0x0000056c   0x00000010   Code   RO          916    .text               c_w.l(vfscanf.o)
    0x0000057c   0x0000003c   Code   RO          917    .text               c_w.l(__0sscanf.o)
    0x000005b8   0x0000014c   Code   RO          918    .text               c_w.l(_scanf_int.o)
    0x00000704   0x00000064   Code   RO          919    .text               c_w.l(fflush.o)
    0x00000768   0x000000ec   Code   RO          926    .text               c_w.l(fopen.o)
    0x00000854   0x00000014   Code   RO          927    .text               c_w.l(setbuf.o)
    0x00000868   0x0000004c   Code   RO          934    .text               c_w.l(fclose.o)
    0x000008b4   0x0000003e   Code   RO          940    .text               c_w.l(strlen.o)
    0x000008f2   0x00000096   Code   RO          941    .text               c_w.l(strncmp.o)
    0x00000988   0x00000064   Code   RO          943    .text               c_w.l(rt_memcpy_w.o)
    0x000009ec   0x0000004e   Code   RO          945    .text               c_w.l(rt_memclr_w.o)
    0x00000a3a   0x00000002   PAD
    0x00000a3c   0x00000080   Code   RO          947    .text               c_w.l(strcmpv7m.o)
    0x00000abc   0x00000024   Code   RO          955    .text               c_w.l(init_aeabi.o)
    0x00000ae0   0x00000022   Code   RO         1045    .text               cpprt_w.l(aeabi_vec_dtor_noexceptions.o)
    0x00000b02   0x0000008a   Code   RO         1085    .text               c_w.l(init_alloc.o)
    0x00000b8c   0x0000000e   Code   RO         1087    .text               c_w.l(h1_init.o)
    0x00000b9a   0x0000004e   Code   RO         1094    .text               c_w.l(_printf_pad.o)
    0x00000be8   0x00000024   Code   RO         1095    .text               c_w.l(_printf_truncate.o)
    0x00000c0c   0x00000052   Code   RO         1096    .text               c_w.l(_printf_str.o)
    0x00000c5e   0x000000b2   Code   RO         1097    .text               c_w.l(_printf_intcommon.o)
    0x00000d10   0x00000078   Code   RO         1098    .text               c_w.l(_printf_dec.o)
    0x00000d88   0x00000028   Code   RO         1099    .text               c_w.l(_printf_charcount.o)
    0x00000db0   0x00000030   Code   RO         1100    .text               c_w.l(_printf_char_common.o)
    0x00000de0   0x0000000a   Code   RO         1101    .text               c_w.l(_sputc.o)
    0x00000dea   0x00000002   PAD
    0x00000dec   0x00000024   Code   RO         1102    .text               c_w.l(_printf_char_file.o)
    0x00000e10   0x000000bc   Code   RO         1103    .text               c_w.l(_printf_wctomb.o)
    0x00000ecc   0x0000007c   Code   RO         1105    .text               c_w.l(_printf_longlong_dec.o)
    0x00000f48   0x00000070   Code   RO         1108    .text               c_w.l(_printf_oct_int_ll.o)
    0x00000fb8   0x0000001c   Code   RO         1131    .text               c_w.l(_chval.o)
    0x00000fd4   0x00000156   Code   RO         1132    .text               c_w.l(_scanf_longlong.o)
    0x0000112a   0x000000e0   Code   RO         1133    .text               c_w.l(_scanf_str.o)
    0x0000120a   0x00000002   PAD
    0x0000120c   0x0000002c   Code   RO         1134    .text               c_w.l(scanf_char.o)
    0x00001238   0x00000040   Code   RO         1135    .text               c_w.l(_sgetc.o)
    0x00001278   0x00000018   Code   RO         1136    .text               c_w.l(scanf_char_file.o)
    0x00001290   0x00000114   Code   RO         1137    .text               c_w.l(_scanf_mbtowc.o)
    0x000013a4   0x000000e8   Code   RO         1138    .text               c_w.l(_scanf_wctomb.o)
    0x0000148c   0x000000d0   Code   RO         1139    .text               c_w.l(_scanf_wstr.o)
    0x0000155c   0x00000008   Code   RO         1140    .text               c_w.l(ferror.o)
    0x00001564   0x0000023a   Code   RO         1141    .text               c_w.l(filbuf.o)
    0x0000179e   0x000001d6   Code   RO         1142    .text               c_w.l(flsbuf.o)
    0x00001974   0x000000f8   Code   RO         1143    .text               c_w.l(fseek.o)
    0x00001a6c   0x00000046   Code   RO         1144    .text               c_w.l(setvbuf.o)
    0x00001ab2   0x00000002   PAD
    0x00001ab4   0x000000f0   Code   RO         1145    .text               c_w.l(stdio.o)
    0x00001ba4   0x00000138   Code   RO         1147    .text               c_w.l(initio.o)
    0x00001cdc   0x0000000e   Code   RO         1151    .text               c_w.l(defsig_pvfn_outer.o)
    0x00001cea   0x00000034   Code   RO         1248    .text               c_w.l(h1_extend.o)
    0x00001d1e   0x0000008a   Code   RO         1250    .text               c_w.l(lludiv10.o)
    0x00001da8   0x00000012   Code   RO         1251    .text               c_w.l(isspace.o)
    0x00001dba   0x0000041a   Code   RO         1252    .text               c_w.l(_printf_fp_dec.o)
    0x000021d4   0x000002fc   Code   RO         1253    .text               c_w.l(_printf_fp_hex.o)
    0x000024d0   0x0000002c   Code   RO         1256    .text               c_w.l(_printf_char.o)
    0x000024fc   0x0000002c   Code   RO         1258    .text               c_w.l(_printf_wchar.o)
    0x00002528   0x00000374   Code   RO         1259    .text               c_w.l(_scanf.o)
    0x0000289c   0x000004a4   Code   RO         1260    .text               c_w.l(scanf_fp.o)
    0x00002d40   0x0000001e   Code   RO         1262    .text               c_w.l(_scanf_wcharmap.o)
    0x00002d5e   0x00000048   Code   RO         1263    .text               c_w.l(backspace.o)
    0x00002da6   0x00000042   Code   RO         1264    .text               c_w.l(ftell.o)
    0x00002de8   0x00000038   Code   RO         1268    .text               c_w.l(flushlinebuffered.o)
    0x00002e20   0x0000003c   Code   RO         1276    .text               c_w.l(_mbrtowc.o)
    0x00002e5c   0x00000040   Code   RO         1277    .text               c_w.l(_wcrtomb.o)
    0x00002e9c   0x0000000a   Code   RO         1278    .text               c_w.l(defsig_exit.o)
    0x00002ea6   0x0000000e   Code   RO         1279    .text               c_w.l(defsig_rtred_outer.o)
    0x00002eb4   0x0000000e   Code   RO         1281    .text               c_w.l(defsig_rtmem_outer.o)
    0x00002ec2   0x00000002   PAD
    0x00002ec4   0x00000030   Code   RO         1283    .text               c_w.l(defsig_pvfn_inner.o)
    0x00002ef4   0x00000050   Code   RO         1285    .text               c_w.l(heapauxa.o)
    0x00002f44   0x0000000c   Code   RO         1317    .text               c_w.l(sys_exit.o)
    0x00002f50   0x00000010   Code   RO         1318    .text               c_w.l(rt_ctype_table.o)
    0x00002f60   0x00000008   Code   RO         1319    .text               c_w.l(rt_locale.o)
    0x00002f68   0x00000008   Code   RO         1325    .text               c_w.l(rt_errno_addr.o)
    0x00002f70   0x00000080   Code   RO         1329    .text               c_w.l(_printf_fp_infnan.o)
    0x00002ff0   0x000000dc   Code   RO         1330    .text               c_w.l(bigflt0.o)
    0x000030cc   0x00000048   Code   RO         1343    .text               c_w.l(ungetc.o)
    0x00003114   0x00000032   Code   RO         1348    .text               c_w.l(defsig_general.o)
    0x00003146   0x00000002   PAD
    0x00003148   0x00000034   Code   RO         1351    .text               c_w.l(defsig_rtred_inner.o)
    0x0000317c   0x00000050   Code   RO         1352    .text               c_w.l(defsig_rtmem_inner.o)
    0x000031cc   0x0000000e   Code   RO         1375    .text               c_w.l(sys_wrch.o)
    0x000031da   0x00000002   Code   RO         1376    .text               c_w.l(use_no_semi.o)
    0x000031dc   0x00000000   Code   RO         1377    .text               c_w.l(indicate_semi.o)
    0x000031dc   0x00000016   Code   RO         1380    .text               c_w.l(_rserrno.o)
    0x000031f2   0x00000002   PAD
    0x000031f4   0x00000320   Code   RO         1381    .text               c_w.l(scanf_hexfp.o)
    0x00003514   0x00000134   Code   RO         1382    .text               c_w.l(scanf_infnan.o)
    0x00003648   0x00000026   Code   RO         1393    .text               c_w.l(llshl.o)
    0x0000366e   0x0000003e   Code   RO         1332    CL$$btod_d2e        c_w.l(btod.o)
    0x000036ac   0x00000046   Code   RO         1334    CL$$btod_d2e_denorm_low  c_w.l(btod.o)
    0x000036f2   0x00000060   Code   RO         1333    CL$$btod_d2e_norm_op1  c_w.l(btod.o)
    0x00003752   0x00000338   Code   RO         1342    CL$$btod_div_common  c_w.l(btod.o)
    0x00003a8a   0x00000002   PAD
    0x00003a8c   0x00000054   Code   RO         1340    CL$$btod_e2d        c_w.l(btod.o)
    0x00003ae0   0x000000c6   Code   RO         1339    CL$$btod_e2e        c_w.l(btod.o)
    0x00003ba6   0x00000028   Code   RO         1336    CL$$btod_ediv       c_w.l(btod.o)
    0x00003bce   0x00000028   Code   RO         1338    CL$$btod_edivd      c_w.l(btod.o)
    0x00003bf6   0x00000028   Code   RO         1335    CL$$btod_emul       c_w.l(btod.o)
    0x00003c1e   0x00000028   Code   RO         1337    CL$$btod_emuld      c_w.l(btod.o)
    0x00003c46   0x00000244   Code   RO         1341    CL$$btod_mult_common  c_w.l(btod.o)
    0x00003e8a   0x0000000e   Code   RO          143    i.$Sub$$main        retarget.o
    0x00003e98   0x00000006   Code   RO          605    i.<Func1>           mbed.ar(SerialBase.o)
    0x00003e9e   0x00000002   PAD
    0x00003ea0   0x000000a0   Code   RO          316    i.SystemInit        system_LPC17xx.o
    0x00003f40   0x00000020   Code   RO          373    i._Z10radio_initv   radio.o
    0x00003f60   0x0000001c   Code   RO          387    i._Z11get_channeli  rgb.o
    0x00003f7c   0x00000044   Code   RO          351    i._Z11mode_chooseh  main.o
    0x00003fc0   0x00000018   Code   RO          352    i._Z12mode_receivev  main.o
    0x00003fd8   0x00000080   Code   RO          388    i._Z13white_balancev  rgb.o
    0x00004058   0x000002d4   Code   RO          330    i._Z3armv           arm.o
    0x0000432c   0x00000128   Code   RO          389    i._Z3rgbv           rgb.o
    0x00004454   0x00000018   Code   RO          353    i._Z4initv          main.o
    0x0000446c   0x00000010   Code   RO          390    i._Z5countv         rgb.o
    0x0000447c   0x00000100   Code   RO          374    i._Z5radiov         radio.o
    0x0000457c   0x00000030   Code   RO          391    i._Z7get_rgbv       rgb.o
    0x000045ac   0x00000034   Code   RO          392    i._Z7rgb_offv       rgb.o
    0x000045e0   0x00000068   Code   RO          331    i._Z8arm_initv      arm.o
    0x00004648   0x00000078   Code   RO          393    i._Z8rgb_initv      rgb.o
    0x000046c0   0x00000088   Code   RO          346    i._ZN4mbed10DigitalOut5writeEi  arm.o
    0x00004748   0x0000001a   Code   RO          364    i._ZN4mbed10DigitalOutC1E7PinName  main.o
    0x00004762   0x00000012   Code   RO          342    i._ZN4mbed10DigitalOutaSEi  arm.o
    0x00004774   0x00000088   Code   RO          382    i._ZN4mbed10DigitalOutcviEv  radio.o
    0x000047fc   0x00000052   Code   RO          243    i._ZN4mbed10FileHandle4flenEv  retarget.o
    0x0000484e   0x00000002   Code   RO          246    i._ZN4mbed10FileHandle4lockEv  retarget.o
    0x00004850   0x00000002   Code   RO          248    i._ZN4mbed10FileHandle6unlockEv  retarget.o
    0x00004852   0x00000002   PAD
    0x00004854   0x00000074   Code   RO          145    i._ZN4mbed10FileHandleD2Ev  retarget.o
    0x000048c8   0x00000006   Code   RO          606    i._ZN4mbed10SerialBase10_base_getcEv  mbed.ar(SerialBase.o)
    0x000048ce   0x0000000e   Code   RO          607    i._ZN4mbed10SerialBase10_base_putcEi  mbed.ar(SerialBase.o)
    0x000048dc   0x00000030   Code   RO          609    i._ZN4mbed10SerialBase12_irq_handlerEj9SerialIrq  mbed.ar(SerialBase.o)
    0x0000490c   0x00000002   Code   RO          612    i._ZN4mbed10SerialBase4lockEv  mbed.ar(SerialBase.o)
    0x0000490e   0x00000002   Code   RO          615    i._ZN4mbed10SerialBase6unlockEv  mbed.ar(SerialBase.o)
    0x00004910   0x00000020   Code   RO          616    i._ZN4mbed10SerialBase8readableEv  mbed.ar(SerialBase.o)
    0x00004930   0x00000020   Code   RO          617    i._ZN4mbed10SerialBase9writeableEv  mbed.ar(SerialBase.o)
    0x00004950   0x00000088   Code   RO          618    i._ZN4mbed10SerialBaseC1E7PinNameS1_i  mbed.ar(SerialBase.o)
    0x000049d8   0x00000018   Code   RO          522    i._ZN4mbed11InterruptIn10enable_irqEv  mbed.ar(InterruptIn.o)
    0x000049f0   0x00000018   Code   RO          523    i._ZN4mbed11InterruptIn11disable_irqEv  mbed.ar(InterruptIn.o)
    0x00004a08   0x00000048   Code   RO          524    i._ZN4mbed11InterruptIn12_irq_handlerEj14gpio_irq_event  mbed.ar(InterruptIn.o)
    0x00004a50   0x00000070   Code   RO          528    i._ZN4mbed11InterruptIn4riseENS_8CallbackIFvvEEE  mbed.ar(InterruptIn.o)
    0x00004ac0   0x00000068   Code   RO          529    i._ZN4mbed11InterruptInC1E7PinName  mbed.ar(InterruptIn.o)
    0x00004b28   0x00000034   Code   RO          531    i._ZN4mbed11InterruptInD1Ev  mbed.ar(InterruptIn.o)
    0x00004b5c   0x00000006   Code   RO          146    i._ZN4mbed26mbed_set_unbuffered_streamEPSt6__FILE  retarget.o
    0x00004b62   0x00000002   Code   RO          416    i._ZN4mbed6BusOut4lockEv  mbed.ar(BusOut.o)
    0x00004b64   0x00000070   Code   RO          418    i._ZN4mbed6BusOut5writeEi  mbed.ar(BusOut.o)
    0x00004bd4   0x00000002   Code   RO          419    i._ZN4mbed6BusOut6unlockEv  mbed.ar(BusOut.o)
    0x00004bd6   0x00000002   PAD
    0x00004bd8   0x000000bc   Code   RO          420    i._ZN4mbed6BusOutC1E7PinNameS1_S1_S1_S1_S1_S1_S1_S1_S1_S1_S1_S1_S1_S1_S1_  mbed.ar(BusOut.o)
    0x00004c94   0x00000028   Code   RO          423    i._ZN4mbed6BusOutD1Ev  mbed.ar(BusOut.o)
    0x00004cbc   0x00000060   Code   RO          425    i._ZN4mbed6BusOutaSEi  mbed.ar(BusOut.o)
    0x00004d1c   0x00000018   Code   RO          340    i._ZN4mbed6PwmOut6periodEf  arm.o
    0x00004d34   0x0000001a   Code   RO          344    i._ZN4mbed6PwmOutC1E7PinName  arm.o
    0x00004d4e   0x0000001e   Code   RO          338    i._ZN4mbed6PwmOutaSEf  arm.o
    0x00004d6c   0x00000002   Code   RO          564    i._ZN4mbed6Serial4lockEv  mbed.ar(Serial.o)
    0x00004d6e   0x00000002   Code   RO          567    i._ZN4mbed6Serial6unlockEv  mbed.ar(Serial.o)
    0x00004d70   0x00000024   Code   RO          569    i._ZN4mbed6SerialC1E7PinNameS1_i  mbed.ar(Serial.o)
    0x00004d94   0x0000003c   Code   RO          586    i._ZN4mbed6SerialD1Ev  mbed.ar(Serial.o)
    0x00004dd0   0x00000004   Code   RO          653    i._ZN4mbed6Stream4flenEv  mbed.ar(Stream.o)
    0x00004dd4   0x0000003c   Code   RO          658    i._ZN4mbed6Stream4readEPvj  mbed.ar(Stream.o)
    0x00004e10   0x00000004   Code   RO          659    i._ZN4mbed6Stream5closeEv  mbed.ar(Stream.o)
    0x00004e14   0x00000004   Code   RO          661    i._ZN4mbed6Stream5lseekEli  mbed.ar(Stream.o)
    0x00004e18   0x00000032   Code   RO          662    i._ZN4mbed6Stream5scanfEPKcz  mbed.ar(Stream.o)
    0x00004e4a   0x0000003c   Code   RO          663    i._ZN4mbed6Stream5writeEPKvj  mbed.ar(Stream.o)
    0x00004e86   0x00000004   Code   RO          664    i._ZN4mbed6Stream6isattyEv  mbed.ar(Stream.o)
    0x00004e8a   0x00000032   Code   RO          665    i._ZN4mbed6Stream6printfEPKcz  mbed.ar(Stream.o)
    0x00004ebc   0x00000040   Code   RO          668    i._ZN4mbed6StreamC2EPKc  mbed.ar(Stream.o)
    0x00004efc   0x00000020   Code   RO          670    i._ZN4mbed6StreamD2Ev  mbed.ar(Stream.o)
    0x00004f1c   0x00000004   Code   RO          818    i._ZN4mbed8FileBase11getPathTypeEv  mbed.ar(FileBase.o)
    0x00004f20   0x0000006c   Code   RO          820    i._ZN4mbed8FileBase6lookupEPKcj  mbed.ar(FileBase.o)
    0x00004f8c   0x00000040   Code   RO          822    i._ZN4mbed8FileBaseC1EPKcNS_8PathTypeE  mbed.ar(FileBase.o)
    0x00004fcc   0x00000048   Code   RO          824    i._ZN4mbed8FileBaseD1Ev  mbed.ar(FileBase.o)
    0x00005014   0x00000024   Code   RO          801    i._ZN4mbed8FileLikeC2EPKc  mbed.ar(FileLike.o)
    0x00005038   0x00000012   Code   RO          803    i._ZN4mbed8FileLikeD2Ev  mbed.ar(FileLike.o)
    0x0000504a   0x00000018   Code   RO          453    i._ZN4mbed8FilePath10fileSystemEv  mbed.ar(FilePath.o)
    0x00005062   0x0000001c   Code   RO          455    i._ZN4mbed8FilePath4fileEv  mbed.ar(FilePath.o)
    0x0000507e   0x0000000a   Code   RO          456    i._ZN4mbed8FilePath6existsEv  mbed.ar(FilePath.o)
    0x00005088   0x00000018   Code   RO          457    i._ZN4mbed8FilePath6isFileEv  mbed.ar(FilePath.o)
    0x000050a0   0x00000004   Code   RO          458    i._ZN4mbed8FilePath8fileNameEv  mbed.ar(FilePath.o)
    0x000050a4   0x00000040   Code   RO          459    i._ZN4mbed8FilePathC1EPKc  mbed.ar(FilePath.o)
    0x000050e4   0x00000002   Code   RO          533    i._ZN4mbed9donothingEv  mbed.ar(InterruptIn.o)
    0x000050e6   0x00000002   Code   RO          619    i._ZN4mbed9donothingEv  mbed.ar(SerialBase.o)
    0x000050e8   0x00000002   Code   RO          570    i._ZThn48_N4mbed6Serial4lockEv  mbed.ar(Serial.o)
    0x000050ea   0x00000006   Code   RO          571    i._ZThn48_N4mbed6Serial5_getcEv  mbed.ar(Serial.o)
    0x000050f0   0x00000006   Code   RO          572    i._ZThn48_N4mbed6Serial5_putcEi  mbed.ar(Serial.o)
    0x000050f6   0x00000002   Code   RO          573    i._ZThn48_N4mbed6Serial6unlockEv  mbed.ar(Serial.o)
    0x000050f8   0x0000000a   Code   RO          150    i._ZdlPv            retarget.o
    0x00005102   0x00000002   PAD
    0x00005104   0x00000034   Code   RO          152    i._Znwj             retarget.o
    0x00005138   0x00000028   Code   RO         1371    i.__ARM_fpclassify  m_ws.l(fpclassify.o)
    0x00005160   0x00000034   Code   RO           46    i.__NVIC_SetVector  cmsis_nvic.o
    0x00005194   0x00000004   Code   RO          153    i.__aeabi_atexit    retarget.o
    0x00005198   0x00000024   Code   RO         1043    i.__aeabi_vec_ctor_nocookie_nodtor  cpprt_w.l(aeabi_vec_ctor_nocookie_nodtor.o)
    0x000051bc   0x00000006   Code   RO          957    i.__cxa_pure_virtual  cpprt_w.l(pure_virt.o)
    0x000051c2   0x0000000e   Code   RO         1411    i.__mathlib_dbl_overflow  m_ws.l(dunder.o)
    0x000051d0   0x00000010   Code   RO         1413    i.__mathlib_dbl_underflow  m_ws.l(dunder.o)
    0x000051e0   0x00000010   Code   RO         1372    i.__mathlib_narrow  m_ws.l(narrow.o)
    0x000051f0   0x00000088   Code   RO         1373    i.__mathlib_tofloat  m_ws.l(narrow.o)
    0x00005278   0x00000040   Code   RO          332    i.__sti___7_arm_cpp_pwm1  arm.o
    0x000052b8   0x00000094   Code   RO          394    i.__sti___7_rgb_cpp_S0  rgb.o
    0x0000534c   0x00000064   Code   RO          354    i.__sti___8_main_cpp_pc  main.o
    0x000053b0   0x0000002c   Code   RO          375    i.__sti___9_radio_cpp_b6d76235  radio.o
    0x000053dc   0x00000016   Code   RO         1401    i.__support_ldexp   m_ws.l(ldexp.o)
    0x000053f2   0x00000002   PAD
    0x000053f4   0x00000010   Code   RO          310    i.__user_setup_stackheap  sys.o
    0x00005404   0x0000000e   Code   RO          908    i._is_digit         c_w.l(__printf_wp.o)
    0x00005412   0x00000008   Code   RO          156    i._platform_post_stackheap_init  retarget.o
    0x0000541a   0x00000002   PAD
    0x0000541c   0x0000002c   Code   RO          157    i._sys_close        retarget.o
    0x00005448   0x00000028   Code   RO          160    i._sys_flen         retarget.o
    0x00005470   0x00000028   Code   RO          161    i._sys_istty        retarget.o
    0x00005498   0x000001e4   Code   RO          162    i._sys_open         retarget.o
    0x0000567c   0x00000060   Code   RO          163    i._sys_read         retarget.o
    0x000056dc   0x00000028   Code   RO          164    i._sys_seek         retarget.o
    0x00005704   0x0000006c   Code   RO          165    i._sys_write        retarget.o
    0x00005770   0x0000008c   Code   RO          753    i.core_util_critical_section_enter  mbed.ar(mbed_critical.o)
    0x000057fc   0x00000058   Code   RO          754    i.core_util_critical_section_exit  mbed.ar(mbed_critical.o)
    0x00005854   0x00000012   Code   RO          760    i.error             mbed.ar(mbed_error.o)
    0x00005866   0x00000002   PAD
    0x00005868   0x0000002c   Code   RO          167    i.exit              retarget.o
    0x00005894   0x00000018   Code   RO          921    i.fgetc             c_w.l(fgetc.o)
    0x000058ac   0x0000001a   Code   RO          924    i.fputc             c_w.l(fputc.o)
    0x000058c6   0x00000002   PAD
    0x000058c8   0x00000058   Code   RO         1392    i.frexp             m_ws.l(frexp.o)
    0x00005920   0x00000054   Code   RO           66    i.gpio_dir          gpio_api.o
    0x00005974   0x0000003a   Code   RO           67    i.gpio_init         gpio_api.o
    0x000059ae   0x00000028   Code   RO          710    i.gpio_init_in      mbed.ar(mbed_gpio.o)
    0x000059d6   0x00000002   PAD
    0x000059d8   0x00000048   Code   RO          713    i.gpio_init_out     mbed.ar(mbed_gpio.o)
    0x00005a20   0x00000068   Code   RO          714    i.gpio_init_out_ex  mbed.ar(mbed_gpio.o)
    0x00005a88   0x00000016   Code   RO           74    i.gpio_irq_disable  gpio_irq_api.o
    0x00005a9e   0x0000000e   Code   RO           75    i.gpio_irq_enable   gpio_irq_api.o
    0x00005aac   0x00000010   Code   RO           76    i.gpio_irq_free     gpio_irq_api.o
    0x00005abc   0x000000a0   Code   RO           77    i.gpio_irq_init     gpio_irq_api.o
    0x00005b5c   0x000000c8   Code   RO           78    i.gpio_irq_set      gpio_irq_api.o
    0x00005c24   0x00000006   Code   RO           68    i.gpio_mode         gpio_api.o
    0x00005c2a   0x00000002   PAD
    0x00005c2c   0x000000f0   Code   RO           79    i.handle_interrupt_in  gpio_irq_api.o
    0x00005d1c   0x00000074   Code   RO         1402    i.ldexp             m_ws.l(ldexp.o)
    0x00005d90   0x00000080   Code   RO          355    i.main              main.o
    0x00005e10   0x00000054   Code   RO          736    i.mbed_assert_internal  mbed.ar(mbed_assert.o)
    0x00005e64   0x00000120   Code   RO          105    i.mbed_die          mbed_board.o
    0x00005f84   0x00000058   Code   RO          106    i.mbed_error_printf  mbed_board.o
    0x00005fdc   0x00000050   Code   RO          107    i.mbed_error_vfprintf  mbed_board.o
    0x0000602c   0x00000004   Code   RO          764    i.mbed_interface_connected  mbed.ar(mbed_interface.o)
    0x00006030   0x00000002   Code   RO          168    i.mbed_main         retarget.o
    0x00006032   0x00000002   Code   RO          169    i.mbed_sdk_init     retarget.o
    0x00006034   0x0000005c   Code   RO          112    i.pin_function      pinmap.o
    0x00006090   0x00000090   Code   RO          113    i.pin_mode          pinmap.o
    0x00006120   0x00000022   Code   RO          720    i.pinmap_find_peripheral  mbed.ar(mbed_pinmap_common.o)
    0x00006142   0x00000002   PAD
    0x00006144   0x0000003c   Code   RO          722    i.pinmap_merge      mbed.ar(mbed_pinmap_common.o)
    0x00006180   0x0000005c   Code   RO          723    i.pinmap_peripheral  mbed.ar(mbed_pinmap_common.o)
    0x000061dc   0x00000058   Code   RO          724    i.pinmap_pinout     mbed.ar(mbed_pinmap_common.o)
    0x00006234   0x00000100   Code   RO          128    i.pwmout_init       pwmout_api.o
    0x00006334   0x0000004c   Code   RO          129    i.pwmout_period     pwmout_api.o
    0x00006380   0x00000050   Code   RO          136    i.pwmout_write      pwmout_api.o
    0x000063d0   0x00000010   Code   RO          776    i.semihost_connected  mbed.ar(mbed_semihost_api.o)
    0x000063e0   0x0000000c   Code   RO          779    i.semihost_exit     mbed.ar(mbed_semihost_api.o)
    0x000063ec   0x000001c4   Code   RO          263    i.serial_baud       serial_api.o
    0x000065b0   0x00000038   Code   RO          269    i.serial_getc       serial_api.o
    0x000065e8   0x00000180   Code   RO          270    i.serial_init       serial_api.o
    0x00006768   0x0000001c   Code   RO          271    i.serial_irq_handler  serial_api.o
    0x00006784   0x000000d4   Code   RO          273    i.serial_irq_set_internal  serial_api.o
    0x00006858   0x00000068   Code   RO          275    i.serial_putc       serial_api.o
    0x000068c0   0x0000000a   Code   RO          276    i.serial_readable   serial_api.o
    0x000068ca   0x00000002   PAD
    0x000068cc   0x0000010c   Code   RO          277    i.serial_set_flow_control  serial_api.o
    0x000069d8   0x00000058   Code   RO          278    i.serial_writable   serial_api.o
    0x00006a30   0x0000004e   Code   RO          844    i.ticker_irq_handler  mbed.ar(mbed_ticker_api.o)
    0x00006a7e   0x00000002   PAD
    0x00006a80   0x00000014   Code   RO          279    i.uart0_irq         serial_api.o
    0x00006a94   0x00000014   Code   RO          280    i.uart1_irq         serial_api.o
    0x00006aa8   0x00000014   Code   RO          281    i.uart2_irq         serial_api.o
    0x00006abc   0x00000014   Code   RO          282    i.uart3_irq         serial_api.o
    0x00006ad0   0x00000068   Code   RO          283    i.uart_irq          serial_api.o
    0x00006b38   0x0000000c   Code   RO          321    i.us_ticker_clear_interrupt  us_ticker.o
    0x00006b44   0x00000010   Code   RO          322    i.us_ticker_disable_interrupt  us_ticker.o
    0x00006b54   0x00000064   Code   RO          323    i.us_ticker_init    us_ticker.o
    0x00006bb8   0x0000000c   Code   RO          729    i.us_ticker_irq_handler  mbed.ar(mbed_us_ticker_api.o)
    0x00006bc4   0x00000064   Code   RO          324    i.us_ticker_read    us_ticker.o
    0x00006c28   0x00000014   Code   RO          325    i.us_ticker_set_interrupt  us_ticker.o
    0x00006c3c   0x00000024   Code   RO          795    i.wait              mbed.ar(mbed_wait_api_no_rtos.o)
    0x00006c60   0x0000001c   Code   RO          796    i.wait_ms           mbed.ar(mbed_wait_api_no_rtos.o)
    0x00006c7c   0x0000002c   Code   RO         1345    locale$$code        c_w.l(lc_numeric_c.o)
    0x00006ca8   0x0000002c   Code   RO         1384    locale$$code        c_w.l(lc_ctype_c.o)
    0x00006cd4   0x0000002c   Code   RO          835    t._ZN12SingletonPtrI13PlatformMutexEptEv  mbed.ar(FileBase.o)
    0x00006d00   0x00000004   Code   RO          555    t._ZN4mbed8CallbackIFvvEE13function_callIPS1_EEvPKv  mbed.ar(InterruptIn.o)
    0x00006d04   0x00000002   Code   RO          559    t._ZN4mbed8CallbackIFvvEE13function_dtorIPS1_EEvPv  mbed.ar(InterruptIn.o)
    0x00006d06   0x0000000a   Code   RO          557    t._ZN4mbed8CallbackIFvvEE13function_moveIPS1_EEvPvPKv  mbed.ar(InterruptIn.o)
    0x00006d10   0x00000012   Code   RO          590    t._ZN4mbed8CallbackIFvvEED1Ev  mbed.ar(Serial.o)
    0x00006d22   0x00000002   PAD
    0x00006d24   0x00000062   Code   RO         1047    x$fpl$d2f           fz_ws.l(d2f.o)
    0x00006d86   0x00000002   PAD
    0x00006d88   0x00000150   Code   RO         1048    x$fpl$dadd          fz_ws.l(daddsub_clz.o)
    0x00006ed8   0x00000010   Code   RO         1406    x$fpl$dcheck1       fz_ws.l(dcheck1.o)
    0x00006ee8   0x00000018   Code   RO         1215    x$fpl$dcmpinf       fz_ws.l(dcmpi.o)
    0x00006f00   0x000002b0   Code   RO         1052    x$fpl$ddiv          fz_ws.l(ddiv.o)
    0x000071b0   0x00000078   Code   RO         1390    x$fpl$deqf          fz_ws.l(deqf.o)
    0x00007228   0x0000002e   Code   RO         1056    x$fpl$dflt          fz_ws.l(dflt_clz.o)
    0x00007256   0x00000002   PAD
    0x00007258   0x00000078   Code   RO         1058    x$fpl$dleqf         fz_ws.l(dleqf.o)
    0x000072d0   0x00000154   Code   RO         1059    x$fpl$dmul          fz_ws.l(dmul.o)
    0x00007424   0x0000009c   Code   RO         1216    x$fpl$dnaninf       fz_ws.l(dnaninf.o)
    0x000074c0   0x0000000c   Code   RO         1217    x$fpl$dretinf       fz_ws.l(dretinf.o)
    0x000074cc   0x0000006c   Code   RO         1060    x$fpl$drleqf        fz_ws.l(drleqf.o)
    0x00007538   0x000001d4   Code   RO         1050    x$fpl$dsub          fz_ws.l(daddsub_clz.o)
    0x0000770c   0x00000056   Code   RO         1061    x$fpl$f2d           fz_ws.l(f2d.o)
    0x00007762   0x00000002   PAD
    0x00007764   0x00000036   Code   RO         1067    x$fpl$ffix          fz_ws.l(ffix.o)
    0x0000779a   0x00000002   PAD
    0x0000779c   0x0000003e   Code   RO         1069    x$fpl$ffixu         fz_ws.l(ffixu.o)
    0x000077da   0x00000002   PAD
    0x000077dc   0x00000026   Code   RO         1071    x$fpl$ffltu         fz_ws.l(fflt_clz.o)
    0x00007802   0x00000002   PAD
    0x00007804   0x00000102   Code   RO         1074    x$fpl$fmul          fz_ws.l(fmul.o)
    0x00007906   0x0000008c   Code   RO         1218    x$fpl$fnaninf       fz_ws.l(fnaninf.o)
    0x00007992   0x0000000a   Code   RO         1219    x$fpl$fretinf       fz_ws.l(fretinf.o)
    0x0000799c   0x00000004   Code   RO         1220    x$fpl$printf1       fz_ws.l(printf1.o)
    0x000079a0   0x00000004   Code   RO         1221    x$fpl$printf2       fz_ws.l(printf2.o)
    0x000079a4   0x00000064   Code   RO         1415    x$fpl$retnan        fz_ws.l(retnan.o)
    0x00007a08   0x0000005c   Code   RO         1399    x$fpl$scalbn        fz_ws.l(scalbn.o)
    0x00007a64   0x00000004   Code   RO         1224    x$fpl$scanf1        fz_ws.l(scanf1.o)
    0x00007a68   0x00000008   Code   RO         1368    x$fpl$scanf2        fz_ws.l(scanf2.o)
    0x00007a70   0x00000030   Code   RO         1416    x$fpl$trapveneer    fz_ws.l(trapv.o)
    0x00007aa0   0x00000000   Code   RO         1225    x$fpl$usenofp       fz_ws.l(usenofp.o)
    0x00007aa0   0x000000b4   Data   RO          137    .constdata          pwmout_api.o
    0x00007b54   0x00000017   Data   RO          218    .constdata          retarget.o
    0x00007b6b   0x00000001   PAD
    0x00007b6c   0x00000120   Data   RO          285    .constdata          serial_api.o
    0x00007c8c   0x00000014   Data   RO          730    .constdata          mbed.ar(mbed_us_ticker_api.o)
    0x00007ca0   0x00000008   Data   RO          731    .constdata          mbed.ar(mbed_us_ticker_api.o)
    0x00007ca8   0x00000028   Data   RO          901    .constdata          c_w.l(_printf_hex_int_ll_ptr.o)
    0x00007cd0   0x00000011   Data   RO          913    .constdata          c_w.l(__printf_flags_ss_wp.o)
    0x00007ce1   0x00000003   PAD
    0x00007ce4   0x00000008   Data   RO         1104    .constdata          c_w.l(_printf_wctomb.o)
    0x00007cec   0x00000026   Data   RO         1254    .constdata          c_w.l(_printf_fp_hex.o)
    0x00007d12   0x00000002   PAD
    0x00007d14   0x00000094   Data   RO         1331    .constdata          c_w.l(bigflt0.o)
    0x00007da8   0x00000034   Data   RO          240    .constdata__ZTVN4mbed10FileHandleE  retarget.o
    0x00007ddc   0x00000018   Data   RO          643    .constdata__ZTVN4mbed10SerialBaseE  mbed.ar(SerialBase.o)
    0x00007df4   0x00000010   Data   RO          548    .constdata__ZTVN4mbed11InterruptInE  mbed.ar(InterruptIn.o)
    0x00007e04   0x00000018   Data   RO          447    .constdata__ZTVN4mbed6BusOutE  mbed.ar(BusOut.o)
    0x00007e1c   0x0000006c   Data   RO          585    .constdata__ZTVN4mbed6SerialE  mbed.ar(Serial.o)
    0x00007e88   0x0000004c   Data   RO          704    .constdata__ZTVN4mbed6StreamE  mbed.ar(Stream.o)
    0x00007ed4   0x00000010   Data   RO          834    .constdata__ZTVN4mbed8FileBaseE  mbed.ar(FileBase.o)
    0x00007ee4   0x00000044   Data   RO          812    .constdata__ZTVN4mbed8FileLikeE  mbed.ar(FileLike.o)
    0x00007f28   0x00000014   Data   RO          241    .constdata__ZZN12SingletonPtrI13PlatformMutexE3getEvEs  retarget.o
    0x00007f3c   0x0000004d   Data   RO          242    .constdata__ZZN12SingletonPtrI13PlatformMutexE3getEvEs_0  retarget.o
    0x00007f89   0x00000003   PAD
    0x00007f8c   0x0000000c   Data   RO          553    .constdata__ZZN4mbed8CallbackIFvvEE8generateIPS1_EEvRKT_E3ops  mbed.ar(InterruptIn.o)
    0x00007f98   0x00000005   Data   RO          549    .constdata__ZZNK4mbed8CallbackIFvvEE4callEvEs  mbed.ar(InterruptIn.o)
    0x00007f9d   0x00000049   Data   RO          550    .constdata__ZZNK4mbed8CallbackIFvvEE4callEvEs_0  mbed.ar(InterruptIn.o)
    0x00007fe6   0x00000002   PAD
    0x00007fe8   0x00000057   Data   RO           70    .conststring        gpio_api.o
    0x0000803f   0x00000001   PAD
    0x00008040   0x0000006c   Data   RO          108    .conststring        mbed_board.o
    0x000080ac   0x00000055   Data   RO          114    .conststring        pinmap.o
    0x00008101   0x00000003   PAD
    0x00008104   0x00000059   Data   RO          138    .conststring        pwmout_api.o
    0x0000815d   0x00000003   PAD
    0x00008160   0x00000059   Data   RO          286    .conststring        serial_api.o
    0x000081b9   0x00000003   PAD
    0x000081bc   0x0000156d   Data   RO          380    .conststring        radio.o
    0x00009729   0x00000003   PAD
    0x0000972c   0x00000043   Data   RO          755    .conststring        mbed.ar(mbed_critical.o)
    0x0000976f   0x00000001   PAD
    0x00009770   0x00000020   Data   RO         1417    Region$$Table       anon$$obj.o
    0x00009790   0x00000008   Data   RO         1364    c$$dinf             fz_ws.l(fpconst.o)
    0x00009798   0x0000001c   Data   RO         1344    locale$$data        c_w.l(lc_numeric_c.o)
    0x000097b4   0x00000110   Data   RO         1383    locale$$data        c_w.l(lc_ctype_c.o)
    0x000098c4   0x00000004   Data   RO          337    .init_array         arm.o
    0x000098c8   0x00000004   Data   RO          363    .init_array         main.o
    0x000098cc   0x00000004   Data   RO          381    .init_array         radio.o
    0x000098d0   0x00000004   Data   RO          405    .init_array         rgb.o
    0x000098d4   0x00000000   Data   RO          953    .init_array         c_w.l(init_aeabi.o)


    Execution Region RW_IRAM1 (Base: 0x100000c8, Size: 0x00000598, Max: 0x00007f38, ABSOLUTE)

    Base Addr    Size         Type   Attr      Idx    E Section Name        Object

    0x100000c8   0x00000004   Data   RW           81    .data               gpio_irq_api.o
    0x100000cc   0x00000020   Data   RW          139    .data               pwmout_api.o
    0x100000ec   0x00000008   Data   RW          221    .data               retarget.o
    0x100000f4   0x00000010   Data   RW          287    .data               serial_api.o
    0x10000104   0x00000004   Data   RW          317    .data               system_LPC17xx.o
    0x10000108   0x00000004   Data   RW          326    .data               us_ticker.o
    0x1000010c   0x00000020   Data   RW          336    .data               arm.o
    0x1000012c   0x00000003   Data   RW          362    .data               main.o
    0x1000012f   0x00000001   PAD
    0x10000130   0x00000008   Data   RW          404    .data               rgb.o
    0x10000138   0x00000008   Data   RW          732    .data               mbed.ar(mbed_us_ticker_api.o)
    0x10000140   0x00000008   Data   RW          756    .data               mbed.ar(mbed_critical.o)
    0x10000148   0x0000000c   Data   RW          832    .data               mbed.ar(FileBase.o)
    0x10000154   0x00000004   Data   RW          931    .data               c_w.l(stdio_streams.o)
    0x10000158   0x00000004   Data   RW          932    .data               c_w.l(stdio_streams.o)
    0x1000015c   0x00000004   Data   RW          933    .data               c_w.l(stdio_streams.o)
    0x10000160   0x00000004   Data   RW         1286    .data               c_w.l(heapauxa.o)
    0x10000164   0x000000c0   Zero   RW           80    .bss                gpio_irq_api.o
    0x10000224   0x00000040   Zero   RW          217    .bss                retarget.o
    0x10000264   0x000000e0   Zero   RW          284    .bss                serial_api.o
    0x10000344   0x000000ac   Zero   RW          361    .bss                main.o
    0x100003f0   0x0000004c   Zero   RW          379    .bss                radio.o
    0x1000043c   0x00000004   PAD
    0x10000440   0x00000108   Zero   RW          403    .bss                rgb.o
    0x10000548   0x00000054   Zero   RW          928    .bss                c_w.l(stdio_streams.o)
    0x1000059c   0x00000054   Zero   RW          929    .bss                c_w.l(stdio_streams.o)
    0x100005f0   0x00000054   Zero   RW          930    .bss                c_w.l(stdio_streams.o)
    0x10000644   0x00000004   Zero   RW         1082    .bss                c_w.l(rt_heap_descriptor.o)
    0x10000648   0x00000014   Zero   RW         1320    .bss                c_w.l(rt_locale.o)
    0x1000065c   0x00000004   Zero   RW         1326    .bss                c_w.l(rt_errno_addr.o)


    Execution Region RW_IRAM2 (Base: 0x2007c000, Size: 0x00000000, Max: 0x00004000, ABSOLUTE)

    **** No section assigned to this execution region ****


    Execution Region RW_IRAM3 (Base: 0x20080000, Size: 0x00000000, Max: 0x00004000, ABSOLUTE)

    **** No section assigned to this execution region ****


    Execution Region RW_IRAM4 (Base: 0x40038000, Size: 0x00000000, Max: 0x00000800, ABSOLUTE)

    **** No section assigned to this execution region ****


==============================================================================

Image component sizes


      Code (inc. data)   RO Data    RW Data    ZI Data      Debug   Object Name

      1126        256          4         32          0          0   arm.o
        52          6          0          0          0          0   cmsis_nvic.o
       148         30         87          0          0          0   gpio_api.o
       652         90          0          4        192          0   gpio_irq_api.o
       370         86          4          3        172          0   main.o
       456         70        108          0          0          0   mbed_board.o
       236         48         85          0          0          0   pinmap.o
       412         72        269         32          0          0   pwmout_api.o
       468        204       5489          0         76          0   radio.o
      1196        156        172          8         64          0   retarget.o
       836        142          4          8        264          0   rgb.o
      1786        180        377         16        224          0   serial_api.o
        40         12        196          0          0          0   startup_LPC17xx.o
        16          6          0          0          0          0   sys.o
       160         10          0          4          0          0   system_LPC17xx.o
       248         64          0          4          0          0   us_ticker.o

    ----------------------------------------------------------------------
      8212       1432       6844        112        996          0   Object Totals
         0          0         32          0          0          0   (incl. Generated)
        10          0         17          1          4          0   (incl. Padding)

    ----------------------------------------------------------------------

      Code (inc. data)   RO Data    RW Data    ZI Data      Debug   Library Member Name

        60          8          0          0          0          0   __0sscanf.o
        44          6          0          0          0          0   __2sprintf.o
         8          0          0          0          0          0   __main.o
       392          4         17          0          0          0   __printf_flags_ss_wp.o
        14          0          0          0          0          0   __printf_wp.o
         0          0          0          0          0          0   __rtentry.o
        20          0          0          0          0          0   __rtentry2.o
         6          0          0          0          0          0   __rtentry4.o
        52          8          0          0          0          0   __scatter.o
        26          0          0          0          0          0   __scatter_copy.o
        28          0          0          0          0          0   __scatter_zi.o
        28          0          0          0          0          0   _chval.o
        60          0          0          0          0          0   _mbrtowc.o
         6          0          0          0          0          0   _printf_a.o
         6          0          0          0          0          0   _printf_c.o
        44          0          0          0          0          0   _printf_char.o
        48          6          0          0          0          0   _printf_char_common.o
        36          4          0          0          0          0   _printf_char_file.o
        40          0          0          0          0          0   _printf_charcount.o
         6          0          0          0          0          0   _printf_d.o
       120         16          0          0          0          0   _printf_dec.o
         6          0          0          0          0          0   _printf_e.o
         6          0          0          0          0          0   _printf_f.o
      1050          0          0          0          0          0   _printf_fp_dec.o
       764          8         38          0          0          0   _printf_fp_hex.o
       128         16          0          0          0          0   _printf_fp_infnan.o
         6          0          0          0          0          0   _printf_g.o
       148          4         40          0          0          0   _printf_hex_int_ll_ptr.o
         6          0          0          0          0          0   _printf_i.o
       178          0          0          0          0          0   _printf_intcommon.o
        10          0          0          0          0          0   _printf_l.o
         6          0          0          0          0          0   _printf_lc.o
        10          0          0          0          0          0   _printf_ll.o
         6          0          0          0          0          0   _printf_lld.o
         6          0          0          0          0          0   _printf_lli.o
         6          0          0          0          0          0   _printf_llo.o
         6          0          0          0          0          0   _printf_llu.o
         6          0          0          0          0          0   _printf_llx.o
       124         16          0          0          0          0   _printf_longlong_dec.o
         6          0          0          0          0          0   _printf_ls.o
         6          0          0          0          0          0   _printf_n.o
         6          0          0          0          0          0   _printf_o.o
       112         10          0          0          0          0   _printf_oct_int_ll.o
         6          0          0          0          0          0   _printf_p.o
        78          0          0          0          0          0   _printf_pad.o
         0          0          0          0          0          0   _printf_percent.o
         4          0          0          0          0          0   _printf_percent_end.o
         6          0          0          0          0          0   _printf_s.o
        82          0          0          0          0          0   _printf_str.o
        36          0          0          0          0          0   _printf_truncate.o
         6          0          0          0          0          0   _printf_u.o
        44          0          0          0          0          0   _printf_wchar.o
       188          6          8          0          0          0   _printf_wctomb.o
         6          0          0          0          0          0   _printf_x.o
        22          0          0          0          0          0   _rserrno.o
       884          6          0          0          0          0   _scanf.o
       332          0          0          0          0          0   _scanf_int.o
       342          0          0          0          0          0   _scanf_longlong.o
       276          0          0          0          0          0   _scanf_mbtowc.o
       224          0          0          0          0          0   _scanf_str.o
        30          0          0          0          0          0   _scanf_wcharmap.o
       232          0          0          0          0          0   _scanf_wctomb.o
       208          0          0          0          0          0   _scanf_wstr.o
        64          0          0          0          0          0   _sgetc.o
        10          0          0          0          0          0   _sputc.o
        64          0          0          0          0          0   _wcrtomb.o
        72          0          0          0          0          0   backspace.o
       220          4        148          0          0          0   bigflt0.o
      2074        132          0          0          0          0   btod.o
        10          0          0          0          0          0   c89vfprintf.o
        10          0          0          0          0          0   defsig_exit.o
        50          0          0          0          0          0   defsig_general.o
        48         34          0          0          0          0   defsig_pvfn_inner.o
        14          0          0          0          0          0   defsig_pvfn_outer.o
        80         58          0          0          0          0   defsig_rtmem_inner.o
        14          0          0          0          0          0   defsig_rtmem_outer.o
        52         38          0          0          0          0   defsig_rtred_inner.o
        14          0          0          0          0          0   defsig_rtred_outer.o
        76          0          0          0          0          0   fclose.o
         8          0          0          0          0          0   ferror.o
       100          4          0          0          0          0   fflush.o
        24          0          0          0          0          0   fgetc.o
       570          0          0          0          0          0   filbuf.o
       470          0          0          0          0          0   flsbuf.o
        56          6          0          0          0          0   flushlinebuffered.o
       236          4          0          0          0          0   fopen.o
        26          0          0          0          0          0   fputc.o
       248          6          0          0          0          0   fseek.o
        66          0          0          0          0          0   ftell.o
        94          0          0          0          0          0   h1_alloc.o
        52          0          0          0          0          0   h1_extend.o
        78          0          0          0          0          0   h1_free.o
        14          0          0          0          0          0   h1_init.o
        80          6          0          4          0          0   heapauxa.o
         4          0          0          0          0          0   hguard.o
         0          0          0          0          0          0   indicate_semi.o
        36         10          0          0          0          0   init_aeabi.o
       138          0          0          0          0          0   init_alloc.o
       312         46          0          0          0          0   initio.o
        18          0          0          0          0          0   isspace.o
        44         10        272          0          0          0   lc_ctype_c.o
        44         10         28          0          0          0   lc_numeric_c.o
         2          0          0          0          0          0   libinit.o
        46          0          0          0          0          0   libinit2.o
         0          0          0          0          0          0   libshutdown2.o
        38          0          0          0          0          0   llshl.o
       138          0          0          0          0          0   lludiv10.o
         0          0          0          0          0          0   maybetermalloc1.o
        16          4          0          0          0          0   rt_ctype_table.o
         8          4          0          0          4          0   rt_errno_addr.o
         8          4          0          0          4          0   rt_heap_descriptor.o
         8          4          0          0         20          0   rt_locale.o
        78          0          0          0          0          0   rt_memclr_w.o
       100          0          0          0          0          0   rt_memcpy_w.o
        44          8          0          0          0          0   scanf_char.o
        24          8          0          0          0          0   scanf_char_file.o
      1188         12          0          0          0          0   scanf_fp.o
       800         14          0          0          0          0   scanf_hexfp.o
       308         16          0          0          0          0   scanf_infnan.o
        20          0          0          0          0          0   setbuf.o
        70          0          0          0          0          0   setvbuf.o
       240          6          0          0          0          0   stdio.o
         0          0          0         12        252          0   stdio_streams.o
       128          0          0          0          0          0   strcmpv7m.o
        62          0          0          0          0          0   strlen.o
       150          0          0          0          0          0   strncmp.o
        12          4          0          0          0          0   sys_exit.o
        14          0          0          0          0          0   sys_wrch.o
        72         12          0          0          0          0   ungetc.o
         2          0          0          0          0          0   use_no_semi.o
        16          0          0          0          0          0   vfscanf.o
        36          4          0          0          0          0   vsprintf.o
        36          0          0          0          0          0   aeabi_vec_ctor_nocookie_nodtor.o
        34          0          0          0          0          0   aeabi_vec_dtor_noexceptions.o
         6          0          0          0          0          0   pure_virt.o
        98          4          0          0          0          0   d2f.o
       804         16          0          0          0          0   daddsub_clz.o
        16          4          0          0          0          0   dcheck1.o
        24          0          0          0          0          0   dcmpi.o
       688        140          0          0          0          0   ddiv.o
       120          4          0          0          0          0   deqf.o
        46          0          0          0          0          0   dflt_clz.o
       120          4          0          0          0          0   dleqf.o
       340         12          0          0          0          0   dmul.o
       156          4          0          0          0          0   dnaninf.o
        12          0          0          0          0          0   dretinf.o
       108          0          0          0          0          0   drleqf.o
        86          4          0          0          0          0   f2d.o
        54          4          0          0          0          0   ffix.o
        62          4          0          0          0          0   ffixu.o
        38          0          0          0          0          0   fflt_clz.o
       258          4          0          0          0          0   fmul.o
       140          4          0          0          0          0   fnaninf.o
         0          0          8          0          0          0   fpconst.o
        10          0          0          0          0          0   fretinf.o
         4          0          0          0          0          0   printf1.o
         4          0          0          0          0          0   printf2.o
       100          0          0          0          0          0   retnan.o
        92          0          0          0          0          0   scalbn.o
         4          0          0          0          0          0   scanf1.o
         8          0          0          0          0          0   scanf2.o
        48          0          0          0          0          0   trapv.o
         0          0          0          0          0          0   usenofp.o
        30          6          0          0          0          0   dunder.o
        40          0          0          0          0          0   fpclassify.o
        88          8          0          0          0          0   frexp.o
       138          0          0          0          0          0   ldexp.o
       152          4          0          0          0          0   narrow.o
       440         46         24          0          0          0   BusOut.o
       292         52         16         12          0          0   FileBase.o
        54         10         68          0          0          0   FileLike.o
       154          0          0          0          0          0   FilePath.o
       406         40        106          0          0          0   InterruptIn.o
       134         20        108          0          0          0   Serial.o
       280         30         24          0          0          0   SerialBase.o
       332         16         76          0          0          0   Stream.o
        84         52          0          0          0          0   mbed_assert.o
       228         98         67          8          0          0   mbed_critical.o
        18          0          0          0          0          0   mbed_error.o
       216         36          0          0          0          0   mbed_gpio.o
         4          0          0          0          0          0   mbed_interface.o
       274         78          0          0          0          0   mbed_pinmap_common.o
        28          6          0          0          0          0   mbed_semihost_api.o
        78          0          0          0          0          0   mbed_ticker_api.o
        12          6         28          8          0          0   mbed_us_ticker_api.o
        64          4          0          0          0          0   mbed_wait_api_no_rtos.o

    ----------------------------------------------------------------------
     22984       1308       1084         44        280          0   Library Totals
        52          2          8          0          0          0   (incl. Padding)

    ----------------------------------------------------------------------

      Code (inc. data)   RO Data    RW Data    ZI Data      Debug   Library Name

     15870        586        551         16        280          0   c_w.l
        76          0          0          0          0          0   cpprt_w.l
      3440        208          8          0          0          0   fz_ws.l
       448         18          0          0          0          0   m_ws.l
      3098        494        517         28          0          0   mbed.ar

    ----------------------------------------------------------------------
     22984       1308       1084         44        280          0   Library Totals

    ----------------------------------------------------------------------

==============================================================================


      Code (inc. data)   RO Data    RW Data    ZI Data      Debug   

     31196       2740       7928        156       1276          0   Grand Totals
     31196       2740       7928        156       1276          0   ELF Image Totals
     31196       2740       7928        156          0          0   ROM Totals

==============================================================================

    Total RO  Size (Code + RO Data)                39124 (  38.21kB)
    Total RW  Size (RW Data + ZI Data)              1432 (   1.40kB)
    Total ROM Size (Code + RO Data + RW Data)      39280 (  38.36kB)

==============================================================================

