Component: ARM Compiler 5.06 update 4 (build 422) Tool: armlink [4d35d2]

==============================================================================

Section Cross References

    analogin_api.o(i.analogin_init) refers to mbed_pinmap_common.o(i.pinmap_peripheral) for pinmap_peripheral
    analogin_api.o(i.analogin_init) refers to mbed_assert.o(i.mbed_assert_internal) for mbed_assert_internal
    analogin_api.o(i.analogin_init) refers to mbed_pinmap_common.o(i.pinmap_pinout) for pinmap_pinout
    analogin_api.o(i.analogin_init) refers to analogin_api.o(.constdata) for .constdata
    analogin_api.o(i.analogin_init) refers to analogin_api.o(.conststring) for .conststring
    analogin_api.o(i.analogin_init) refers to system_LPC17xx.o(.data) for SystemCoreClock
    analogin_api.o(i.analogin_read) refers to fflt_clz.o(x$fpl$ffltu) for __aeabi_ui2f
    analogin_api.o(i.analogin_read) refers to fmul.o(x$fpl$fmul) for __aeabi_fmul
    analogout_api.o(i.analogout_init) refers to mbed_pinmap_common.o(i.pinmap_peripheral) for pinmap_peripheral
    analogout_api.o(i.analogout_init) refers to mbed_assert.o(i.mbed_assert_internal) for mbed_assert_internal
    analogout_api.o(i.analogout_init) refers to mbed_pinmap_common.o(i.pinmap_pinout) for pinmap_pinout
    analogout_api.o(i.analogout_init) refers to analogout_api.o(.constdata) for .constdata
    analogout_api.o(i.analogout_init) refers to analogout_api.o(.conststring) for .conststring
    analogout_api.o(i.analogout_read) refers to fflt_clz.o(x$fpl$ffltu) for __aeabi_ui2f
    analogout_api.o(i.analogout_read) refers to fmul.o(x$fpl$fmul) for __aeabi_fmul
    analogout_api.o(i.analogout_write) refers to fmul.o(x$fpl$fmul) for __aeabi_fmul
    analogout_api.o(i.analogout_write) refers to ffix.o(x$fpl$ffix) for __aeabi_f2iz
    can_api.o(i.can_frequency) refers to system_LPC17xx.o(.data) for SystemCoreClock
    can_api.o(i.can_frequency) refers to can_api.o(.constdata) for .constdata
    can_api.o(i.can_init) refers to mbed_pinmap_common.o(i.pinmap_peripheral) for pinmap_peripheral
    can_api.o(i.can_init) refers to mbed_pinmap_common.o(i.pinmap_merge) for pinmap_merge
    can_api.o(i.can_init) refers to mbed_assert.o(i.mbed_assert_internal) for mbed_assert_internal
    can_api.o(i.can_init) refers to mbed_pinmap_common.o(i.pinmap_pinout) for pinmap_pinout
    can_api.o(i.can_init) refers to can_api.o(i.can_frequency) for can_frequency
    can_api.o(i.can_init) refers to can_api.o(.constdata) for .constdata
    can_api.o(i.can_init) refers to can_api.o(.conststring) for .conststring
    can_api.o(i.can_irq) refers to can_api.o(.data) for .data
    can_api.o(i.can_irq_free) refers to can_api.o(.data) for .data
    can_api.o(i.can_irq_init) refers to can_api.o(.data) for .data
    can_api.o(i.can_irq_n) refers to can_api.o(i.can_irq) for can_irq
    can_api.o(i.can_irq_set) refers to cmsis_nvic.o(i.__NVIC_SetVector) for __NVIC_SetVector
    can_api.o(i.can_irq_set) refers to can_api.o(i.can_irq_n) for can_irq_n
    can_api.o(i.can_read) refers to rt_memcpy_w.o(.text) for __aeabi_memcpy4
    can_api.o(i.can_write) refers to rt_memcpy_w.o(.text) for __aeabi_memcpy4
    cmsis_nvic.o(i.__NVIC_SetVector) refers to rt_memcpy_w.o(.text) for __aeabi_memcpy4
    ethernet_api.o(i.ethernet_address) refers to mbed_interface.o(i.mbed_mac_address) for mbed_mac_address
    ethernet_api.o(i.ethernet_init) refers to ethernet_api.o(i.phy_read) for phy_read
    ethernet_api.o(i.ethernet_init) refers to mbed_error.o(i.error) for error
    ethernet_api.o(i.ethernet_init) refers to ethernet_api.o(i.ethernet_set_link) for ethernet_set_link
    ethernet_api.o(i.ethernet_init) refers to mbed_interface.o(i.mbed_mac_address) for mbed_mac_address
    ethernet_api.o(i.ethernet_init) refers to system_LPC17xx.o(.data) for SystemCoreClock
    ethernet_api.o(i.ethernet_init) refers to ethernet_api.o(.data) for .data
    ethernet_api.o(i.ethernet_init) refers to ethernet_api.o(AHBSRAM1) for AHBSRAM1
    ethernet_api.o(i.ethernet_link) refers to ethernet_api.o(i.phy_read) for phy_read
    ethernet_api.o(i.ethernet_link) refers to ethernet_api.o(.data) for .data
    ethernet_api.o(i.ethernet_read) refers to rt_memcpy_v6.o(.text) for __aeabi_memcpy
    ethernet_api.o(i.ethernet_read) refers to ethernet_api.o(.data) for .data
    ethernet_api.o(i.ethernet_read) refers to ethernet_api.o(AHBSRAM1) for AHBSRAM1
    ethernet_api.o(i.ethernet_receive) refers to ethernet_api.o(.data) for .data
    ethernet_api.o(i.ethernet_receive) refers to ethernet_api.o(AHBSRAM1) for AHBSRAM1
    ethernet_api.o(i.ethernet_send) refers to ethernet_api.o(.data) for .data
    ethernet_api.o(i.ethernet_send) refers to ethernet_api.o(AHBSRAM1) for AHBSRAM1
    ethernet_api.o(i.ethernet_set_link) refers to ethernet_api.o(i.phy_read) for phy_read
    ethernet_api.o(i.ethernet_set_link) refers to ethernet_api.o(.data) for .data
    ethernet_api.o(i.ethernet_write) refers to rt_memcpy_v6.o(.text) for __aeabi_memcpy
[...]
    __aeabi_memclr4                          0x000009ed   Thumb Code     0  rt_memclr_w.o(.text)
    __aeabi_memclr8                          0x000009ed   Thumb Code     0  rt_memclr_w.o(.text)
    __rt_memclr_w                            0x000009ed   Thumb Code    78  rt_memclr_w.o(.text)
    _memset_w                                0x000009f1   Thumb Code     0  rt_memclr_w.o(.text)
    strcmp                                   0x00000a3d   Thumb Code   128  strcmpv7m.o(.text)
    __cpp_initialize__aeabi_                 0x00000abd   Thumb Code    26  init_aeabi.o(.text)
    __aeabi_vec_dtor                         0x00000ae1   Thumb Code    34  aeabi_vec_dtor_noexceptions.o(.text)
    _terminate_user_alloc                    0x00000b03   Thumb Code     2  init_alloc.o(.text)
    _init_user_alloc                         0x00000b05   Thumb Code     2  init_alloc.o(.text)
    __Heap_Full                              0x00000b07   Thumb Code    34  init_alloc.o(.text)
    __Heap_Broken                            0x00000b29   Thumb Code     6  init_alloc.o(.text)
    _init_alloc                              0x00000b2f   Thumb Code    94  init_alloc.o(.text)
    __Heap_Initialize                        0x00000b8d   Thumb Code    10  h1_init.o(.text)
    __Heap_DescSize                          0x00000b97   Thumb Code     4  h1_init.o(.text)
    _printf_pre_padding                      0x00000b9b   Thumb Code    44  _printf_pad.o(.text)
    _printf_post_padding                     0x00000bc7   Thumb Code    34  _printf_pad.o(.text)
    _printf_truncate_signed                  0x00000be9   Thumb Code    18  _printf_truncate.o(.text)
    _printf_truncate_unsigned                0x00000bfb   Thumb Code    18  _printf_truncate.o(.text)
    _printf_str                              0x00000c0d   Thumb Code    82  _printf_str.o(.text)
    _printf_int_common                       0x00000c5f   Thumb Code   178  _printf_intcommon.o(.text)
    _printf_int_dec                          0x00000d11   Thumb Code   104  _printf_dec.o(.text)
    _printf_charcount                        0x00000d89   Thumb Code    40  _printf_charcount.o(.text)
    _printf_char_common                      0x00000dbb   Thumb Code    32  _printf_char_common.o(.text)
    _sputc                                   0x00000de1   Thumb Code    10  _sputc.o(.text)
    _printf_char_file                        0x00000ded   Thumb Code    32  _printf_char_file.o(.text)
    _printf_wctomb                           0x00000e11   Thumb Code   182  _printf_wctomb.o(.text)
    _printf_longlong_dec                     0x00000ecd   Thumb Code   108  _printf_longlong_dec.o(.text)
    _printf_longlong_oct                     0x00000f49   Thumb Code    66  _printf_oct_int_ll.o(.text)
    _printf_int_oct                          0x00000f8b   Thumb Code    24  _printf_oct_int_ll.o(.text)
    _printf_ll_oct                           0x00000fa3   Thumb Code    12  _printf_oct_int_ll.o(.text)
    _chval                                   0x00000fb9   Thumb Code    28  _chval.o(.text)
    _scanf_longlong                          0x00000fd5   Thumb Code   342  _scanf_longlong.o(.text)
    _scanf_string                            0x0000112b   Thumb Code   224  _scanf_str.o(.text)
    __vfscanf_char                           0x00001219   Thumb Code    24  scanf_char.o(.text)
    _sgetc                                   0x00001239   Thumb Code    30  _sgetc.o(.text)
    _sbackspace                              0x00001257   Thumb Code    34  _sgetc.o(.text)
    __vfscanf_char_file                      0x00001279   Thumb Code    16  scanf_char_file.o(.text)
    _scanf_mbtowc                            0x00001291   Thumb Code   276  _scanf_mbtowc.o(.text)
    _scanf_wctomb                            0x000013a5   Thumb Code   232  _scanf_wctomb.o(.text)
    _scanf_wstring                           0x0000148d   Thumb Code   208  _scanf_wstr.o(.text)
    ferror                                   0x0000155d   Thumb Code     8  ferror.o(.text)
    _readbuf                                 0x00001565   Thumb Code    54  filbuf.o(.text)
    _seteof                                  0x0000159b   Thumb Code    40  filbuf.o(.text)
    __filbuf                                 0x000015c3   Thumb Code   476  filbuf.o(.text)
    __filbuf_byte                            0x000015c3   Thumb Code     0  filbuf.o(.text)
    __filbuf_wide                            0x000015c3   Thumb Code     0  filbuf.o(.text)
    __flsbuf                                 0x0000179f   Thumb Code   470  flsbuf.o(.text)
    __flsbuf_byte                            0x0000179f   Thumb Code     0  flsbuf.o(.text)
    __flsbuf_wide                            0x0000179f   Thumb Code     0  flsbuf.o(.text)
    _fseek                                   0x00001975   Thumb Code   242  fseek.o(.text)
    fseek                                    0x00001975   Thumb Code     0  fseek.o(.text)
    setvbuf                                  0x00001a6d   Thumb Code    70  setvbuf.o(.text)
    _seterr                                  0x00001ab5   Thumb Code    20  stdio.o(.text)
    _writebuf                                0x00001ac9   Thumb Code    84  stdio.o(.text)
    _fflush                                  0x00001b1d   Thumb Code    70  stdio.o(.text)
    _deferredlazyseek                        0x00001b63   Thumb Code    60  stdio.o(.text)
    _initio                                  0x00001ba5   Thumb Code   210  initio.o(.text)
    _terminateio                             0x00001c77   Thumb Code    56  initio.o(.text)
    __rt_SIGPVFN                             0x00001cdd   Thumb Code    14  defsig_pvfn_outer.o(.text)
    __Heap_ProvideMemory                     0x00001ceb   Thumb Code    52  h1_extend.o(.text)
    _ll_udiv10                               0x00001d1f   Thumb Code   138  lludiv10.o(.text)
    isspace                                  0x00001da9   Thumb Code    18  isspace.o(.text)
    __lib_sel_fp_printf                      0x00001dbb   Thumb Code     2  _printf_fp_dec.o(.text)
    _printf_fp_dec_real                      0x00001f69   Thumb Code   620  _printf_fp_dec.o(.text)
    _printf_fp_hex_real                      0x000021d5   Thumb Code   756  _printf_fp_hex.o(.text)
    _printf_cs_common                        0x000024d1   Thumb Code    20  _printf_char.o(.text)
    _printf_char                             0x000024e5   Thumb Code    16  _printf_char.o(.text)
    _printf_string                           0x000024f5   Thumb Code     8  _printf_char.o(.text)
    _printf_lcs_common                       0x000024fd   Thumb Code    20  _printf_wchar.o(.text)
    _printf_wchar                            0x00002511   Thumb Code    16  _printf_wchar.o(.text)
    _printf_wstring                          0x00002521   Thumb Code     8  _printf_wchar.o(.text)
    __vfscanf                                0x00002529   Thumb Code   878  _scanf.o(.text)
    _scanf_really_real                       0x00002a99   Thumb Code   668  scanf_fp.o(.text)
    _scanf_wcharmap                          0x00002d41   Thumb Code    30  _scanf_wcharmap.o(.text)
    ___backspace$unlocked                    0x00002d5f   Thumb Code     2  backspace.o(.text)
    __backspace                              0x00002d61   Thumb Code    70  backspace.o(.text)
    _ftell_internal                          0x00002da7   Thumb Code    66  ftell.o(.text)
    ftell                                    0x00002da7   Thumb Code     0  ftell.o(.text)
    _flushlinebuffered                       0x00002de9   Thumb Code    50  flushlinebuffered.o(.text)
    _mbrtowc                                 0x00002e21   Thumb Code    60  _mbrtowc.o(.text)
    _wcrtomb                                 0x00002e5d   Thumb Code    64  _wcrtomb.o(.text)
    __sig_exit                               0x00002e9d   Thumb Code    10  defsig_exit.o(.text)
    __rt_SIGRTRED                            0x00002ea7   Thumb Code    14  defsig_rtred_outer.o(.text)
    __rt_SIGRTMEM                            0x00002eb5   Thumb Code    14  defsig_rtmem_outer.o(.text)
    __rt_SIGPVFN_inner                       0x00002ec5   Thumb Code    14  defsig_pvfn_inner.o(.text)
    __rt_heap_escrow                         0x00002ef5   Thumb Code    22  heapauxa.o(.text)
    __rt_heap_expand                         0x00002f0b   Thumb Code    52  heapauxa.o(.text)
    _sys_exit                                0x00002f45   Thumb Code     8  sys_exit.o(.text)
    __rt_ctype_table                         0x00002f51   Thumb Code    16  rt_ctype_table.o(.text)
    __rt_locale                              0x00002f61   Thumb Code     8  rt_locale.o(.text)
    __aeabi_errno_addr                       0x00002f69   Thumb Code     8  rt_errno_addr.o(.text)
    __errno                                  0x00002f69   Thumb Code     0  rt_errno_addr.o(.text)
    __rt_errno_addr                          0x00002f69   Thumb Code     0  rt_errno_addr.o(.text)
    _printf_fp_infnan                        0x00002f71   Thumb Code   112  _printf_fp_infnan.o(.text)
    _btod_etento                             0x00002ff1   Thumb Code   216  bigflt0.o(.text)
    _ungetc_internal                         0x000030cd   Thumb Code    60  ungetc.o(.text)
    ungetc                                   0x000030cd   Thumb Code     0  ungetc.o(.text)
    __default_signal_display                 0x00003115   Thumb Code    50  defsig_general.o(.text)
    __rt_SIGRTRED_inner                      0x00003149   Thumb Code    14  defsig_rtred_inner.o(.text)
    __rt_SIGRTMEM_inner                      0x0000317d   Thumb Code    22  defsig_rtmem_inner.o(.text)
    _ttywrch                                 0x000031cd   Thumb Code    14  sys_wrch.o(.text)
    __I$use$semihosting                      0x000031db   Thumb Code     0  use_no_semi.o(.text)
    __use_no_semihosting_swi                 0x000031db   Thumb Code     2  use_no_semi.o(.text)
    __read_errno                             0x000031dd   Thumb Code    10  _rserrno.o(.text)
    __semihosting_library_function           0x000031dd   Thumb Code     0  indicate_semi.o(.text)
    __set_errno                              0x000031e7   Thumb Code    12  _rserrno.o(.text)
    _scanf_really_hex_real                   0x000031f5   Thumb Code   786  scanf_hexfp.o(.text)
    _scanf_really_infnan                     0x00003515   Thumb Code   292  scanf_infnan.o(.text)
    __aeabi_llsl                             0x00003649   Thumb Code     0  llshl.o(.text)
    _ll_shift_l                              0x00003649   Thumb Code    38  llshl.o(.text)
    _btod_d2e                                0x0000366f   Thumb Code    62  btod.o(CL$$btod_d2e)
    _d2e_denorm_low                          0x000036ad   Thumb Code    70  btod.o(CL$$btod_d2e_denorm_low)
    _d2e_norm_op1                            0x000036f3   Thumb Code    96  btod.o(CL$$btod_d2e_norm_op1)
    __btod_div_common                        0x00003753   Thumb Code   696  btod.o(CL$$btod_div_common)
    _e2d                                     0x00003a8d   Thumb Code    80  btod.o(CL$$btod_e2d)
    _e2e                                     0x00003ae1   Thumb Code   198  btod.o(CL$$btod_e2e)
    _btod_ediv                               0x00003ba7   Thumb Code    40  btod.o(CL$$btod_ediv)
    _btod_edivd                              0x00003bcf   Thumb Code    40  btod.o(CL$$btod_edivd)
    _btod_emul                               0x00003bf7   Thumb Code    40  btod.o(CL$$btod_emul)
    _btod_emuld                              0x00003c1f   Thumb Code    40  btod.o(CL$$btod_emuld)
    __btod_mult_common                       0x00003c47   Thumb Code   580  btod.o(CL$$btod_mult_common)
    main                                     0x00003e8b   Thumb Code    14  retarget.o(i.$Sub$$main)
    SystemInit                               0x00003ea1   Thumb Code   150  system_LPC17xx.o(i.SystemInit)
    mode_choose(int)                         0x00003f41   Thumb Code    22  main.o(i._Z11mode_choosei)
    mode_receive()                           0x00003f59   Thumb Code    16  main.o(i._Z12mode_receivev)
    arm()                                    0x00003f71   Thumb Code   644  main.o(i._Z3armv)
    mbed::DigitalOut::write(int)             0x00004255   Thumb Code    50  main.o(i._ZN4mbed10DigitalOut5writeEi)
    mbed::DigitalOut::DigitalOut(PinName)    0x000042dd   Thumb Code    26  main.o(i._ZN4mbed10DigitalOutC1E7PinName)
    mbed::DigitalOut::DigitalOut__sub_object(PinName) 0x000042dd   Thumb Code     0  main.o(i._ZN4mbed10DigitalOutC1E7PinName)
    mbed::DigitalOut::operator =(int)        0x000042f7   Thumb Code    18  main.o(i._ZN4mbed10DigitalOutaSEi)
    mbed::FileHandle::flen()                 0x00004309   Thumb Code    82  retarget.o(i._ZN4mbed10FileHandle4flenEv)
    mbed::FileHandle::lock()                 0x0000435b   Thumb Code     2  retarget.o(i._ZN4mbed10FileHandle4lockEv)
    mbed::FileHandle::unlock()               0x0000435d   Thumb Code     2  retarget.o(i._ZN4mbed10FileHandle6unlockEv)
    mbed::FileHandle::~FileHandle()          0x00004361   Thumb Code     0  retarget.o(i._ZN4mbed10FileHandleD2Ev)
    mbed::FileHandle::~FileHandle__sub_object() 0x00004361   Thumb Code    96  retarget.o(i._ZN4mbed10FileHandleD2Ev)
    mbed::SerialBase::_base_getc()           0x000043d5   Thumb Code     6  SerialBase.o(i._ZN4mbed10SerialBase10_base_getcEv)
    mbed::SerialBase::_base_putc(int)        0x000043db   Thumb Code    14  SerialBase.o(i._ZN4mbed10SerialBase10_base_putcEi)
    mbed::SerialBase::_irq_handler(unsigned, SerialIrq) 0x000043e9   Thumb Code    38  SerialBase.o(i._ZN4mbed10SerialBase12_irq_handlerEj9SerialIrq)
    mbed::SerialBase::SerialBase(PinName, PinName, int) 0x00004419   Thumb Code   116  SerialBase.o(i._ZN4mbed10SerialBaseC1E7PinNameS1_i)
    mbed::SerialBase::SerialBase__sub_object(PinName, PinName, int) 0x00004419   Thumb Code     0  SerialBase.o(i._ZN4mbed10SerialBaseC1E7PinNameS1_i)
    mbed::mbed_set_unbuffered_stream(std::__FILE*) 0x000044a1   Thumb Code     6  retarget.o(i._ZN4mbed26mbed_set_unbuffered_streamEPSt6__FILE)
    mbed::PwmOut::period(float)              0x000044a7   Thumb Code    24  main.o(i._ZN4mbed6PwmOut6periodEf)
    mbed::PwmOut::PwmOut(PinName)            0x000044bf   Thumb Code    26  main.o(i._ZN4mbed6PwmOutC1E7PinName)
    mbed::PwmOut::PwmOut__sub_object(PinName) 0x000044bf   Thumb Code     0  main.o(i._ZN4mbed6PwmOutC1E7PinName)
    mbed::PwmOut::operator =(float)          0x000044d9   Thumb Code    30  main.o(i._ZN4mbed6PwmOutaSEf)
    mbed::Serial::Serial(PinName, PinName, int) 0x000044f9   Thumb Code    30  Serial.o(i._ZN4mbed6SerialC1E7PinNameS1_i)
    mbed::Serial::Serial__sub_object(PinName, PinName, int) 0x000044f9   Thumb Code     0  Serial.o(i._ZN4mbed6SerialC1E7PinNameS1_i)
    mbed::Serial::~Serial()                  0x0000451d   Thumb Code    46  Serial.o(i._ZN4mbed6SerialD1Ev)
    mbed::Serial::~Serial__sub_object()      0x0000451d   Thumb Code     0  Serial.o(i._ZN4mbed6SerialD1Ev)
    mbed::Stream::flen()                     0x00004559   Thumb Code     4  Stream.o(i._ZN4mbed6Stream4flenEv)
    mbed::Stream::read(void*, unsigned)      0x0000455d   Thumb Code    60  Stream.o(i._ZN4mbed6Stream4readEPvj)
    mbed::Stream::close()                    0x00004599   Thumb Code     4  Stream.o(i._ZN4mbed6Stream5closeEv)
    mbed::Stream::lseek(long, int)           0x0000459d   Thumb Code     4  Stream.o(i._ZN4mbed6Stream5lseekEli)
    mbed::Stream::scanf(const char*, ...)    0x000045a1   Thumb Code    50  Stream.o(i._ZN4mbed6Stream5scanfEPKcz)
    mbed::Stream::write(const void*, unsigned) 0x000045d3   Thumb Code    60  Stream.o(i._ZN4mbed6Stream5writeEPKvj)
    mbed::Stream::isatty()                   0x0000460f   Thumb Code     4  Stream.o(i._ZN4mbed6Stream6isattyEv)
    mbed::Stream::printf(const char*, ...)   0x00004613   Thumb Code    50  Stream.o(i._ZN4mbed6Stream6printfEPKcz)
    mbed::Stream::Stream__sub_object(const char*) 0x00004645   Thumb Code    52  Stream.o(i._ZN4mbed6StreamC2EPKc)
    mbed::Stream::~Stream()                  0x00004685   Thumb Code     0  Stream.o(i._ZN4mbed6StreamD2Ev)
    mbed::Stream::~Stream__sub_object()      0x00004685   Thumb Code    28  Stream.o(i._ZN4mbed6StreamD2Ev)
    mbed::FileBase::getPathType()            0x000046a5   Thumb Code     4  FileBase.o(i._ZN4mbed8FileBase11getPathTypeEv)
    mbed::FileBase::lookup(const char*, unsigned) 0x000046a9   Thumb Code    90  FileBase.o(i._ZN4mbed8FileBase6lookupEPKcj)
    mbed::FileBase::FileBase(const char*, mbed::PathType) 0x00004715   Thumb Code    50  FileBase.o(i._ZN4mbed8FileBaseC1EPKcNS_8PathTypeE)
    mbed::FileBase::FileBase__sub_object(const char*, mbed::PathType) 0x00004715   Thumb Code     0  FileBase.o(i._ZN4mbed8FileBaseC1EPKcNS_8PathTypeE)
    mbed::FileBase::~FileBase()              0x00004755   Thumb Code    60  FileBase.o(i._ZN4mbed8FileBaseD1Ev)
    mbed::FileBase::~FileBase__sub_object()  0x00004755   Thumb Code     0  FileBase.o(i._ZN4mbed8FileBaseD1Ev)
    mbed::FileLike::FileLike__sub_object(const char*) 0x0000479d   Thumb Code    26  FileLike.o(i._ZN4mbed8FileLikeC2EPKc)
    mbed::FileLike::~FileLike()              0x000047c1   Thumb Code     0  FileLike.o(i._ZN4mbed8FileLikeD2Ev)
    mbed::FileLike::~FileLike__sub_object()  0x000047c1   Thumb Code    18  FileLike.o(i._ZN4mbed8FileLikeD2Ev)
    mbed::FilePath::fileSystem()             0x000047d3   Thumb Code    24  FilePath.o(i._ZN4mbed8FilePath10fileSystemEv)
    mbed::FilePath::file()                   0x000047eb   Thumb Code    28  FilePath.o(i._ZN4mbed8FilePath4fileEv)
    mbed::FilePath::exists()                 0x00004807   Thumb Code    10  FilePath.o(i._ZN4mbed8FilePath6existsEv)
    mbed::FilePath::isFile()                 0x00004811   Thumb Code    24  FilePath.o(i._ZN4mbed8FilePath6isFileEv)
    mbed::FilePath::fileName()               0x00004829   Thumb Code     4  FilePath.o(i._ZN4mbed8FilePath8fileNameEv)
    mbed::FilePath::FilePath(const char*)    0x0000482d   Thumb Code    64  FilePath.o(i._ZN4mbed8FilePathC1EPKc)
    mbed::FilePath::FilePath__sub_object(const char*) 0x0000482d   Thumb Code     0  FilePath.o(i._ZN4mbed8FilePathC1EPKc)
    thunk{-48} to mbed::Serial::lock()       0x0000486f   Thumb Code     2  Serial.o(i._ZThn48_N4mbed6Serial4lockEv)
    thunk{-48} to mbed::Serial::_getc()      0x00004871   Thumb Code     6  Serial.o(i._ZThn48_N4mbed6Serial5_getcEv)
    thunk{-48} to mbed::Serial::_putc(int)   0x00004877   Thumb Code     6  Serial.o(i._ZThn48_N4mbed6Serial5_putcEi)
    thunk{-48} to mbed::Serial::unlock()     0x0000487d   Thumb Code     2  Serial.o(i._ZThn48_N4mbed6Serial6unlockEv)
    __ARM_fpclassify                         0x0000487f   Thumb Code    40  fpclassify.o(i.__ARM_fpclassify)
    __NVIC_SetVector                         0x000048a9   Thumb Code    46  cmsis_nvic.o(i.__NVIC_SetVector)
    __aeabi_atexit                           0x000048dd   Thumb Code     4  retarget.o(i.__aeabi_atexit)
    __aeabi_vec_ctor_nocookie_nodtor         0x000048e1   Thumb Code    36  aeabi_vec_ctor_nocookie_nodtor.o(i.__aeabi_vec_ctor_nocookie_nodtor)
    __cxa_pure_virtual                       0x00004905   Thumb Code     6  pure_virt.o(i.__cxa_pure_virtual)
    __mathlib_dbl_overflow                   0x0000490b   Thumb Code    14  dunder.o(i.__mathlib_dbl_overflow)
    __mathlib_dbl_underflow                  0x00004919   Thumb Code    10  dunder.o(i.__mathlib_dbl_underflow)
    __mathlib_narrow                         0x00004929   Thumb Code    16  narrow.o(i.__mathlib_narrow)
    __mathlib_tofloat                        0x00004939   Thumb Code   132  narrow.o(i.__mathlib_tofloat)
    __support_ldexp                          0x00004a5d   Thumb Code    22  ldexp.o(i.__support_ldexp)
    __user_setup_stackheap                   0x00004a75   Thumb Code    10  sys.o(i.__user_setup_stackheap)
    _is_digit                                0x00004a85   Thumb Code    14  __printf_wp.o(i._is_digit)
    _platform_post_stackheap_init            0x00004a93   Thumb Code     8  retarget.o(i._platform_post_stackheap_init)
    _sys_close                               0x00004a9d   Thumb Code    40  retarget.o(i._sys_close)
    _sys_flen                                0x00004ac9   Thumb Code    34  retarget.o(i._sys_flen)
    _sys_istty                               0x00004af1   Thumb Code    34  retarget.o(i._sys_istty)
    _sys_open                                0x00004b19   Thumb Code   440  retarget.o(i._sys_open)
    _sys_read                                0x00004cfd   Thumb Code    80  retarget.o(i._sys_read)
    _sys_seek                                0x00004d5d   Thumb Code    36  retarget.o(i._sys_seek)
    _sys_write                               0x00004d85   Thumb Code    92  retarget.o(i._sys_write)
    core_util_critical_section_enter         0x00004df1   Thumb Code    70  mbed_critical.o(i.core_util_critical_section_enter)
    core_util_critical_section_exit          0x00004e7d   Thumb Code    60  mbed_critical.o(i.core_util_critical_section_exit)
    error                                    0x00004ed5   Thumb Code    18  mbed_error.o(i.error)
    exit                                     0x00004ee9   Thumb Code    36  retarget.o(i.exit)
    fgetc                                    0x00004f15   Thumb Code    24  fgetc.o(i.fgetc)
    fputc                                    0x00004f2d   Thumb Code    26  fputc.o(i.fputc)
    frexp                                    0x00004f49   Thumb Code    80  frexp.o(i.frexp)
    gpio_dir                                 0x00004fa1   Thumb Code    54  gpio_api.o(i.gpio_dir)
    gpio_init                                0x00004ff5   Thumb Code    58  gpio_api.o(i.gpio_init)
    gpio_init_in                             0x0000502f   Thumb Code    40  mbed_gpio.o(i.gpio_init_in)
    gpio_init_out                            0x00005059   Thumb Code    64  mbed_gpio.o(i.gpio_init_out)
    gpio_init_out_ex                         0x000050a1   Thumb Code    76  mbed_gpio.o(i.gpio_init_out_ex)
    gpio_mode                                0x00005109   Thumb Code     6  gpio_api.o(i.gpio_mode)
    ldexp                                    0x0000510f   Thumb Code   116  ldexp.o(i.ldexp)
    $Super$$main                             0x00005185   Thumb Code    80  main.o(i.main)
    mbed_assert_internal                     0x00005235   Thumb Code    32  mbed_assert.o(i.mbed_assert_internal)
    mbed_die                                 0x00005289   Thumb Code   244  mbed_board.o(i.mbed_die)
    mbed_error_printf                        0x000053a9   Thumb Code    74  mbed_board.o(i.mbed_error_printf)
    mbed_error_vfprintf                      0x00005401   Thumb Code    68  mbed_board.o(i.mbed_error_vfprintf)
    mbed_interface_connected                 0x00005451   Thumb Code     4  mbed_interface.o(i.mbed_interface_connected)
    mbed_main                                0x00005455   Thumb Code     2  retarget.o(i.mbed_main)
    mbed_sdk_init                            0x00005457   Thumb Code     2  retarget.o(i.mbed_sdk_init)
    pin_function                             0x00005459   Thumb Code    68  pinmap.o(i.pin_function)
    pin_mode                                 0x000054b5   Thumb Code   120  pinmap.o(i.pin_mode)
    pinmap_find_peripheral                   0x00005545   Thumb Code    34  mbed_pinmap_common.o(i.pinmap_find_peripheral)
    pinmap_merge                             0x00005569   Thumb Code    38  mbed_pinmap_common.o(i.pinmap_merge)
    pinmap_peripheral                        0x000055a5   Thumb Code    58  mbed_pinmap_common.o(i.pinmap_peripheral)
    pinmap_pinout                            0x00005601   Thumb Code    66  mbed_pinmap_common.o(i.pinmap_pinout)
    pwmout_init                              0x00005659   Thumb Code   202  pwmout_api.o(i.pwmout_init)
    pwmout_period                            0x00005759   Thumb Code    64  pwmout_api.o(i.pwmout_period)
    pwmout_write                             0x000057a5   Thumb Code    74  pwmout_api.o(i.pwmout_write)
    semihost_connected                       0x000057f5   Thumb Code    10  mbed_semihost_api.o(i.semihost_connected)
    semihost_exit                            0x00005805   Thumb Code    12  mbed_semihost_api.o(i.semihost_exit)
    serial_baud                              0x00005811   Thumb Code   408  serial_api.o(i.serial_baud)
    serial_getc                              0x000059d5   Thumb Code    52  serial_api.o(i.serial_getc)
    serial_init                              0x00005a0d   Thumb Code   344  serial_api.o(i.serial_init)
    serial_irq_handler                       0x00005b8d   Thumb Code    18  serial_api.o(i.serial_irq_handler)
    serial_putc                              0x00005c7d   Thumb Code   100  serial_api.o(i.serial_putc)
    serial_set_flow_control                  0x00005ce5   Thumb Code   252  serial_api.o(i.serial_set_flow_control)
    ticker_irq_handler                       0x00005df1   Thumb Code    78  mbed_ticker_api.o(i.ticker_irq_handler)
    uart0_irq                                0x00005e41   Thumb Code    14  serial_api.o(i.uart0_irq)
    uart1_irq                                0x00005e55   Thumb Code    14  serial_api.o(i.uart1_irq)
    uart2_irq                                0x00005e69   Thumb Code    14  serial_api.o(i.uart2_irq)
    uart3_irq                                0x00005e7d   Thumb Code    14  serial_api.o(i.uart3_irq)
    us_ticker_clear_interrupt                0x00005ef9   Thumb Code     8  us_ticker.o(i.us_ticker_clear_interrupt)
    us_ticker_disable_interrupt              0x00005f05   Thumb Code    12  us_ticker.o(i.us_ticker_disable_interrupt)
    us_ticker_init                           0x00005f15   Thumb Code    76  us_ticker.o(i.us_ticker_init)
    us_ticker_irq_handler                    0x00005f79   Thumb Code     6  mbed_us_ticker_api.o(i.us_ticker_irq_handler)
    us_ticker_read                           0x00005f85   Thumb Code    74  us_ticker.o(i.us_ticker_read)
    us_ticker_set_interrupt                  0x00005fe9   Thumb Code    14  us_ticker.o(i.us_ticker_set_interrupt)
    wait                                     0x00005ffd   Thumb Code    32  mbed_wait_api_no_rtos.o(i.wait)
    wait_ms                                  0x00006021   Thumb Code    28  mbed_wait_api_no_rtos.o(i.wait_ms)
    _get_lc_numeric                          0x0000603d   Thumb Code    44  lc_numeric_c.o(locale$$code)
    _get_lc_ctype                            0x00006069   Thumb Code    44  lc_ctype_c.o(locale$$code)
    SingletonPtr<PlatformMutex>::operator ->() 0x00006095   Thumb Code    36  FileBase.o(t._ZN12SingletonPtrI13PlatformMutexEptEv)
    void mbed::Callback<void()>::function_call<void(*)()>(const void*) 0x000060c1   Thumb Code     4  SerialBase.o(t._ZN4mbed8CallbackIFvvEE13function_callIPS1_EEvPKv)
    void mbed::Callback<void()>::function_dtor<void(*)()>(void*) 0x000060c5   Thumb Code     2  SerialBase.o(t._ZN4mbed8CallbackIFvvEE13function_dtorIPS1_EEvPv)
    void mbed::Callback<void()>::function_move<void(*)()>(void*, const void*) 0x000060c7   Thumb Code    10  SerialBase.o(t._ZN4mbed8CallbackIFvvEE13function_moveIPS1_EEvPvPKv)
    mbed::Callback<void()>::~Callback()      0x000060d1   Thumb Code    18  Serial.o(t._ZN4mbed8CallbackIFvvEED1Ev)
    mbed::Callback<void()>::~Callback__sub_object() 0x000060d1   Thumb Code     0  Serial.o(t._ZN4mbed8CallbackIFvvEED1Ev)
    __aeabi_d2f                              0x000060e5   Thumb Code     0  d2f.o(x$fpl$d2f)
    _d2f                                     0x000060e5   Thumb Code    98  d2f.o(x$fpl$d2f)
    __aeabi_dadd                             0x00006149   Thumb Code     0  daddsub_clz.o(x$fpl$dadd)
    _dadd                                    0x00006149   Thumb Code   332  daddsub_clz.o(x$fpl$dadd)
    __fpl_dcheck_NaN1                        0x00006299   Thumb Code    10  dcheck1.o(x$fpl$dcheck1)
    __fpl_dcmp_Inf                           0x000062a9   Thumb Code    24  dcmpi.o(x$fpl$dcmpinf)
    __aeabi_cdcmpeq                          0x000062c1   Thumb Code     0  deqf.o(x$fpl$deqf)
    _dcmpeq                                  0x000062c1   Thumb Code   120  deqf.o(x$fpl$deqf)
    __aeabi_cdcmple                          0x00006339   Thumb Code     0  dleqf.o(x$fpl$dleqf)
    _dcmple                                  0x00006339   Thumb Code   120  dleqf.o(x$fpl$dleqf)
    __fpl_dcmple_InfNaN                      0x0000639b   Thumb Code     0  dleqf.o(x$fpl$dleqf)
    __fpl_dnaninf                            0x000063b1   Thumb Code   156  dnaninf.o(x$fpl$dnaninf)
    __fpl_dretinf                            0x0000644d   Thumb Code    12  dretinf.o(x$fpl$dretinf)
    __aeabi_cdrcmple                         0x00006459   Thumb Code     0  drleqf.o(x$fpl$drleqf)
    _drcmple                                 0x00006459   Thumb Code   108  drleqf.o(x$fpl$drleqf)
    __aeabi_dsub                             0x000064c5   Thumb Code     0  daddsub_clz.o(x$fpl$dsub)
    _dsub                                    0x000064c5   Thumb Code   464  daddsub_clz.o(x$fpl$dsub)
    __aeabi_f2d                              0x00006699   Thumb Code     0  f2d.o(x$fpl$f2d)
    _f2d                                     0x00006699   Thumb Code    86  f2d.o(x$fpl$f2d)
    __aeabi_f2iz                             0x000066f1   Thumb Code     0  ffix.o(x$fpl$ffix)
    _ffix                                    0x000066f1   Thumb Code    54  ffix.o(x$fpl$ffix)
    __aeabi_f2uiz                            0x00006729   Thumb Code     0  ffixu.o(x$fpl$ffixu)
    _ffixu                                   0x00006729   Thumb Code    62  ffixu.o(x$fpl$ffixu)
    __aeabi_ui2f                             0x00006769   Thumb Code     0  fflt_clz.o(x$fpl$ffltu)
    _ffltu                                   0x00006769   Thumb Code    38  fflt_clz.o(x$fpl$ffltu)
    __aeabi_fmul                             0x00006791   Thumb Code     0  fmul.o(x$fpl$fmul)
    _fmul                                    0x00006791   Thumb Code   258  fmul.o(x$fpl$fmul)
    __fpl_fnaninf                            0x00006893   Thumb Code   140  fnaninf.o(x$fpl$fnaninf)
    __fpl_fretinf                            0x0000691f   Thumb Code    10  fretinf.o(x$fpl$fretinf)
    _printf_fp_dec                           0x00006929   Thumb Code     4  printf1.o(x$fpl$printf1)
    _printf_fp_hex                           0x0000692d   Thumb Code     4  printf2.o(x$fpl$printf2)
    __fpl_return_NaN                         0x00006931   Thumb Code   100  retnan.o(x$fpl$retnan)
    __ARM_scalbn                             0x00006995   Thumb Code    92  scalbn.o(x$fpl$scalbn)
    _scanf_real                              0x000069f1   Thumb Code     4  scanf1.o(x$fpl$scanf1)
    _scanf_hex_real                          0x000069f5   Thumb Code     4  scanf2.o(x$fpl$scanf2)
    _scanf_infnan                            0x000069f9   Thumb Code     4  scanf2.o(x$fpl$scanf2)
    __fpl_cmpreturn                          0x000069fd   Thumb Code    48  trapv.o(x$fpl$trapveneer)
    __I$use$fp                               0x00006a2c   Number         0  usenofp.o(x$fpl$usenofp)
    __stdin_name                             0x00006ae0   Data           7  retarget.o(.constdata)
    __stdout_name                            0x00006ae7   Data           8  retarget.o(.constdata)
    __stderr_name                            0x00006aef   Data           8  retarget.o(.constdata)
    vtable for mbed::FileHandle              0x00006d34   Data          52  retarget.o(.constdata__ZTVN4mbed10FileHandleE)
    vtable for mbed::SerialBase              0x00006d68   Data          24  SerialBase.o(.constdata__ZTVN4mbed10SerialBaseE)
    vtable for mbed::Serial                  0x00006d80   Data         108  Serial.o(.constdata__ZTVN4mbed6SerialE)
    vtable for mbed::Stream                  0x00006dec   Data          76  Stream.o(.constdata__ZTVN4mbed6StreamE)
    vtable for mbed::FileBase                0x00006e38   Data          16  FileBase.o(.constdata__ZTVN4mbed8FileBaseE)
    vtable for mbed::FileLike                0x00006e48   Data          68  FileLike.o(.constdata__ZTVN4mbed8FileLikeE)
    SingletonPtr<PlatformMutex>::get()::string 0x00006e8c   Data          20  retarget.o(.constdata__ZZN12SingletonPtrI13PlatformMutexE3getEvEs)
    SingletonPtr<PlatformMutex>::get()::string (instance 2) 0x00006ea0   Data          77  retarget.o(.constdata__ZZN12SingletonPtrI13PlatformMutexE3getEvEs_0)
    void mbed::Callback<void()>::generate<void(*)()>(const T1&)::ops 0x00006ef0   Data          12  SerialBase.o(.constdata__ZZN4mbed8CallbackIFvvEE8generateIPS1_EEvRKT_E3ops)
    mbed::Callback<void()>::call() const::string 0x00006efc   Data           5  SerialBase.o(.constdata__ZZNK4mbed8CallbackIFvvEE4callEvEs)
    mbed::Callback<void()>::call() const::string (instance 2) 0x00006f01   Data          73  SerialBase.o(.constdata__ZZNK4mbed8CallbackIFvvEE4callEvEs_0)
    Region$$Table$$Base                      0x00007164   Number         0  anon$$obj.o(Region$$Table)
    Region$$Table$$Limit                     0x00007184   Number         0  anon$$obj.o(Region$$Table)
    __aeabi_HUGE_VAL                         0x00007184   Data           0  fpconst.o(c$$dinf)
    __aeabi_HUGE_VALL                        0x00007184   Data           0  fpconst.o(c$$dinf)
    __aeabi_INFINITY                         0x00007184   Data           0  fpconst.o(c$$dinf)
    __dInf                                   0x00007184   Data           0  fpconst.o(c$$dinf)
    __huge_val                               0x00007184   Data           0  fpconst.o(c$$dinf)
    __ctype                                  0x000071b5   Data           0  lc_ctype_c.o(locale$$data)
    SHT$$INIT_ARRAY$$Base                    0x000072b8   Number         0  main.o(.init_array)
    SHT$$INIT_ARRAY$$Limit                   0x000072bc   Number         0  init_aeabi.o(.init_array)
    PWM_MATCH                                0x100000cc   Data          28  pwmout_api.o(.data)
    stdio_uart_inited                        0x100000f0   Data           4  serial_api.o(.data)
    stdio_uart                               0x100000f8   Data           8  serial_api.o(.data)
    SystemCoreClock                          0x10000100   Data           4  system_LPC17xx.o(.data)
    us_ticker_inited                         0x10000104   Data           4  us_ticker.o(.data)
    pwm1                                     0x10000108   Data           8  main.o(.data)
    pwm2                                     0x10000110   Data           8  main.o(.data)
    pwm3                                     0x10000118   Data           8  main.o(.data)
    pwm4                                     0x10000120   Data           8  main.o(.data)
    error_code                               0x10000128   Data           4  main.o(.data)
    mbed::FileBase::_head                    0x1000013c   Data           4  FileBase.o(.data)
    mbed::FileBase::_mutex                   0x10000140   Data           8  FileBase.o(.data)
    __aeabi_stdin                            0x10000148   Data           4  stdio_streams.o(.data)
    __aeabi_stdout                           0x1000014c   Data           4  stdio_streams.o(.data)
    __aeabi_stderr                           0x10000150   Data           4  stdio_streams.o(.data)
    led1                                     0x10000278   Data          24  main.o(.bss)
    led2                                     0x10000290   Data          24  main.o(.bss)
    led3                                     0x100002a8   Data          24  main.o(.bss)
    led4                                     0x100002c0   Data          24  main.o(.bss)
    pc                                       0x100002d8   Data          76  main.o(.bss)
    __stdin                                  0x10000324   Data          84  stdio_streams.o(.bss)
    __stdout                                 0x10000378   Data          84  stdio_streams.o(.bss)
    __stderr                                 0x100003cc   Data          84  stdio_streams.o(.bss)
    Image$$RW_IRAM1$$ZI$$Limit               0x1000043c   Number         0  anon$$obj.o ABSOLUTE



==============================================================================

Memory Map of the image

  Image Entry point : 0x000000c5

  Load Region LR_IROM1 (Base: 0x00000000, Size: 0x0000734c, Max: 0x00080000, ABSOLUTE)

    Execution Region ER_IROM1 (Base: 0x00000000, Size: 0x000072bc, Max: 0x00080000, ABSOLUTE)

    Base Addr    Size         Type   Attr      Idx    E Section Name        Object

    0x00000000   0x000000c4   Data   RO          307    RESET               startup_LPC17xx.o
    0x000000c4   0x00000008   Code   RO          904  * !!!main             c_w.l(__main.o)
    0x000000cc   0x00000034   Code   RO         1368    !!!scatter          c_w.l(__scatter.o)
    0x00000100   0x0000001a   Code   RO         1369    !!handler_copy      c_w.l(__scatter_copy.o)
    0x0000011a   0x00000002   PAD
    0x0000011c   0x0000001c   Code   RO         1370    !!handler_zi        c_w.l(__scatter_zi.o)
    0x00000138   0x00000000   Code   RO          868    .ARM.Collect$$_printf_percent$$00000000  c_w.l(_printf_percent.o)
    0x00000138   0x00000006   Code   RO         1058    .ARM.Collect$$_printf_percent$$00000001  c_w.l(_printf_n.o)
    0x0000013e   0x00000006   Code   RO          867    .ARM.Collect$$_printf_percent$$00000002  c_w.l(_printf_p.o)
    0x00000144   0x00000006   Code   RO         1064    .ARM.Collect$$_printf_percent$$00000003  c_w.l(_printf_f.o)
    0x0000014a   0x00000006   Code   RO         1065    .ARM.Collect$$_printf_percent$$00000004  c_w.l(_printf_e.o)
    0x00000150   0x00000006   Code   RO         1066    .ARM.Collect$$_printf_percent$$00000005  c_w.l(_printf_g.o)
    0x00000156   0x00000006   Code   RO         1067    .ARM.Collect$$_printf_percent$$00000006  c_w.l(_printf_a.o)
    0x0000015c   0x0000000a   Code   RO         1072    .ARM.Collect$$_printf_percent$$00000007  c_w.l(_printf_ll.o)
    0x00000166   0x00000006   Code   RO         1061    .ARM.Collect$$_printf_percent$$00000008  c_w.l(_printf_i.o)
    0x0000016c   0x00000006   Code   RO         1062    .ARM.Collect$$_printf_percent$$00000009  c_w.l(_printf_d.o)
    0x00000172   0x00000006   Code   RO         1063    .ARM.Collect$$_printf_percent$$0000000A  c_w.l(_printf_u.o)
    0x00000178   0x00000006   Code   RO         1060    .ARM.Collect$$_printf_percent$$0000000B  c_w.l(_printf_o.o)
    0x0000017e   0x00000006   Code   RO         1059    .ARM.Collect$$_printf_percent$$0000000C  c_w.l(_printf_x.o)
    0x00000184   0x00000006   Code   RO         1069    .ARM.Collect$$_printf_percent$$0000000D  c_w.l(_printf_lli.o)
    0x0000018a   0x00000006   Code   RO         1070    .ARM.Collect$$_printf_percent$$0000000E  c_w.l(_printf_lld.o)
    0x00000190   0x00000006   Code   RO         1071    .ARM.Collect$$_printf_percent$$0000000F  c_w.l(_printf_llu.o)
    0x00000196   0x00000006   Code   RO         1076    .ARM.Collect$$_printf_percent$$00000010  c_w.l(_printf_llo.o)
    0x0000019c   0x00000006   Code   RO         1077    .ARM.Collect$$_printf_percent$$00000011  c_w.l(_printf_llx.o)
    0x000001a2   0x0000000a   Code   RO         1073    .ARM.Collect$$_printf_percent$$00000012  c_w.l(_printf_l.o)
    0x000001ac   0x00000006   Code   RO         1056    .ARM.Collect$$_printf_percent$$00000013  c_w.l(_printf_c.o)
    0x000001b2   0x00000006   Code   RO         1057    .ARM.Collect$$_printf_percent$$00000014  c_w.l(_printf_s.o)
    0x000001b8   0x00000006   Code   RO         1074    .ARM.Collect$$_printf_percent$$00000015  c_w.l(_printf_lc.o)
    0x000001be   0x00000006   Code   RO         1075    .ARM.Collect$$_printf_percent$$00000016  c_w.l(_printf_ls.o)
    0x000001c4   0x00000004   Code   RO         1068    .ARM.Collect$$_printf_percent$$00000017  c_w.l(_printf_percent_end.o)
    0x000001c8   0x00000002   Code   RO         1304    .ARM.Collect$$libinit$$00000000  c_w.l(libinit.o)
    0x000001ca   0x00000000   Code   RO         1104    .ARM.Collect$$libinit$$00000002  c_w.l(libinit2.o)
    0x000001ca   0x00000000   Code   RO         1106    .ARM.Collect$$libinit$$00000004  c_w.l(libinit2.o)
    0x000001ca   0x00000008   Code   RO         1107    .ARM.Collect$$libinit$$00000005  c_w.l(libinit2.o)
    0x000001d2   0x00000000   Code   RO         1109    .ARM.Collect$$libinit$$0000000A  c_w.l(libinit2.o)
    0x000001d2   0x00000000   Code   RO         1111    .ARM.Collect$$libinit$$0000000C  c_w.l(libinit2.o)
    0x000001d2   0x00000000   Code   RO         1113    .ARM.Collect$$libinit$$0000000E  c_w.l(libinit2.o)
    0x000001d2   0x00000006   Code   RO         1114    .ARM.Collect$$libinit$$0000000F  c_w.l(libinit2.o)
    0x000001d8   0x00000000   Code   RO         1116    .ARM.Collect$$libinit$$00000011  c_w.l(libinit2.o)
    0x000001d8   0x0000000c   Code   RO         1117    .ARM.Collect$$libinit$$00000012  c_w.l(libinit2.o)
    0x000001e4   0x00000000   Code   RO         1118    .ARM.Collect$$libinit$$00000013  c_w.l(libinit2.o)
    0x000001e4   0x00000000   Code   RO         1120    .ARM.Collect$$libinit$$00000015  c_w.l(libinit2.o)
    0x000001e4   0x0000000a   Code   RO         1121    .ARM.Collect$$libinit$$00000016  c_w.l(libinit2.o)
    0x000001ee   0x00000000   Code   RO         1122    .ARM.Collect$$libinit$$00000017  c_w.l(libinit2.o)
    0x000001ee   0x00000000   Code   RO         1124    .ARM.Collect$$libinit$$00000019  c_w.l(libinit2.o)
    0x000001ee   0x00000000   Code   RO         1126    .ARM.Collect$$libinit$$0000001B  c_w.l(libinit2.o)
    0x000001ee   0x00000000   Code   RO         1128    .ARM.Collect$$libinit$$0000001D  c_w.l(libinit2.o)
    0x000001ee   0x00000000   Code   RO         1130    .ARM.Collect$$libinit$$0000001F  c_w.l(libinit2.o)
    0x000001ee   0x00000000   Code   RO         1132    .ARM.Collect$$libinit$$00000021  c_w.l(libinit2.o)
    0x000001ee   0x00000000   Code   RO         1134    .ARM.Collect$$libinit$$00000023  c_w.l(libinit2.o)
    0x000001ee   0x00000004   Code   RO         1135    .ARM.Collect$$libinit$$00000024  c_w.l(libinit2.o)
    0x000001f2   0x00000000   Code   RO         1136    .ARM.Collect$$libinit$$00000025  c_w.l(libinit2.o)
    0x000001f2   0x00000000   Code   RO         1140    .ARM.Collect$$libinit$$0000002C  c_w.l(libinit2.o)
    0x000001f2   0x00000000   Code   RO         1142    .ARM.Collect$$libinit$$0000002E  c_w.l(libinit2.o)
    0x000001f2   0x00000000   Code   RO         1144    .ARM.Collect$$libinit$$00000030  c_w.l(libinit2.o)
    0x000001f2   0x00000004   Code   RO         1145    .ARM.Collect$$libinit$$00000031  c_w.l(libinit2.o)
    0x000001f6   0x00000000   Code   RO         1146    .ARM.Collect$$libinit$$00000032  c_w.l(libinit2.o)
    0x000001f6   0x00000002   Code   RO         1147    .ARM.Collect$$libinit$$00000033  c_w.l(libinit2.o)
    0x000001f8   0x00000000   Code   RO         1239    .ARM.Collect$$libshutdown$$00000004  c_w.l(libshutdown2.o)
    0x000001f8   0x00000000   Code   RO         1025    .ARM.Collect$$rtentry$$00000000  c_w.l(__rtentry.o)
    0x000001f8   0x00000000   Code   RO         1176    .ARM.Collect$$rtentry$$00000002  c_w.l(__rtentry2.o)
    0x000001f8   0x00000006   Code   RO         1188    .ARM.Collect$$rtentry$$00000004  c_w.l(__rtentry4.o)
    0x000001fe   0x00000008   Code   RO         1177    .ARM.Collect$$rtentry$$00000008  c_w.l(__rtentry2.o)
    0x00000206   0x00000004   Code   RO         1179    .ARM.Collect$$rtentry$$0000000A  c_w.l(__rtentry2.o)
    0x0000020a   0x00000000   Code   RO         1181    .ARM.Collect$$rtentry$$0000000C  c_w.l(__rtentry2.o)
    0x0000020a   0x00000008   Code   RO         1182    .ARM.Collect$$rtentry$$0000000D  c_w.l(__rtentry2.o)
    0x00000212   0x00000002   PAD
    0x00000214   0x00000000   Code   RO         1193    .emb_text           c_w.l(maybetermalloc1.o)
    0x00000214   0x00000024   Code   RO          309    .text               startup_LPC17xx.o
    0x00000238   0x0000005e   Code   RO          805    .text               c_w.l(h1_alloc.o)
    0x00000296   0x0000004e   Code   RO          806    .text               c_w.l(h1_free.o)
    0x000002e4   0x0000000a   Code   RO          837    .text               c_w.l(c89vfprintf.o)
    0x000002ee   0x00000002   PAD
    0x000002f0   0x00000008   Code   RO         1028    .text               c_w.l(rt_heap_descriptor.o)
    0x000002f8   0x00000004   Code   RO         1031    .text               c_w.l(hguard.o)
    0x000002fc   0x00000004   Code   RO          308    .ARM.__at_0x02FC    startup_LPC17xx.o
    0x00000300   0x00000024   Code   RO          836    .text               c_w.l(vsprintf.o)
    0x00000324   0x0000002c   Code   RO          838    .text               c_w.l(__2sprintf.o)
    0x00000350   0x00000094   Code   RO          853    .text               c_w.l(_printf_hex_int_ll_ptr.o)
    0x000003e4   0x00000188   Code   RO          865    .text               c_w.l(__printf_flags_ss_wp.o)
    0x0000056c   0x00000010   Code   RO          869    .text               c_w.l(vfscanf.o)
    0x0000057c   0x0000003c   Code   RO          870    .text               c_w.l(__0sscanf.o)
    0x000005b8   0x0000014c   Code   RO          871    .text               c_w.l(_scanf_int.o)
    0x00000704   0x00000064   Code   RO          872    .text               c_w.l(fflush.o)
    0x00000768   0x000000ec   Code   RO          879    .text               c_w.l(fopen.o)
    0x00000854   0x00000014   Code   RO          880    .text               c_w.l(setbuf.o)
    0x00000868   0x0000004c   Code   RO          887    .text               c_w.l(fclose.o)
    0x000008b4   0x0000003e   Code   RO          893    .text               c_w.l(strlen.o)
    0x000008f2   0x00000096   Code   RO          894    .text               c_w.l(strncmp.o)
    0x00000988   0x00000064   Code   RO          896    .text               c_w.l(rt_memcpy_w.o)
    0x000009ec   0x0000004e   Code   RO          898    .text               c_w.l(rt_memclr_w.o)
    0x00000a3a   0x00000002   PAD
    0x00000a3c   0x00000080   Code   RO          900    .text               c_w.l(strcmpv7m.o)
    0x00000abc   0x00000024   Code   RO          908    .text               c_w.l(init_aeabi.o)
    0x00000ae0   0x00000022   Code   RO          998    .text               cpprt_w.l(aeabi_vec_dtor_noexceptions.o)
    0x00000b02   0x0000008a   Code   RO         1032    .text               c_w.l(init_alloc.o)
    0x00000b8c   0x0000000e   Code   RO         1034    .text               c_w.l(h1_init.o)
    0x00000b9a   0x0000004e   Code   RO         1041    .text               c_w.l(_printf_pad.o)
    0x00000be8   0x00000024   Code   RO         1042    .text               c_w.l(_printf_truncate.o)
    0x00000c0c   0x00000052   Code   RO         1043    .text               c_w.l(_printf_str.o)
    0x00000c5e   0x000000b2   Code   RO         1044    .text               c_w.l(_printf_intcommon.o)
    0x00000d10   0x00000078   Code   RO         1045    .text               c_w.l(_printf_dec.o)
    0x00000d88   0x00000028   Code   RO         1046    .text               c_w.l(_printf_charcount.o)
    0x00000db0   0x00000030   Code   RO         1047    .text               c_w.l(_printf_char_common.o)
    0x00000de0   0x0000000a   Code   RO         1048    .text               c_w.l(_sputc.o)
    0x00000dea   0x00000002   PAD
    0x00000dec   0x00000024   Code   RO         1049    .text               c_w.l(_printf_char_file.o)
    0x00000e10   0x000000bc   Code   RO         1050    .text               c_w.l(_printf_wctomb.o)
    0x00000ecc   0x0000007c   Code   RO         1052    .text               c_w.l(_printf_longlong_dec.o)
    0x00000f48   0x00000070   Code   RO         1055    .text               c_w.l(_printf_oct_int_ll.o)
    0x00000fb8   0x0000001c   Code   RO         1078    .text               c_w.l(_chval.o)
    0x00000fd4   0x00000156   Code   RO         1079    .text               c_w.l(_scanf_longlong.o)
    0x0000112a   0x000000e0   Code   RO         1080    .text               c_w.l(_scanf_str.o)
    0x0000120a   0x00000002   PAD
    0x0000120c   0x0000002c   Code   RO         1081    .text               c_w.l(scanf_char.o)
    0x00001238   0x00000040   Code   RO         1082    .text               c_w.l(_sgetc.o)
    0x00001278   0x00000018   Code   RO         1083    .text               c_w.l(scanf_char_file.o)
    0x00001290   0x00000114   Code   RO         1084    .text               c_w.l(_scanf_mbtowc.o)
    0x000013a4   0x000000e8   Code   RO         1085    .text               c_w.l(_scanf_wctomb.o)
    0x0000148c   0x000000d0   Code   RO         1086    .text               c_w.l(_scanf_wstr.o)
    0x0000155c   0x00000008   Code   RO         1087    .text               c_w.l(ferror.o)
    0x00001564   0x0000023a   Code   RO         1088    .text               c_w.l(filbuf.o)
    0x0000179e   0x000001d6   Code   RO         1089    .text               c_w.l(flsbuf.o)
    0x00001974   0x000000f8   Code   RO         1090    .text               c_w.l(fseek.o)
    0x00001a6c   0x00000046   Code   RO         1091    .text               c_w.l(setvbuf.o)
    0x00001ab2   0x00000002   PAD
    0x00001ab4   0x000000f0   Code   RO         1092    .text               c_w.l(stdio.o)
    0x00001ba4   0x00000138   Code   RO         1094    .text               c_w.l(initio.o)
    0x00001cdc   0x0000000e   Code   RO         1098    .text               c_w.l(defsig_pvfn_outer.o)
    0x00001cea   0x00000034   Code   RO         1195    .text               c_w.l(h1_extend.o)
    0x00001d1e   0x0000008a   Code   RO         1197    .text               c_w.l(lludiv10.o)
    0x00001da8   0x00000012   Code   RO         1198    .text               c_w.l(isspace.o)
    0x00001dba   0x0000041a   Code   RO         1199    .text               c_w.l(_printf_fp_dec.o)
    0x000021d4   0x000002fc   Code   RO         1200    .text               c_w.l(_printf_fp_hex.o)
    0x000024d0   0x0000002c   Code   RO         1203    .text               c_w.l(_printf_char.o)
    0x000024fc   0x0000002c   Code   RO         1205    .text               c_w.l(_printf_wchar.o)
    0x00002528   0x00000374   Code   RO         1206    .text               c_w.l(_scanf.o)
    0x0000289c   0x000004a4   Code   RO         1207    .text               c_w.l(scanf_fp.o)
    0x00002d40   0x0000001e   Code   RO         1209    .text               c_w.l(_scanf_wcharmap.o)
    0x00002d5e   0x00000048   Code   RO         1210    .text               c_w.l(backspace.o)
    0x00002da6   0x00000042   Code   RO         1211    .text               c_w.l(ftell.o)
    0x00002de8   0x00000038   Code   RO         1215    .text               c_w.l(flushlinebuffered.o)
    0x00002e20   0x0000003c   Code   RO         1223    .text               c_w.l(_mbrtowc.o)
    0x00002e5c   0x00000040   Code   RO         1224    .text               c_w.l(_wcrtomb.o)
    0x00002e9c   0x0000000a   Code   RO         1225    .text               c_w.l(defsig_exit.o)
    0x00002ea6   0x0000000e   Code   RO         1226    .text               c_w.l(defsig_rtred_outer.o)
    0x00002eb4   0x0000000e   Code   RO         1228    .text               c_w.l(defsig_rtmem_outer.o)
    0x00002ec2   0x00000002   PAD
    0x00002ec4   0x00000030   Code   RO         1230    .text               c_w.l(defsig_pvfn_inner.o)
    0x00002ef4   0x00000050   Code   RO         1232    .text               c_w.l(heapauxa.o)
    0x00002f44   0x0000000c   Code   RO         1264    .text               c_w.l(sys_exit.o)
    0x00002f50   0x00000010   Code   RO         1265    .text               c_w.l(rt_ctype_table.o)
    0x00002f60   0x00000008   Code   RO         1266    .text               c_w.l(rt_locale.o)
    0x00002f68   0x00000008   Code   RO         1272    .text               c_w.l(rt_errno_addr.o)
    0x00002f70   0x00000080   Code   RO         1276    .text               c_w.l(_printf_fp_infnan.o)
    0x00002ff0   0x000000dc   Code   RO         1277    .text               c_w.l(bigflt0.o)
    0x000030cc   0x00000048   Code   RO         1290    .text               c_w.l(ungetc.o)
    0x00003114   0x00000032   Code   RO         1295    .text               c_w.l(defsig_general.o)
    0x00003146   0x00000002   PAD
    0x00003148   0x00000034   Code   RO         1298    .text               c_w.l(defsig_rtred_inner.o)
    0x0000317c   0x00000050   Code   RO         1299    .text               c_w.l(defsig_rtmem_inner.o)
    0x000031cc   0x0000000e   Code   RO         1322    .text               c_w.l(sys_wrch.o)
    0x000031da   0x00000002   Code   RO         1323    .text               c_w.l(use_no_semi.o)
    0x000031dc   0x00000000   Code   RO         1324    .text               c_w.l(indicate_semi.o)
    0x000031dc   0x00000016   Code   RO         1327    .text               c_w.l(_rserrno.o)
    0x000031f2   0x00000002   PAD
    0x000031f4   0x00000320   Code   RO         1328    .text               c_w.l(scanf_hexfp.o)
    0x00003514   0x00000134   Code   RO         1329    .text               c_w.l(scanf_infnan.o)
    0x00003648   0x00000026   Code   RO         1340    .text               c_w.l(llshl.o)
    0x0000366e   0x0000003e   Code   RO         1279    CL$$btod_d2e        c_w.l(btod.o)
    0x000036ac   0x00000046   Code   RO         1281    CL$$btod_d2e_denorm_low  c_w.l(btod.o)
    0x000036f2   0x00000060   Code   RO         1280    CL$$btod_d2e_norm_op1  c_w.l(btod.o)
    0x00003752   0x00000338   Code   RO         1289    CL$$btod_div_common  c_w.l(btod.o)
    0x00003a8a   0x00000002   PAD
    0x00003a8c   0x00000054   Code   RO         1287    CL$$btod_e2d        c_w.l(btod.o)
    0x00003ae0   0x000000c6   Code   RO         1286    CL$$btod_e2e        c_w.l(btod.o)
    0x00003ba6   0x00000028   Code   RO         1283    CL$$btod_ediv       c_w.l(btod.o)
    0x00003bce   0x00000028   Code   RO         1285    CL$$btod_edivd      c_w.l(btod.o)
    0x00003bf6   0x00000028   Code   RO         1282    CL$$btod_emul       c_w.l(btod.o)
    0x00003c1e   0x00000028   Code   RO         1284    CL$$btod_emuld      c_w.l(btod.o)
    0x00003c46   0x00000244   Code   RO         1288    CL$$btod_mult_common  c_w.l(btod.o)
    0x00003e8a   0x0000000e   Code   RO          143    i.$Sub$$main        retarget.o
    0x00003e98   0x00000006   Code   RO          549    i.<Func1>           mbed.ar(SerialBase.o)
    0x00003e9e   0x00000002   PAD
    0x00003ea0   0x000000a0   Code   RO          316    i.SystemInit        system_LPC17xx.o
    0x00003f40   0x00000016   Code   RO          330    i._Z11mode_choosei  main.o
    0x00003f56   0x00000002   PAD
    0x00003f58   0x00000018   Code   RO          331    i._Z12mode_receivev  main.o
    0x00003f70   0x000002e4   Code   RO          332    i._Z3armv           main.o
    0x00004254   0x00000088   Code   RO          355    i._ZN4mbed10DigitalOut5writeEi  main.o
    0x000042dc   0x0000001a   Code   RO          349    i._ZN4mbed10DigitalOutC1E7PinName  main.o
    0x000042f6   0x00000012   Code   RO          345    i._ZN4mbed10DigitalOutaSEi  main.o
    0x00004308   0x00000052   Code   RO          243    i._ZN4mbed10FileHandle4flenEv  retarget.o
    0x0000435a   0x00000002   Code   RO          246    i._ZN4mbed10FileHandle4lockEv  retarget.o
    0x0000435c   0x00000002   Code   RO          248    i._ZN4mbed10FileHandle6unlockEv  retarget.o
    0x0000435e   0x00000002   PAD
    0x00004360   0x00000074   Code   RO          145    i._ZN4mbed10FileHandleD2Ev  retarget.o
    0x000043d4   0x00000006   Code   RO          550    i._ZN4mbed10SerialBase10_base_getcEv  mbed.ar(SerialBase.o)
    0x000043da   0x0000000e   Code   RO          551    i._ZN4mbed10SerialBase10_base_putcEi  mbed.ar(SerialBase.o)
    0x000043e8   0x00000030   Code   RO          553    i._ZN4mbed10SerialBase12_irq_handlerEj9SerialIrq  mbed.ar(SerialBase.o)
    0x00004418   0x00000088   Code   RO          562    i._ZN4mbed10SerialBaseC1E7PinNameS1_i  mbed.ar(SerialBase.o)
    0x000044a0   0x00000006   Code   RO          146    i._ZN4mbed26mbed_set_unbuffered_streamEPSt6__FILE  retarget.o
    0x000044a6   0x00000018   Code   RO          347    i._ZN4mbed6PwmOut6periodEf  main.o
    0x000044be   0x0000001a   Code   RO          351    i._ZN4mbed6PwmOutC1E7PinName  main.o
    0x000044d8   0x0000001e   Code   RO          343    i._ZN4mbed6PwmOutaSEf  main.o
    0x000044f6   0x00000002   PAD
    0x000044f8   0x00000024   Code   RO          512    i._ZN4mbed6SerialC1E7PinNameS1_i  mbed.ar(Serial.o)
    0x0000451c   0x0000003c   Code   RO          530    i._ZN4mbed6SerialD1Ev  mbed.ar(Serial.o)
    0x00004558   0x00000004   Code   RO          606    i._ZN4mbed6Stream4flenEv  mbed.ar(Stream.o)
    0x0000455c   0x0000003c   Code   RO          611    i._ZN4mbed6Stream4readEPvj  mbed.ar(Stream.o)
    0x00004598   0x00000004   Code   RO          612    i._ZN4mbed6Stream5closeEv  mbed.ar(Stream.o)
    0x0000459c   0x00000004   Code   RO          614    i._ZN4mbed6Stream5lseekEli  mbed.ar(Stream.o)
    0x000045a0   0x00000032   Code   RO          615    i._ZN4mbed6Stream5scanfEPKcz  mbed.ar(Stream.o)
    0x000045d2   0x0000003c   Code   RO          616    i._ZN4mbed6Stream5writeEPKvj  mbed.ar(Stream.o)
    0x0000460e   0x00000004   Code   RO          617    i._ZN4mbed6Stream6isattyEv  mbed.ar(Stream.o)
    0x00004612   0x00000032   Code   RO          618    i._ZN4mbed6Stream6printfEPKcz  mbed.ar(Stream.o)
    0x00004644   0x00000040   Code   RO          621    i._ZN4mbed6StreamC2EPKc  mbed.ar(Stream.o)
    0x00004684   0x00000020   Code   RO          623    i._ZN4mbed6StreamD2Ev  mbed.ar(Stream.o)
    0x000046a4   0x00000004   Code   RO          771    i._ZN4mbed8FileBase11getPathTypeEv  mbed.ar(FileBase.o)
    0x000046a8   0x0000006c   Code   RO          773    i._ZN4mbed8FileBase6lookupEPKcj  mbed.ar(FileBase.o)
    0x00004714   0x00000040   Code   RO          775    i._ZN4mbed8FileBaseC1EPKcNS_8PathTypeE  mbed.ar(FileBase.o)
    0x00004754   0x00000048   Code   RO          777    i._ZN4mbed8FileBaseD1Ev  mbed.ar(FileBase.o)
    0x0000479c   0x00000024   Code   RO          754    i._ZN4mbed8FileLikeC2EPKc  mbed.ar(FileLike.o)
    0x000047c0   0x00000012   Code   RO          756    i._ZN4mbed8FileLikeD2Ev  mbed.ar(FileLike.o)
    0x000047d2   0x00000018   Code   RO          438    i._ZN4mbed8FilePath10fileSystemEv  mbed.ar(FilePath.o)
    0x000047ea   0x0000001c   Code   RO          440    i._ZN4mbed8FilePath4fileEv  mbed.ar(FilePath.o)
    0x00004806   0x0000000a   Code   RO          441    i._ZN4mbed8FilePath6existsEv  mbed.ar(FilePath.o)
    0x00004810   0x00000018   Code   RO          442    i._ZN4mbed8FilePath6isFileEv  mbed.ar(FilePath.o)
    0x00004828   0x00000004   Code   RO          443    i._ZN4mbed8FilePath8fileNameEv  mbed.ar(FilePath.o)
    0x0000482c   0x00000040   Code   RO          444    i._ZN4mbed8FilePathC1EPKc  mbed.ar(FilePath.o)
    0x0000486c   0x00000002   Code   RO          563    i._ZN4mbed9donothingEv  mbed.ar(SerialBase.o)
    0x0000486e   0x00000002   Code   RO          513    i._ZThn48_N4mbed6Serial4lockEv  mbed.ar(Serial.o)
    0x00004870   0x00000006   Code   RO          514    i._ZThn48_N4mbed6Serial5_getcEv  mbed.ar(Serial.o)
    0x00004876   0x00000006   Code   RO          515    i._ZThn48_N4mbed6Serial5_putcEi  mbed.ar(Serial.o)
    0x0000487c   0x00000002   Code   RO          516    i._ZThn48_N4mbed6Serial6unlockEv  mbed.ar(Serial.o)
    0x0000487e   0x00000028   Code   RO         1318    i.__ARM_fpclassify  m_ws.l(fpclassify.o)
    0x000048a6   0x00000002   PAD
    0x000048a8   0x00000034   Code   RO           46    i.__NVIC_SetVector  cmsis_nvic.o
    0x000048dc   0x00000004   Code   RO          153    i.__aeabi_atexit    retarget.o
    0x000048e0   0x00000024   Code   RO          996    i.__aeabi_vec_ctor_nocookie_nodtor  cpprt_w.l(aeabi_vec_ctor_nocookie_nodtor.o)
    0x00004904   0x00000006   Code   RO          910    i.__cxa_pure_virtual  cpprt_w.l(pure_virt.o)
    0x0000490a   0x0000000e   Code   RO         1358    i.__mathlib_dbl_overflow  m_ws.l(dunder.o)
    0x00004918   0x00000010   Code   RO         1360    i.__mathlib_dbl_underflow  m_ws.l(dunder.o)
    0x00004928   0x00000010   Code   RO         1319    i.__mathlib_narrow  m_ws.l(narrow.o)
    0x00004938   0x00000088   Code   RO         1320    i.__mathlib_tofloat  m_ws.l(narrow.o)
    0x000049c0   0x0000009c   Code   RO          333    i.__sti___8_main_cpp_pwm1  main.o
    0x00004a5c   0x00000016   Code   RO         1348    i.__support_ldexp   m_ws.l(ldexp.o)
    0x00004a72   0x00000002   PAD
    0x00004a74   0x00000010   Code   RO          310    i.__user_setup_stackheap  sys.o
    0x00004a84   0x0000000e   Code   RO          861    i._is_digit         c_w.l(__printf_wp.o)
    0x00004a92   0x00000008   Code   RO          156    i._platform_post_stackheap_init  retarget.o
    0x00004a9a   0x00000002   PAD
    0x00004a9c   0x0000002c   Code   RO          157    i._sys_close        retarget.o
    0x00004ac8   0x00000028   Code   RO          160    i._sys_flen         retarget.o
    0x00004af0   0x00000028   Code   RO          161    i._sys_istty        retarget.o
    0x00004b18   0x000001e4   Code   RO          162    i._sys_open         retarget.o
    0x00004cfc   0x00000060   Code   RO          163    i._sys_read         retarget.o
    0x00004d5c   0x00000028   Code   RO          164    i._sys_seek         retarget.o
    0x00004d84   0x0000006c   Code   RO          165    i._sys_write        retarget.o
    0x00004df0   0x0000008c   Code   RO          706    i.core_util_critical_section_enter  mbed.ar(mbed_critical.o)
    0x00004e7c   0x00000058   Code   RO          707    i.core_util_critical_section_exit  mbed.ar(mbed_critical.o)
    0x00004ed4   0x00000012   Code   RO          713    i.error             mbed.ar(mbed_error.o)
    0x00004ee6   0x00000002   PAD
    0x00004ee8   0x0000002c   Code   RO          167    i.exit              retarget.o
    0x00004f14   0x00000018   Code   RO          874    i.fgetc             c_w.l(fgetc.o)
    0x00004f2c   0x0000001a   Code   RO          877    i.fputc             c_w.l(fputc.o)
    0x00004f46   0x00000002   PAD
    0x00004f48   0x00000058   Code   RO         1339    i.frexp             m_ws.l(frexp.o)
    0x00004fa0   0x00000054   Code   RO           66    i.gpio_dir          gpio_api.o
    0x00004ff4   0x0000003a   Code   RO           67    i.gpio_init         gpio_api.o
    0x0000502e   0x00000028   Code   RO          663    i.gpio_init_in      mbed.ar(mbed_gpio.o)
    0x00005056   0x00000002   PAD
    0x00005058   0x00000048   Code   RO          666    i.gpio_init_out     mbed.ar(mbed_gpio.o)
    0x000050a0   0x00000068   Code   RO          667    i.gpio_init_out_ex  mbed.ar(mbed_gpio.o)
    0x00005108   0x00000006   Code   RO           68    i.gpio_mode         gpio_api.o
    0x0000510e   0x00000074   Code   RO         1349    i.ldexp             m_ws.l(ldexp.o)
    0x00005182   0x00000002   PAD
    0x00005184   0x000000b0   Code   RO          334    i.main              main.o
    0x00005234   0x00000054   Code   RO          689    i.mbed_assert_internal  mbed.ar(mbed_assert.o)
    0x00005288   0x00000120   Code   RO          105    i.mbed_die          mbed_board.o
    0x000053a8   0x00000058   Code   RO          106    i.mbed_error_printf  mbed_board.o
    0x00005400   0x00000050   Code   RO          107    i.mbed_error_vfprintf  mbed_board.o
    0x00005450   0x00000004   Code   RO          717    i.mbed_interface_connected  mbed.ar(mbed_interface.o)
    0x00005454   0x00000002   Code   RO          168    i.mbed_main         retarget.o
    0x00005456   0x00000002   Code   RO          169    i.mbed_sdk_init     retarget.o
    0x00005458   0x0000005c   Code   RO          112    i.pin_function      pinmap.o
    0x000054b4   0x00000090   Code   RO          113    i.pin_mode          pinmap.o
    0x00005544   0x00000022   Code   RO          673    i.pinmap_find_peripheral  mbed.ar(mbed_pinmap_common.o)
    0x00005566   0x00000002   PAD
    0x00005568   0x0000003c   Code   RO          675    i.pinmap_merge      mbed.ar(mbed_pinmap_common.o)
    0x000055a4   0x0000005c   Code   RO          676    i.pinmap_peripheral  mbed.ar(mbed_pinmap_common.o)
    0x00005600   0x00000058   Code   RO          677    i.pinmap_pinout     mbed.ar(mbed_pinmap_common.o)
    0x00005658   0x00000100   Code   RO          128    i.pwmout_init       pwmout_api.o
    0x00005758   0x0000004c   Code   RO          129    i.pwmout_period     pwmout_api.o
    0x000057a4   0x00000050   Code   RO          136    i.pwmout_write      pwmout_api.o
    0x000057f4   0x00000010   Code   RO          729    i.semihost_connected  mbed.ar(mbed_semihost_api.o)
    0x00005804   0x0000000c   Code   RO          732    i.semihost_exit     mbed.ar(mbed_semihost_api.o)
    0x00005810   0x000001c4   Code   RO          263    i.serial_baud       serial_api.o
    0x000059d4   0x00000038   Code   RO          269    i.serial_getc       serial_api.o
    0x00005a0c   0x00000180   Code   RO          270    i.serial_init       serial_api.o
    0x00005b8c   0x0000001c   Code   RO          271    i.serial_irq_handler  serial_api.o
    0x00005ba8   0x000000d4   Code   RO          273    i.serial_irq_set_internal  serial_api.o
    0x00005c7c   0x00000068   Code   RO          275    i.serial_putc       serial_api.o
    0x00005ce4   0x0000010c   Code   RO          277    i.serial_set_flow_control  serial_api.o
    0x00005df0   0x0000004e   Code   RO          797    i.ticker_irq_handler  mbed.ar(mbed_ticker_api.o)
    0x00005e3e   0x00000002   PAD
    0x00005e40   0x00000014   Code   RO          279    i.uart0_irq         serial_api.o
    0x00005e54   0x00000014   Code   RO          280    i.uart1_irq         serial_api.o
    0x00005e68   0x00000014   Code   RO          281    i.uart2_irq         serial_api.o
    0x00005e7c   0x00000014   Code   RO          282    i.uart3_irq         serial_api.o
    0x00005e90   0x00000068   Code   RO          283    i.uart_irq          serial_api.o
    0x00005ef8   0x0000000c   Code   RO          321    i.us_ticker_clear_interrupt  us_ticker.o
    0x00005f04   0x00000010   Code   RO          322    i.us_ticker_disable_interrupt  us_ticker.o
    0x00005f14   0x00000064   Code   RO          323    i.us_ticker_init    us_ticker.o
    0x00005f78   0x0000000c   Code   RO          682    i.us_ticker_irq_handler  mbed.ar(mbed_us_ticker_api.o)
    0x00005f84   0x00000064   Code   RO          324    i.us_ticker_read    us_ticker.o
    0x00005fe8   0x00000014   Code   RO          325    i.us_ticker_set_interrupt  us_ticker.o
    0x00005ffc   0x00000024   Code   RO          748    i.wait              mbed.ar(mbed_wait_api_no_rtos.o)
    0x00006020   0x0000001c   Code   RO          749    i.wait_ms           mbed.ar(mbed_wait_api_no_rtos.o)
    0x0000603c   0x0000002c   Code   RO         1292    locale$$code        c_w.l(lc_numeric_c.o)
    0x00006068   0x0000002c   Code   RO         1331    locale$$code        c_w.l(lc_ctype_c.o)
    0x00006094   0x0000002c   Code   RO          788    t._ZN12SingletonPtrI13PlatformMutexEptEv  mbed.ar(FileBase.o)
    0x000060c0   0x00000004   Code   RO          597    t._ZN4mbed8CallbackIFvvEE13function_callIPS1_EEvPKv  mbed.ar(SerialBase.o)
    0x000060c4   0x00000002   Code   RO          601    t._ZN4mbed8CallbackIFvvEE13function_dtorIPS1_EEvPv  mbed.ar(SerialBase.o)
    0x000060c6   0x0000000a   Code   RO          599    t._ZN4mbed8CallbackIFvvEE13function_moveIPS1_EEvPvPKv  mbed.ar(SerialBase.o)
    0x000060d0   0x00000012   Code   RO          534    t._ZN4mbed8CallbackIFvvEED1Ev  mbed.ar(Serial.o)
    0x000060e2   0x00000002   PAD
    0x000060e4   0x00000062   Code   RO         1000    x$fpl$d2f           fz_ws.l(d2f.o)
    0x00006146   0x00000002   PAD
    0x00006148   0x00000150   Code   RO         1001    x$fpl$dadd          fz_ws.l(daddsub_clz.o)
    0x00006298   0x00000010   Code   RO         1353    x$fpl$dcheck1       fz_ws.l(dcheck1.o)
    0x000062a8   0x00000018   Code   RO         1162    x$fpl$dcmpinf       fz_ws.l(dcmpi.o)
    0x000062c0   0x00000078   Code   RO         1337    x$fpl$deqf          fz_ws.l(deqf.o)
    0x00006338   0x00000078   Code   RO         1006    x$fpl$dleqf         fz_ws.l(dleqf.o)
    0x000063b0   0x0000009c   Code   RO         1163    x$fpl$dnaninf       fz_ws.l(dnaninf.o)
    0x0000644c   0x0000000c   Code   RO         1164    x$fpl$dretinf       fz_ws.l(dretinf.o)
    0x00006458   0x0000006c   Code   RO         1007    x$fpl$drleqf        fz_ws.l(drleqf.o)
    0x000064c4   0x000001d4   Code   RO         1003    x$fpl$dsub          fz_ws.l(daddsub_clz.o)
    0x00006698   0x00000056   Code   RO         1008    x$fpl$f2d           fz_ws.l(f2d.o)
    0x000066ee   0x00000002   PAD
    0x000066f0   0x00000036   Code   RO         1014    x$fpl$ffix          fz_ws.l(ffix.o)
    0x00006726   0x00000002   PAD
    0x00006728   0x0000003e   Code   RO         1016    x$fpl$ffixu         fz_ws.l(ffixu.o)
    0x00006766   0x00000002   PAD
    0x00006768   0x00000026   Code   RO         1018    x$fpl$ffltu         fz_ws.l(fflt_clz.o)
    0x0000678e   0x00000002   PAD
    0x00006790   0x00000102   Code   RO         1021    x$fpl$fmul          fz_ws.l(fmul.o)
    0x00006892   0x0000008c   Code   RO         1165    x$fpl$fnaninf       fz_ws.l(fnaninf.o)
    0x0000691e   0x0000000a   Code   RO         1166    x$fpl$fretinf       fz_ws.l(fretinf.o)
    0x00006928   0x00000004   Code   RO         1167    x$fpl$printf1       fz_ws.l(printf1.o)
    0x0000692c   0x00000004   Code   RO         1168    x$fpl$printf2       fz_ws.l(printf2.o)
    0x00006930   0x00000064   Code   RO         1365    x$fpl$retnan        fz_ws.l(retnan.o)
    0x00006994   0x0000005c   Code   RO         1346    x$fpl$scalbn        fz_ws.l(scalbn.o)
    0x000069f0   0x00000004   Code   RO         1171    x$fpl$scanf1        fz_ws.l(scanf1.o)
    0x000069f4   0x00000008   Code   RO         1315    x$fpl$scanf2        fz_ws.l(scanf2.o)
    0x000069fc   0x00000030   Code   RO         1366    x$fpl$trapveneer    fz_ws.l(trapv.o)
    0x00006a2c   0x00000000   Code   RO         1172    x$fpl$usenofp       fz_ws.l(usenofp.o)
    0x00006a2c   0x000000b4   Data   RO          137    .constdata          pwmout_api.o
    0x00006ae0   0x00000017   Data   RO          218    .constdata          retarget.o
    0x00006af7   0x00000001   PAD
    0x00006af8   0x00000120   Data   RO          285    .constdata          serial_api.o
    0x00006c18   0x00000014   Data   RO          683    .constdata          mbed.ar(mbed_us_ticker_api.o)
    0x00006c2c   0x00000008   Data   RO          684    .constdata          mbed.ar(mbed_us_ticker_api.o)
    0x00006c34   0x00000028   Data   RO          854    .constdata          c_w.l(_printf_hex_int_ll_ptr.o)
    0x00006c5c   0x00000011   Data   RO          866    .constdata          c_w.l(__printf_flags_ss_wp.o)
    0x00006c6d   0x00000003   PAD
    0x00006c70   0x00000008   Data   RO         1051    .constdata          c_w.l(_printf_wctomb.o)
    0x00006c78   0x00000026   Data   RO         1201    .constdata          c_w.l(_printf_fp_hex.o)
    0x00006c9e   0x00000002   PAD
    0x00006ca0   0x00000094   Data   RO         1278    .constdata          c_w.l(bigflt0.o)
    0x00006d34   0x00000034   Data   RO          240    .constdata__ZTVN4mbed10FileHandleE  retarget.o
    0x00006d68   0x00000018   Data   RO          587    .constdata__ZTVN4mbed10SerialBaseE  mbed.ar(SerialBase.o)
    0x00006d80   0x0000006c   Data   RO          528    .constdata__ZTVN4mbed6SerialE  mbed.ar(Serial.o)
    0x00006dec   0x0000004c   Data   RO          657    .constdata__ZTVN4mbed6StreamE  mbed.ar(Stream.o)
    0x00006e38   0x00000010   Data   RO          787    .constdata__ZTVN4mbed8FileBaseE  mbed.ar(FileBase.o)
    0x00006e48   0x00000044   Data   RO          765    .constdata__ZTVN4mbed8FileLikeE  mbed.ar(FileLike.o)
    0x00006e8c   0x00000014   Data   RO          241    .constdata__ZZN12SingletonPtrI13PlatformMutexE3getEvEs  retarget.o
    0x00006ea0   0x0000004d   Data   RO          242    .constdata__ZZN12SingletonPtrI13PlatformMutexE3getEvEs_0  retarget.o
    0x00006eed   0x00000003   PAD
    0x00006ef0   0x0000000c   Data   RO          595    .constdata__ZZN4mbed8CallbackIFvvEE8generateIPS1_EEvRKT_E3ops  mbed.ar(SerialBase.o)
    0x00006efc   0x00000005   Data   RO          588    .constdata__ZZNK4mbed8CallbackIFvvEE4callEvEs  mbed.ar(SerialBase.o)
    0x00006f01   0x00000049   Data   RO          589    .constdata__ZZNK4mbed8CallbackIFvvEE4callEvEs_0  mbed.ar(SerialBase.o)
    0x00006f4a   0x00000002   PAD
    0x00006f4c   0x00000057   Data   RO           70    .conststring        gpio_api.o
    0x00006fa3   0x00000001   PAD
    0x00006fa4   0x0000006c   Data   RO          108    .conststring        mbed_board.o
    0x00007010   0x00000055   Data   RO          114    .conststring        pinmap.o
    0x00007065   0x00000003   PAD
    0x00007068   0x00000059   Data   RO          138    .conststring        pwmout_api.o
    0x000070c1   0x00000003   PAD
    0x000070c4   0x00000059   Data   RO          286    .conststring        serial_api.o
    0x0000711d   0x00000003   PAD
    0x00007120   0x00000043   Data   RO          708    .conststring        mbed.ar(mbed_critical.o)
    0x00007163   0x00000001   PAD
    0x00007164   0x00000020   Data   RO         1367    Region$$Table       anon$$obj.o
    0x00007184   0x00000008   Data   RO         1311    c$$dinf             fz_ws.l(fpconst.o)
    0x0000718c   0x0000001c   Data   RO         1291    locale$$data        c_w.l(lc_numeric_c.o)
    0x000071a8   0x00000110   Data   RO         1330    locale$$data        c_w.l(lc_ctype_c.o)
    0x000072b8   0x00000004   Data   RO          342    .init_array         main.o
    0x000072bc   0x00000000   Data   RO          906    .init_array         c_w.l(init_aeabi.o)


    Execution Region RW_IRAM1 (Base: 0x100000c8, Size: 0x00000374, Max: 0x00007f38, ABSOLUTE)

    Base Addr    Size         Type   Attr      Idx    E Section Name        Object

    0x100000c8   0x00000020   Data   RW          139    .data               pwmout_api.o
    0x100000e8   0x00000008   Data   RW          221    .data               retarget.o
    0x100000f0   0x00000010   Data   RW          287    .data               serial_api.o
    0x10000100   0x00000004   Data   RW          317    .data               system_LPC17xx.o
    0x10000104   0x00000004   Data   RW          326    .data               us_ticker.o
    0x10000108   0x00000024   Data   RW          341    .data               main.o
    0x1000012c   0x00000008   Data   RW          685    .data               mbed.ar(mbed_us_ticker_api.o)
    0x10000134   0x00000008   Data   RW          709    .data               mbed.ar(mbed_critical.o)
    0x1000013c   0x0000000c   Data   RW          785    .data               mbed.ar(FileBase.o)
    0x10000148   0x00000004   Data   RW          884    .data               c_w.l(stdio_streams.o)
    0x1000014c   0x00000004   Data   RW          885    .data               c_w.l(stdio_streams.o)
    0x10000150   0x00000004   Data   RW          886    .data               c_w.l(stdio_streams.o)
    0x10000154   0x00000004   Data   RW         1233    .data               c_w.l(heapauxa.o)
    0x10000158   0x00000040   Zero   RW          217    .bss                retarget.o
    0x10000198   0x000000e0   Zero   RW          284    .bss                serial_api.o
    0x10000278   0x000000ac   Zero   RW          340    .bss                main.o
    0x10000324   0x00000054   Zero   RW          881    .bss                c_w.l(stdio_streams.o)
    0x10000378   0x00000054   Zero   RW          882    .bss                c_w.l(stdio_streams.o)
    0x100003cc   0x00000054   Zero   RW          883    .bss                c_w.l(stdio_streams.o)
    0x10000420   0x00000004   Zero   RW         1029    .bss                c_w.l(rt_heap_descriptor.o)
    0x10000424   0x00000014   Zero   RW         1267    .bss                c_w.l(rt_locale.o)
    0x10000438   0x00000004   Zero   RW         1273    .bss                c_w.l(rt_errno_addr.o)


    Execution Region RW_IRAM2 (Base: 0x2007c000, Size: 0x00000000, Max: 0x00004000, ABSOLUTE)

    **** No section assigned to this execution region ****


    Execution Region RW_IRAM3 (Base: 0x20080000, Size: 0x00000000, Max: 0x00004000, ABSOLUTE)

    **** No section assigned to this execution region ****


    Execution Region RW_IRAM4 (Base: 0x40038000, Size: 0x00000000, Max: 0x00000800, ABSOLUTE)

    **** No section assigned to this execution region ****


==============================================================================

Image component sizes


      Code (inc. data)   RO Data    RW Data    ZI Data      Debug   Object Name

        52          6          0          0          0          0   cmsis_nvic.o
       148         30         87          0          0          0   gpio_api.o
      1378        334          4         36        172          0   main.o
       456         70        108          0          0          0   mbed_board.o
       236         48         85          0          0          0   pinmap.o
       412         72        269         32          0          0   pwmout_api.o
      1134        124        172          8         64          0   retarget.o
      1688        174        377         16        224          0   serial_api.o
        40         12        196          0          0          0   startup_LPC17xx.o
        16          6          0          0          0          0   sys.o
       160         10          0          4          0          0   system_LPC17xx.o
       248         64          0          4          0          0   us_ticker.o

    ----------------------------------------------------------------------
      5976        950       1344        100        460          0   Object Totals
         0          0         32          0          0          0   (incl. Generated)
         8          0         14          0          0          0   (incl. Padding)

    ----------------------------------------------------------------------

      Code (inc. data)   RO Data    RW Data    ZI Data      Debug   Library Member Name

        60          8          0          0          0          0   __0sscanf.o
        44          6          0          0          0          0   __2sprintf.o
         8          0          0          0          0          0   __main.o
       392          4         17          0          0          0   __printf_flags_ss_wp.o
        14          0          0          0          0          0   __printf_wp.o
         0          0          0          0          0          0   __rtentry.o
        20          0          0          0          0          0   __rtentry2.o
         6          0          0          0          0          0   __rtentry4.o
        52          8          0          0          0          0   __scatter.o
        26          0          0          0          0          0   __scatter_copy.o
        28          0          0          0          0          0   __scatter_zi.o
        28          0          0          0          0          0   _chval.o
        60          0          0          0          0          0   _mbrtowc.o
         6          0          0          0          0          0   _printf_a.o
         6          0          0          0          0          0   _printf_c.o
        44          0          0          0          0          0   _printf_char.o
        48          6          0          0          0          0   _printf_char_common.o
        36          4          0          0          0          0   _printf_char_file.o
        40          0          0          0          0          0   _printf_charcount.o
         6          0          0          0          0          0   _printf_d.o
       120         16          0          0          0          0   _printf_dec.o
         6          0          0          0          0          0   _printf_e.o
         6          0          0          0          0          0   _printf_f.o
      1050          0          0          0          0          0   _printf_fp_dec.o
       764          8         38          0          0          0   _printf_fp_hex.o
       128         16          0          0          0          0   _printf_fp_infnan.o
         6          0          0          0          0          0   _printf_g.o
       148          4         40          0          0          0   _printf_hex_int_ll_ptr.o
         6          0          0          0          0          0   _printf_i.o
       178          0          0          0          0          0   _printf_intcommon.o
        10          0          0          0          0          0   _printf_l.o
         6          0          0          0          0          0   _printf_lc.o
        10          0          0          0          0          0   _printf_ll.o
         6          0          0          0          0          0   _printf_lld.o
         6          0          0          0          0          0   _printf_lli.o
         6          0          0          0          0          0   _printf_llo.o
         6          0          0          0          0          0   _printf_llu.o
         6          0          0          0          0          0   _printf_llx.o
       124         16          0          0          0          0   _printf_longlong_dec.o
         6          0          0          0          0          0   _printf_ls.o
         6          0          0          0          0          0   _printf_n.o
         6          0          0          0          0          0   _printf_o.o
       112         10          0          0          0          0   _printf_oct_int_ll.o
         6          0          0          0          0          0   _printf_p.o
        78          0          0          0          0          0   _printf_pad.o
         0          0          0          0          0          0   _printf_percent.o
         4          0          0          0          0          0   _printf_percent_end.o
         6          0          0          0          0          0   _printf_s.o
        82          0          0          0          0          0   _printf_str.o
        36          0          0          0          0          0   _printf_truncate.o
         6          0          0          0          0          0   _printf_u.o
        44          0          0          0          0          0   _printf_wchar.o
       188          6          8          0          0          0   _printf_wctomb.o
         6          0          0          0          0          0   _printf_x.o
        22          0          0          0          0          0   _rserrno.o
       884          6          0          0          0          0   _scanf.o
       332          0          0          0          0          0   _scanf_int.o
       342          0          0          0          0          0   _scanf_longlong.o
       276          0          0          0          0          0   _scanf_mbtowc.o
       224          0          0          0          0          0   _scanf_str.o
        30          0          0          0          0          0   _scanf_wcharmap.o
       232          0          0          0          0          0   _scanf_wctomb.o
       208          0          0          0          0          0   _scanf_wstr.o
        64          0          0          0          0          0   _sgetc.o
        10          0          0          0          0          0   _sputc.o
        64          0          0          0          0          0   _wcrtomb.o
        72          0          0          0          0          0   backspace.o
       220          4        148          0          0          0   bigflt0.o
      2074        132          0          0          0          0   btod.o
        10          0          0          0          0          0   c89vfprintf.o
        10          0          0          0          0          0   defsig_exit.o
        50          0          0          0          0          0   defsig_general.o
        48         34          0          0          0          0   defsig_pvfn_inner.o
        14          0          0          0          0          0   defsig_pvfn_outer.o
        80         58          0          0          0          0   defsig_rtmem_inner.o
        14          0          0          0          0          0   defsig_rtmem_outer.o
        52         38          0          0          0          0   defsig_rtred_inner.o
        14          0          0          0          0          0   defsig_rtred_outer.o
        76          0          0          0          0          0   fclose.o
         8          0          0          0          0          0   ferror.o
       100          4          0          0          0          0   fflush.o
        24          0          0          0          0          0   fgetc.o
       570          0          0          0          0          0   filbuf.o
       470          0          0          0          0          0   flsbuf.o
        56          6          0          0          0          0   flushlinebuffered.o
       236          4          0          0          0          0   fopen.o
        26          0          0          0          0          0   fputc.o
       248          6          0          0          0          0   fseek.o
        66          0          0          0          0          0   ftell.o
        94          0          0          0          0          0   h1_alloc.o
        52          0          0          0          0          0   h1_extend.o
        78          0          0          0          0          0   h1_free.o
        14          0          0          0          0          0   h1_init.o
        80          6          0          4          0          0   heapauxa.o
         4          0          0          0          0          0   hguard.o
         0          0          0          0          0          0   indicate_semi.o
        36         10          0          0          0          0   init_aeabi.o
       138          0          0          0          0          0   init_alloc.o
       312         46          0          0          0          0   initio.o
        18          0          0          0          0          0   isspace.o
        44         10        272          0          0          0   lc_ctype_c.o
        44         10         28          0          0          0   lc_numeric_c.o
         2          0          0          0          0          0   libinit.o
        46          0          0          0          0          0   libinit2.o
         0          0          0          0          0          0   libshutdown2.o
        38          0          0          0          0          0   llshl.o
       138          0          0          0          0          0   lludiv10.o
         0          0          0          0          0          0   maybetermalloc1.o
        16          4          0          0          0          0   rt_ctype_table.o
         8          4          0          0          4          0   rt_errno_addr.o
         8          4          0          0          4          0   rt_heap_descriptor.o
         8          4          0          0         20          0   rt_locale.o
        78          0          0          0          0          0   rt_memclr_w.o
       100          0          0          0          0          0   rt_memcpy_w.o
        44          8          0          0          0          0   scanf_char.o
        24          8          0          0          0          0   scanf_char_file.o
      1188         12          0          0          0          0   scanf_fp.o
       800         14          0          0          0          0   scanf_hexfp.o
       308         16          0          0          0          0   scanf_infnan.o
        20          0          0          0          0          0   setbuf.o
        70          0          0          0          0          0   setvbuf.o
       240          6          0          0          0          0   stdio.o
         0          0          0         12        252          0   stdio_streams.o
       128          0          0          0          0          0   strcmpv7m.o
        62          0          0          0          0          0   strlen.o
       150          0          0          0          0          0   strncmp.o
        12          4          0          0          0          0   sys_exit.o
        14          0          0          0          0          0   sys_wrch.o
        72         12          0          0          0          0   ungetc.o
         2          0          0          0          0          0   use_no_semi.o
        16          0          0          0          0          0   vfscanf.o
        36          4          0          0          0          0   vsprintf.o
        36          0          0          0          0          0   aeabi_vec_ctor_nocookie_nodtor.o
        34          0          0          0          0          0   aeabi_vec_dtor_noexceptions.o
         6          0          0          0          0          0   pure_virt.o
        98          4          0          0          0          0   d2f.o
       804         16          0          0          0          0   daddsub_clz.o
        16          4          0          0          0          0   dcheck1.o
        24          0          0          0          0          0   dcmpi.o
       120          4          0          0          0          0   deqf.o
       120          4          0          0          0          0   dleqf.o
       156          4          0          0          0          0   dnaninf.o
        12          0          0          0          0          0   dretinf.o
       108          0          0          0          0          0   drleqf.o
        86          4          0          0          0          0   f2d.o
        54          4          0          0          0          0   ffix.o
        62          4          0          0          0          0   ffixu.o
        38          0          0          0          0          0   fflt_clz.o
       258          4          0          0          0          0   fmul.o
       140          4          0          0          0          0   fnaninf.o
         0          0          8          0          0          0   fpconst.o
        10          0          0          0          0          0   fretinf.o
         4          0          0          0          0          0   printf1.o
         4          0          0          0          0          0   printf2.o
       100          0          0          0          0          0   retnan.o
        92          0          0          0          0          0   scalbn.o
         4          0          0          0          0          0   scanf1.o
         8          0          0          0          0          0   scanf2.o
        48          0          0          0          0          0   trapv.o
         0          0          0          0          0          0   usenofp.o
        30          6          0          0          0          0   dunder.o
        40          0          0          0          0          0   fpclassify.o
        88          8          0          0          0          0   frexp.o
       138          0          0          0          0          0   ldexp.o
       152          4          0          0          0          0   narrow.o
       292         52         16         12          0          0   FileBase.o
        54         10         68          0          0          0   FileLike.o
       154          0          0          0          0          0   FilePath.o
       130         20        108          0          0          0   Serial.o
       228         30        114          0          0          0   SerialBase.o
       332         16         76          0          0          0   Stream.o
        84         52          0          0          0          0   mbed_assert.o
       228         98         67          8          0          0   mbed_critical.o
        18          0          0          0          0          0   mbed_error.o
       216         36          0          0          0          0   mbed_gpio.o
         4          0          0          0          0          0   mbed_interface.o
       274         78          0          0          0          0   mbed_pinmap_common.o
        28          6          0          0          0          0   mbed_semihost_api.o
        78          0          0          0          0          0   mbed_ticker_api.o
        12          6         28          8          0          0   mbed_us_ticker_api.o
        64          4          0          0          0          0   mbed_wait_api_no_rtos.o

    ----------------------------------------------------------------------
     21008       1070       1044         44        280          0   Library Totals
        52          2          8          0          0          0   (incl. Padding)

    ----------------------------------------------------------------------

      Code (inc. data)   RO Data    RW Data    ZI Data      Debug   Library Name

     15870        586        551         16        280          0   c_w.l
        76          0          0          0          0          0   cpprt_w.l
      2366         56          8          0          0          0   fz_ws.l
       448         18          0          0          0          0   m_ws.l
      2196        408        477         28          0          0   mbed.ar

    ----------------------------------------------------------------------
     21008       1070       1044         44        280          0   Library Totals

    ----------------------------------------------------------------------

==============================================================================


      Code (inc. data)   RO Data    RW Data    ZI Data      Debug   

     26984       2020       2388        144        740          0   Grand Totals
     26984       2020       2388        144        740          0   ELF Image Totals
     26984       2020       2388        144          0          0   ROM Totals

==============================================================================

    Total RO  Size (Code + RO Data)                29372 (  28.68kB)
    Total RW  Size (RW Data + ZI Data)               884 (   0.86kB)
    Total ROM Size (Code + RO Data + RW Data)      29516 (  28.82kB)

==============================================================================

